Archive member included to satisfy reference by file (symbol)

D:/7_code/DevEnv/DevEnv/GNU-tools-for-STM32/bin/../lib/gcc/arm-none-eabi/13.3.1/thumb/v7-m/nofp\libgcc.a(_arm_mulsf3.o)
                              CMakeFiles/controlSystem.dir/App/Common/cmd_packer.c.obj (__aeabi_fmul)
D:/7_code/DevEnv/DevEnv/GNU-tools-for-STM32/bin/../lib/gcc/arm-none-eabi/13.3.1/thumb/v7-m/nofp\libgcc.a(_arm_addsubsf3.o)
                              CMakeFiles/controlSystem.dir/BSP/Motor/Motor.c.obj (__aeabi_fsub)
D:/7_code/DevEnv/DevEnv/GNU-tools-for-STM32/bin/../lib/gcc/arm-none-eabi/13.3.1/thumb/v7-m/nofp\libgcc.a(_arm_muldivsf3.o)
                              CMakeFiles/controlSystem.dir/App/Common/pc_cmd_parser.c.obj (__aeabi_fdiv)
D:/7_code/DevEnv/DevEnv/GNU-tools-for-STM32/bin/../lib/gcc/arm-none-eabi/13.3.1/thumb/v7-m/nofp\libgcc.a(_arm_cmpsf2.o)
                              CMakeFiles/controlSystem.dir/BSP/Motor/Motor.c.obj (__aeabi_fcmplt)
D:/7_code/DevEnv/DevEnv/GNU-tools-for-STM32/bin/../lib/gcc/arm-none-eabi/13.3.1/thumb/v7-m/nofp\libgcc.a(_arm_fixsfsi.o)
                              CMakeFiles/controlSystem.dir/App/Common/cmd_packer.c.obj (__aeabi_f2iz)
D:/7_code/DevEnv/DevEnv/GNU-tools-for-STM32/bin/../lib/gcc/arm-none-eabi/13.3.1/thumb/v7-m/nofp\libgcc.a(_arm_fixunssfsi.o)
                              CMakeFiles/controlSystem.dir/BSP/Motor/Motor.c.obj (__aeabi_f2uiz)
D:/7_code/DevEnv/DevEnv/GNU-tools-for-STM32/bin/../lib/gcc/arm-none-eabi/13.3.1/../../../../arm-none-eabi/lib/thumb/v7-m/nofp\libg_nano.a(libc_a-exit.o)
                              D:/7_code/DevEnv/DevEnv/GNU-tools-for-STM32/bin/../lib/gcc/arm-none-eabi/13.3.1/../../../../arm-none-eabi/lib/thumb/v7-m/nofp/crt0.o (exit)
D:/7_code/DevEnv/DevEnv/GNU-tools-for-STM32/bin/../lib/gcc/arm-none-eabi/13.3.1/../../../../arm-none-eabi/lib/thumb/v7-m/nofp\libg_nano.a(libc_a-findfp.o)
                              D:/7_code/DevEnv/DevEnv/GNU-tools-for-STM32/bin/../lib/gcc/arm-none-eabi/13.3.1/../../../../arm-none-eabi/lib/thumb/v7-m/nofp\libg_nano.a(libc_a-exit.o) (__stdio_exit_handler)
D:/7_code/DevEnv/DevEnv/GNU-tools-for-STM32/bin/../lib/gcc/arm-none-eabi/13.3.1/../../../../arm-none-eabi/lib/thumb/v7-m/nofp\libg_nano.a(libc_a-fwalk.o)
                              D:/7_code/DevEnv/DevEnv/GNU-tools-for-STM32/bin/../lib/gcc/arm-none-eabi/13.3.1/../../../../arm-none-eabi/lib/thumb/v7-m/nofp\libg_nano.a(libc_a-findfp.o) (_fwalk_sglue)
D:/7_code/DevEnv/DevEnv/GNU-tools-for-STM32/bin/../lib/gcc/arm-none-eabi/13.3.1/../../../../arm-none-eabi/lib/thumb/v7-m/nofp\libg_nano.a(libc_a-stdio.o)
                              D:/7_code/DevEnv/DevEnv/GNU-tools-for-STM32/bin/../lib/gcc/arm-none-eabi/13.3.1/../../../../arm-none-eabi/lib/thumb/v7-m/nofp\libg_nano.a(libc_a-findfp.o) (__sread)
D:/7_code/DevEnv/DevEnv/GNU-tools-for-STM32/bin/../lib/gcc/arm-none-eabi/13.3.1/../../../../arm-none-eabi/lib/thumb/v7-m/nofp\libg_nano.a(libc_a-memset.o)
                              D:/7_code/DevEnv/DevEnv/GNU-tools-for-STM32/bin/../lib/gcc/arm-none-eabi/13.3.1/../../../../arm-none-eabi/lib/thumb/v7-m/nofp/crt0.o (memset)
D:/7_code/DevEnv/DevEnv/GNU-tools-for-STM32/bin/../lib/gcc/arm-none-eabi/13.3.1/../../../../arm-none-eabi/lib/thumb/v7-m/nofp\libg_nano.a(libc_a-closer.o)
                              D:/7_code/DevEnv/DevEnv/GNU-tools-for-STM32/bin/../lib/gcc/arm-none-eabi/13.3.1/../../../../arm-none-eabi/lib/thumb/v7-m/nofp\libg_nano.a(libc_a-stdio.o) (_close_r)
D:/7_code/DevEnv/DevEnv/GNU-tools-for-STM32/bin/../lib/gcc/arm-none-eabi/13.3.1/../../../../arm-none-eabi/lib/thumb/v7-m/nofp\libg_nano.a(libc_a-reent.o)
                              D:/7_code/DevEnv/DevEnv/GNU-tools-for-STM32/bin/../lib/gcc/arm-none-eabi/13.3.1/../../../../arm-none-eabi/lib/thumb/v7-m/nofp\libg_nano.a(libc_a-closer.o) (errno)
D:/7_code/DevEnv/DevEnv/GNU-tools-for-STM32/bin/../lib/gcc/arm-none-eabi/13.3.1/../../../../arm-none-eabi/lib/thumb/v7-m/nofp\libg_nano.a(libc_a-impure.o)
                              D:/7_code/DevEnv/DevEnv/GNU-tools-for-STM32/bin/../lib/gcc/arm-none-eabi/13.3.1/../../../../arm-none-eabi/lib/thumb/v7-m/nofp\libg_nano.a(libc_a-reent.o) (_impure_ptr)
D:/7_code/DevEnv/DevEnv/GNU-tools-for-STM32/bin/../lib/gcc/arm-none-eabi/13.3.1/../../../../arm-none-eabi/lib/thumb/v7-m/nofp\libg_nano.a(libc_a-lseekr.o)
                              D:/7_code/DevEnv/DevEnv/GNU-tools-for-STM32/bin/../lib/gcc/arm-none-eabi/13.3.1/../../../../arm-none-eabi/lib/thumb/v7-m/nofp\libg_nano.a(libc_a-stdio.o) (_lseek_r)
D:/7_code/DevEnv/DevEnv/GNU-tools-for-STM32/bin/../lib/gcc/arm-none-eabi/13.3.1/../../../../arm-none-eabi/lib/thumb/v7-m/nofp\libg_nano.a(libc_a-readr.o)
                              D:/7_code/DevEnv/DevEnv/GNU-tools-for-STM32/bin/../lib/gcc/arm-none-eabi/13.3.1/../../../../arm-none-eabi/lib/thumb/v7-m/nofp\libg_nano.a(libc_a-stdio.o) (_read_r)
[...]
Memory Configuration

Name             Origin             Length             Attributes
RAM              0x20000000         0x00005000         xrw
FLASH            0x08000000         0x00010000         xr
*default*        0x00000000         0xffffffff

Linker script and memory map

LOAD D:/7_code/DevEnv/DevEnv/GNU-tools-for-STM32/bin/../lib/gcc/arm-none-eabi/13.3.1/thumb/v7-m/nofp/crti.o
LOAD D:/7_code/DevEnv/DevEnv/GNU-tools-for-STM32/bin/../lib/gcc/arm-none-eabi/13.3.1/thumb/v7-m/nofp/crtbegin.o
LOAD D:/7_code/DevEnv/DevEnv/GNU-tools-for-STM32/bin/../lib/gcc/arm-none-eabi/13.3.1/../../../../arm-none-eabi/lib/thumb/v7-m/nofp/crt0.o
LOAD cmake/stm32cubemx/CMakeFiles/STM32_Drivers.dir/__/__/Core/Src/system_stm32f1xx.c.obj
LOAD cmake/stm32cubemx/CMakeFiles/STM32_Drivers.dir/__/__/Drivers/STM32F1xx_HAL_Driver/Src/stm32f1xx_hal_gpio_ex.c.obj
LOAD cmake/stm32cubemx/CMakeFiles/STM32_Drivers.dir/__/__/Drivers/STM32F1xx_HAL_Driver/Src/stm32f1xx_hal_tim.c.obj
LOAD cmake/stm32cubemx/CMakeFiles/STM32_Drivers.dir/__/__/Drivers/STM32F1xx_HAL_Driver/Src/stm32f1xx_hal_tim_ex.c.obj
LOAD cmake/stm32cubemx/CMakeFiles/STM32_Drivers.dir/__/__/Drivers/STM32F1xx_HAL_Driver/Src/stm32f1xx_hal_can.c.obj
LOAD cmake/stm32cubemx/CMakeFiles/STM32_Drivers.dir/__/__/Drivers/STM32F1xx_HAL_Driver/Src/stm32f1xx_hal.c.obj
LOAD cmake/stm32cubemx/CMakeFiles/STM32_Drivers.dir/__/__/Drivers/STM32F1xx_HAL_Driver/Src/stm32f1xx_hal_rcc.c.obj
LOAD cmake/stm32cubemx/CMakeFiles/STM32_Drivers.dir/__/__/Drivers/STM32F1xx_HAL_Driver/Src/stm32f1xx_hal_rcc_ex.c.obj
LOAD cmake/stm32cubemx/CMakeFiles/STM32_Drivers.dir/__/__/Drivers/STM32F1xx_HAL_Driver/Src/stm32f1xx_hal_gpio.c.obj
LOAD cmake/stm32cubemx/CMakeFiles/STM32_Drivers.dir/__/__/Drivers/STM32F1xx_HAL_Driver/Src/stm32f1xx_hal_dma.c.obj
LOAD cmake/stm32cubemx/CMakeFiles/STM32_Drivers.dir/__/__/Drivers/STM32F1xx_HAL_Driver/Src/stm32f1xx_hal_cortex.c.obj
LOAD cmake/stm32cubemx/CMakeFiles/STM32_Drivers.dir/__/__/Drivers/STM32F1xx_HAL_Driver/Src/stm32f1xx_hal_pwr.c.obj
LOAD cmake/stm32cubemx/CMakeFiles/STM32_Drivers.dir/__/__/Drivers/STM32F1xx_HAL_Driver/Src/stm32f1xx_hal_flash.c.obj
LOAD cmake/stm32cubemx/CMakeFiles/STM32_Drivers.dir/__/__/Drivers/STM32F1xx_HAL_Driver/Src/stm32f1xx_hal_flash_ex.c.obj
LOAD cmake/stm32cubemx/CMakeFiles/STM32_Drivers.dir/__/__/Drivers/STM32F1xx_HAL_Driver/Src/stm32f1xx_hal_exti.c.obj
LOAD cmake/stm32cubemx/CMakeFiles/STM32_Drivers.dir/__/__/Drivers/STM32F1xx_HAL_Driver/Src/stm32f1xx_hal_uart.c.obj
LOAD cmake/stm32cubemx/CMakeFiles/FreeRTOS.dir/__/__/Middlewares/Third_Party/FreeRTOS/Source/croutine.c.obj
LOAD cmake/stm32cubemx/CMakeFiles/FreeRTOS.dir/__/__/Middlewares/Third_Party/FreeRTOS/Source/event_groups.c.obj
LOAD cmake/stm32cubemx/CMakeFiles/FreeRTOS.dir/__/__/Middlewares/Third_Party/FreeRTOS/Source/list.c.obj
LOAD cmake/stm32cubemx/CMakeFiles/FreeRTOS.dir/__/__/Middlewares/Third_Party/FreeRTOS/Source/queue.c.obj
LOAD cmake/stm32cubemx/CMakeFiles/FreeRTOS.dir/__/__/Middlewares/Third_Party/FreeRTOS/Source/stream_buffer.c.obj
LOAD cmake/stm32cubemx/CMakeFiles/FreeRTOS.dir/__/__/Middlewares/Third_Party/FreeRTOS/Source/tasks.c.obj
LOAD cmake/stm32cubemx/CMakeFiles/FreeRTOS.dir/__/__/Middlewares/Third_Party/FreeRTOS/Source/timers.c.obj
LOAD cmake/stm32cubemx/CMakeFiles/FreeRTOS.dir/__/__/Middlewares/Third_Party/FreeRTOS/Source/CMSIS_RTOS_V2/cmsis_os2.c.obj
LOAD cmake/stm32cubemx/CMakeFiles/FreeRTOS.dir/__/__/Middlewares/Third_Party/FreeRTOS/Source/portable/MemMang/heap_4.c.obj
LOAD cmake/stm32cubemx/CMakeFiles/FreeRTOS.dir/__/__/Middlewares/Third_Party/FreeRTOS/Source/portable/GCC/ARM_CM3/port.c.obj
LOAD CMakeFiles/controlSystem.dir/Core/Src/main.c.obj
LOAD CMakeFiles/controlSystem.dir/Core/Src/gpio.c.obj
LOAD CMakeFiles/controlSystem.dir/Core/Src/freertos.c.obj
LOAD CMakeFiles/controlSystem.dir/Core/Src/can.c.obj
LOAD CMakeFiles/controlSystem.dir/Core/Src/usart.c.obj
LOAD CMakeFiles/controlSystem.dir/Core/Src/stm32f1xx_it.c.obj
LOAD CMakeFiles/controlSystem.dir/Core/Src/stm32f1xx_hal_msp.c.obj
LOAD CMakeFiles/controlSystem.dir/Core/Src/stm32f1xx_hal_timebase_tim.c.obj
LOAD CMakeFiles/controlSystem.dir/Core/Src/sysmem.c.obj
LOAD CMakeFiles/controlSystem.dir/Core/Src/syscalls.c.obj
LOAD CMakeFiles/controlSystem.dir/startup_stm32f103xb.s.obj
LOAD CMakeFiles/controlSystem.dir/App/Common/pc_cmd_parser.c.obj
LOAD CMakeFiles/controlSystem.dir/App/Common/cmd_packer.c.obj
LOAD CMakeFiles/controlSystem.dir/App/LYZ/LYZ.c.obj
LOAD CMakeFiles/controlSystem.dir/App/Tasks/DataTask.c.obj
LOAD CMakeFiles/controlSystem.dir/App/Tasks/CmdCtrlTask.c.obj
LOAD CMakeFiles/controlSystem.dir/BSP/Motor/Motor.c.obj
LOAD CMakeFiles/controlSystem.dir/BSP/Motor/SS_R485.c.obj
LOAD CMakeFiles/controlSystem.dir/BSP/PWM/servo_pwm.c.obj
LOAD CMakeFiles/controlSystem.dir/BSP/Motor/AQMD245NS.c.obj
LOAD D:/7_code/DevEnv/DevEnv/GNU-tools-for-STM32/bin/../lib/gcc/arm-none-eabi/13.3.1/../../../../arm-none-eabi/lib/thumb/v7-m/nofp\libm.a
START GROUP
LOAD D:/7_code/DevEnv/DevEnv/GNU-tools-for-STM32/bin/../lib/gcc/arm-none-eabi/13.3.1/thumb/v7-m/nofp\libgcc.a
LOAD D:/7_code/DevEnv/DevEnv/GNU-tools-for-STM32/bin/../lib/gcc/arm-none-eabi/13.3.1/../../../../arm-none-eabi/lib/thumb/v7-m/nofp\libg_nano.a
LOAD D:/7_code/DevEnv/DevEnv/GNU-tools-for-STM32/bin/../lib/gcc/arm-none-eabi/13.3.1/../../../../arm-none-eabi/lib/thumb/v7-m/nofp\libc_nano.a
END GROUP
START GROUP
LOAD D:/7_code/DevEnv/DevEnv/GNU-tools-for-STM32/bin/../lib/gcc/arm-none-eabi/13.3.1/thumb/v7-m/nofp\libgcc.a
LOAD D:/7_code/DevEnv/DevEnv/GNU-tools-for-STM32/bin/../lib/gcc/arm-none-eabi/13.3.1/../../../../arm-none-eabi/lib/thumb/v7-m/nofp\libc_nano.a
END GROUP
LOAD D:/7_code/DevEnv/DevEnv/GNU-tools-for-STM32/bin/../lib/gcc/arm-none-eabi/13.3.1/thumb/v7-m/nofp/crtend.o
LOAD D:/7_code/DevEnv/DevEnv/GNU-tools-for-STM32/bin/../lib/gcc/arm-none-eabi/13.3.1/thumb/v7-m/nofp/crtn.o
                0x20005000                        _estack = (ORIGIN (RAM) + LENGTH (RAM))
                0x00000200                        _Min_Heap_Size = 0x200
                0x00000400                        _Min_Stack_Size = 0x400

.isr_vector     0x08000000      0x10c
                0x08000000                        . = ALIGN (0x4)
 *(.isr_vector)
 .isr_vector    0x08000000      0x10c CMakeFiles/controlSystem.dir/startup_stm32f103xb.s.obj
                0x08000000                g_pfnVectors
                0x0800010c                        . = ALIGN (0x4)

.text           0x08000110     0x97e8
                0x08000110                        . = ALIGN (0x4)
 *(.text)
 .text          0x08000110       0x40 D:/7_code/DevEnv/DevEnv/GNU-tools-for-STM32/bin/../lib/gcc/arm-none-eabi/13.3.1/thumb/v7-m/nofp/crtbegin.o
 .text          0x08000150      0x21c D:/7_code/DevEnv/DevEnv/GNU-tools-for-STM32/bin/../lib/gcc/arm-none-eabi/13.3.1/thumb/v7-m/nofp\libgcc.a(_arm_addsubsf3.o)
                0x08000150                __aeabi_frsub
                0x08000158                __subsf3
                0x08000158                __aeabi_fsub
                0x0800015c                __aeabi_fadd
                0x0800015c                __addsf3
                0x080002bc                __aeabi_ui2f
                0x080002bc                __floatunsisf
                0x080002c4                __aeabi_i2f
                0x080002c4                __floatsisf
                0x080002e0                __aeabi_ul2f
                0x080002e0                __floatundisf
                0x080002f0                __aeabi_l2f
                0x080002f0                __floatdisf
 .text          0x0800036c      0x2a0 D:/7_code/DevEnv/DevEnv/GNU-tools-for-STM32/bin/../lib/gcc/arm-none-eabi/13.3.1/thumb/v7-m/nofp\libgcc.a(_arm_muldivsf3.o)
                0x0800036c                __mulsf3
                0x0800036c                __aeabi_fmul
                0x080004d4                __aeabi_fdiv
                0x080004d4                __divsf3
 .text          0x0800060c       0xec D:/7_code/DevEnv/DevEnv/GNU-tools-for-STM32/bin/../lib/gcc/arm-none-eabi/13.3.1/thumb/v7-m/nofp\libgcc.a(_arm_cmpsf2.o)
                0x0800060c                __gesf2
                0x0800060c                __gtsf2
                0x08000614                __lesf2
                0x08000614                __ltsf2
                0x0800061c                __nesf2
                0x0800061c                __eqsf2
                0x0800061c                __cmpsf2
                0x0800067c                __aeabi_cfrcmple
                0x08000684                __aeabi_cfcmpeq
                0x08000684                __aeabi_cfcmple
                0x08000694                __aeabi_fcmpeq
                0x080006a8                __aeabi_fcmplt
                0x080006bc                __aeabi_fcmple
                0x080006d0                __aeabi_fcmpge
                0x080006e4                __aeabi_fcmpgt
 .text          0x080006f8       0x4c D:/7_code/DevEnv/DevEnv/GNU-tools-for-STM32/bin/../lib/gcc/arm-none-eabi/13.3.1/thumb/v7-m/nofp\libgcc.a(_arm_fixsfsi.o)
                0x080006f8                __aeabi_f2iz
                0x080006f8                __fixsfsi
 .text          0x08000744       0x40 D:/7_code/DevEnv/DevEnv/GNU-tools-for-STM32/bin/../lib/gcc/arm-none-eabi/13.3.1/thumb/v7-m/nofp\libgcc.a(_arm_fixunssfsi.o)
                0x08000744                __fixunssfsi
                0x08000744                __aeabi_f2uiz
 *(.text*)
 .text.SystemInit
                0x08000784        0xc cmake/stm32cubemx/CMakeFiles/STM32_Drivers.dir/__/__/Core/Src/system_stm32f1xx.c.obj
                0x08000784                SystemInit
 .text.HAL_TIM_Base_Init
                0x08000790       0x9e cmake/stm32cubemx/CMakeFiles/STM32_Drivers.dir/__/__/Drivers/STM32F1xx_HAL_Driver/Src/stm32f1xx_hal_tim.c.obj
                0x08000790                HAL_TIM_Base_Init
 .text.HAL_TIM_Base_MspInit
                0x0800082e       0x12 cmake/stm32cubemx/CMakeFiles/STM32_Drivers.dir/__/__/Drivers/STM32F1xx_HAL_Driver/Src/stm32f1xx_hal_tim.c.obj
                0x0800082e                HAL_TIM_Base_MspInit
 .text.HAL_TIM_Base_Start_IT
                0x08000840       0xa4 cmake/stm32cubemx/CMakeFiles/STM32_Drivers.dir/__/__/Drivers/STM32F1xx_HAL_Driver/Src/stm32f1xx_hal_tim.c.obj
                0x08000840                HAL_TIM_Base_Start_IT
 .text.HAL_TIM_PWM_Init
                0x080008e4       0x9e cmake/stm32cubemx/CMakeFiles/STM32_Drivers.dir/__/__/Drivers/STM32F1xx_HAL_Driver/Src/stm32f1xx_hal_tim.c.obj
                0x080008e4                HAL_TIM_PWM_Init
 *fill*         0x08000982        0x2 
 .text.HAL_TIM_PWM_Start
                0x08000984      0x144 cmake/stm32cubemx/CMakeFiles/STM32_Drivers.dir/__/__/Drivers/STM32F1xx_HAL_Driver/Src/stm32f1xx_hal_tim.c.obj
                0x08000984                HAL_TIM_PWM_Start
 .text.HAL_TIM_IRQHandler
                0x08000ac8      0x1e0 cmake/stm32cubemx/CMakeFiles/STM32_Drivers.dir/__/__/Drivers/STM32F1xx_HAL_Driver/Src/stm32f1xx_hal_tim.c.obj
                0x08000ac8                HAL_TIM_IRQHandler
 .text.HAL_TIM_PWM_ConfigChannel
                0x08000ca8      0x184 cmake/stm32cubemx/CMakeFiles/STM32_Drivers.dir/__/__/Drivers/STM32F1xx_HAL_Driver/Src/stm32f1xx_hal_tim.c.obj
                0x08000ca8                HAL_TIM_PWM_ConfigChannel
 .text.HAL_TIM_OC_DelayElapsedCallback
                0x08000e2c       0x12 cmake/stm32cubemx/CMakeFiles/STM32_Drivers.dir/__/__/Drivers/STM32F1xx_HAL_Driver/Src/stm32f1xx_hal_tim.c.obj
                0x08000e2c                HAL_TIM_OC_DelayElapsedCallback
 .text.HAL_TIM_IC_CaptureCallback
                0x08000e3e       0x12 cmake/stm32cubemx/CMakeFiles/STM32_Drivers.dir/__/__/Drivers/STM32F1xx_HAL_Driver/Src/stm32f1xx_hal_tim.c.obj
                0x08000e3e                HAL_TIM_IC_CaptureCallback
 .text.HAL_TIM_PWM_PulseFinishedCallback
                0x08000e50       0x12 cmake/stm32cubemx/CMakeFiles/STM32_Drivers.dir/__/__/Drivers/STM32F1xx_HAL_Driver/Src/stm32f1xx_hal_tim.c.obj
                0x08000e50                HAL_TIM_PWM_PulseFinishedCallback
 .text.HAL_TIM_TriggerCallback
                0x08000e62       0x12 cmake/stm32cubemx/CMakeFiles/STM32_Drivers.dir/__/__/Drivers/STM32F1xx_HAL_Driver/Src/stm32f1xx_hal_tim.c.obj
                0x08000e62                HAL_TIM_TriggerCallback
 .text.TIM_Base_SetConfig
                0x08000e74       0xdc cmake/stm32cubemx/CMakeFiles/STM32_Drivers.dir/__/__/Drivers/STM32F1xx_HAL_Driver/Src/stm32f1xx_hal_tim.c.obj
                0x08000e74                TIM_Base_SetConfig
 .text.TIM_OC1_SetConfig
                0x08000f50       0xcc cmake/stm32cubemx/CMakeFiles/STM32_Drivers.dir/__/__/Drivers/STM32F1xx_HAL_Driver/Src/stm32f1xx_hal_tim.c.obj
 .text.TIM_OC2_SetConfig
                0x0800101c       0xd4 cmake/stm32cubemx/CMakeFiles/STM32_Drivers.dir/__/__/Drivers/STM32F1xx_HAL_Driver/Src/stm32f1xx_hal_tim.c.obj
                0x0800101c                TIM_OC2_SetConfig
 .text.TIM_OC3_SetConfig
                0x080010f0       0xd4 cmake/stm32cubemx/CMakeFiles/STM32_Drivers.dir/__/__/Drivers/STM32F1xx_HAL_Driver/Src/stm32f1xx_hal_tim.c.obj
 .text.TIM_OC4_SetConfig
                0x080011c4       0x9c cmake/stm32cubemx/CMakeFiles/STM32_Drivers.dir/__/__/Drivers/STM32F1xx_HAL_Driver/Src/stm32f1xx_hal_tim.c.obj
 .text.TIM_CCxChannelCmd
                0x08001260       0x48 cmake/stm32cubemx/CMakeFiles/STM32_Drivers.dir/__/__/Drivers/STM32F1xx_HAL_Driver/Src/stm32f1xx_hal_tim.c.obj
                0x08001260                TIM_CCxChannelCmd
 .text.HAL_TIMEx_CommutCallback
                0x080012a8       0x12 cmake/stm32cubemx/CMakeFiles/STM32_Drivers.dir/__/__/Drivers/STM32F1xx_HAL_Driver/Src/stm32f1xx_hal_tim_ex.c.obj
                0x080012a8                HAL_TIMEx_CommutCallback
 .text.HAL_TIMEx_BreakCallback
                0x080012ba       0x12 cmake/stm32cubemx/CMakeFiles/STM32_Drivers.dir/__/__/Drivers/STM32F1xx_HAL_Driver/Src/stm32f1xx_hal_tim_ex.c.obj
                0x080012ba                HAL_TIMEx_BreakCallback
 .text.HAL_CAN_Init
                0x080012cc      0x1f6 cmake/stm32cubemx/CMakeFiles/STM32_Drivers.dir/__/__/Drivers/STM32F1xx_HAL_Driver/Src/stm32f1xx_hal_can.c.obj
                0x080012cc                HAL_CAN_Init
 .text.HAL_CAN_IRQHandler
                0x080014c2      0x36e cmake/stm32cubemx/CMakeFiles/STM32_Drivers.dir/__/__/Drivers/STM32F1xx_HAL_Driver/Src/stm32f1xx_hal_can.c.obj
                0x080014c2                HAL_CAN_IRQHandler
 .text.HAL_CAN_TxMailbox0CompleteCallback
                0x08001830       0x12 cmake/stm32cubemx/CMakeFiles/STM32_Drivers.dir/__/__/Drivers/STM32F1xx_HAL_Driver/Src/stm32f1xx_hal_can.c.obj
                0x08001830                HAL_CAN_TxMailbox0CompleteCallback
 .text.HAL_CAN_TxMailbox1CompleteCallback
                0x08001842       0x12 cmake/stm32cubemx/CMakeFiles/STM32_Drivers.dir/__/__/Drivers/STM32F1xx_HAL_Driver/Src/stm32f1xx_hal_can.c.obj
                0x08001842                HAL_CAN_TxMailbox1CompleteCallback
 .text.HAL_CAN_TxMailbox2CompleteCallback
                0x08001854       0x12 cmake/stm32cubemx/CMakeFiles/STM32_Drivers.dir/__/__/Drivers/STM32F1xx_HAL_Driver/Src/stm32f1xx_hal_can.c.obj
                0x08001854                HAL_CAN_TxMailbox2CompleteCallback
 .text.HAL_CAN_TxMailbox0AbortCallback
                0x08001866       0x12 cmake/stm32cubemx/CMakeFiles/STM32_Drivers.dir/__/__/Drivers/STM32F1xx_HAL_Driver/Src/stm32f1xx_hal_can.c.obj
                0x08001866                HAL_CAN_TxMailbox0AbortCallback
 .text.HAL_CAN_TxMailbox1AbortCallback
                0x08001878       0x12 cmake/stm32cubemx/CMakeFiles/STM32_Drivers.dir/__/__/Drivers/STM32F1xx_HAL_Driver/Src/stm32f1xx_hal_can.c.obj
                0x08001878                HAL_CAN_TxMailbox1AbortCallback
 .text.HAL_CAN_TxMailbox2AbortCallback
                0x0800188a       0x12 cmake/stm32cubemx/CMakeFiles/STM32_Drivers.dir/__/__/Drivers/STM32F1xx_HAL_Driver/Src/stm32f1xx_hal_can.c.obj
                0x0800188a                HAL_CAN_TxMailbox2AbortCallback
 .text.HAL_CAN_RxFifo0MsgPendingCallback
                0x0800189c       0x12 cmake/stm32cubemx/CMakeFiles/STM32_Drivers.dir/__/__/Drivers/STM32F1xx_HAL_Driver/Src/stm32f1xx_hal_can.c.obj
                0x0800189c                HAL_CAN_RxFifo0MsgPendingCallback
 .text.HAL_CAN_RxFifo0FullCallback
                0x080018ae       0x12 cmake/stm32cubemx/CMakeFiles/STM32_Drivers.dir/__/__/Drivers/STM32F1xx_HAL_Driver/Src/stm32f1xx_hal_can.c.obj
                0x080018ae                HAL_CAN_RxFifo0FullCallback
 .text.HAL_CAN_RxFifo1MsgPendingCallback
                0x080018c0       0x12 cmake/stm32cubemx/CMakeFiles/STM32_Drivers.dir/__/__/Drivers/STM32F1xx_HAL_Driver/Src/stm32f1xx_hal_can.c.obj
                0x080018c0                HAL_CAN_RxFifo1MsgPendingCallback
 .text.HAL_CAN_RxFifo1FullCallback
                0x080018d2       0x12 cmake/stm32cubemx/CMakeFiles/STM32_Drivers.dir/__/__/Drivers/STM32F1xx_HAL_Driver/Src/stm32f1xx_hal_can.c.obj
                0x080018d2                HAL_CAN_RxFifo1FullCallback
 .text.HAL_CAN_SleepCallback
                0x080018e4       0x12 cmake/stm32cubemx/CMakeFiles/STM32_Drivers.dir/__/__/Drivers/STM32F1xx_HAL_Driver/Src/stm32f1xx_hal_can.c.obj
                0x080018e4                HAL_CAN_SleepCallback
 .text.HAL_CAN_WakeUpFromRxMsgCallback
                0x080018f6       0x12 cmake/stm32cubemx/CMakeFiles/STM32_Drivers.dir/__/__/Drivers/STM32F1xx_HAL_Driver/Src/stm32f1xx_hal_can.c.obj
                0x080018f6                HAL_CAN_WakeUpFromRxMsgCallback
 .text.HAL_CAN_ErrorCallback
                0x08001908       0x12 cmake/stm32cubemx/CMakeFiles/STM32_Drivers.dir/__/__/Drivers/STM32F1xx_HAL_Driver/Src/stm32f1xx_hal_can.c.obj
                0x08001908                HAL_CAN_ErrorCallback
 *fill*         0x0800191a        0x2 
 .text.HAL_Init
                0x0800191c       0x2c cmake/stm32cubemx/CMakeFiles/STM32_Drivers.dir/__/__/Drivers/STM32F1xx_HAL_Driver/Src/stm32f1xx_hal.c.obj
                0x0800191c                HAL_Init
 .text.HAL_IncTick
                0x08001948       0x24 cmake/stm32cubemx/CMakeFiles/STM32_Drivers.dir/__/__/Drivers/STM32F1xx_HAL_Driver/Src/stm32f1xx_hal.c.obj
                0x08001948                HAL_IncTick
 .text.HAL_GetTick
                0x0800196c       0x14 cmake/stm32cubemx/CMakeFiles/STM32_Drivers.dir/__/__/Drivers/STM32F1xx_HAL_Driver/Src/stm32f1xx_hal.c.obj
                0x0800196c                HAL_GetTick
 .text.HAL_RCC_OscConfig
                0x08001980      0x504 cmake/stm32cubemx/CMakeFiles/STM32_Drivers.dir/__/__/Drivers/STM32F1xx_HAL_Driver/Src/stm32f1xx_hal_rcc.c.obj
                0x08001980                HAL_RCC_OscConfig
 .text.HAL_RCC_ClockConfig
                0x08001e84      0x1d4 cmake/stm32cubemx/CMakeFiles/STM32_Drivers.dir/__/__/Drivers/STM32F1xx_HAL_Driver/Src/stm32f1xx_hal_rcc.c.obj
                0x08001e84                HAL_RCC_ClockConfig
 .text.HAL_RCC_GetSysClockFreq
                0x08002058       0xa8 cmake/stm32cubemx/CMakeFiles/STM32_Drivers.dir/__/__/Drivers/STM32F1xx_HAL_Driver/Src/stm32f1xx_hal_rcc.c.obj
                0x08002058                HAL_RCC_GetSysClockFreq
 .text.HAL_RCC_GetHCLKFreq
                0x08002100       0x14 cmake/stm32cubemx/CMakeFiles/STM32_Drivers.dir/__/__/Drivers/STM32F1xx_HAL_Driver/Src/stm32f1xx_hal_rcc.c.obj
                0x08002100                HAL_RCC_GetHCLKFreq
 .text.HAL_RCC_GetPCLK1Freq
                0x08002114       0x28 cmake/stm32cubemx/CMakeFiles/STM32_Drivers.dir/__/__/Drivers/STM32F1xx_HAL_Driver/Src/stm32f1xx_hal_rcc.c.obj
                0x08002114                HAL_RCC_GetPCLK1Freq
 .text.HAL_RCC_GetPCLK2Freq
                0x0800213c       0x28 cmake/stm32cubemx/CMakeFiles/STM32_Drivers.dir/__/__/Drivers/STM32F1xx_HAL_Driver/Src/stm32f1xx_hal_rcc.c.obj
                0x0800213c                HAL_RCC_GetPCLK2Freq
 .text.HAL_RCC_GetClockConfig
                0x08002164       0x60 cmake/stm32cubemx/CMakeFiles/STM32_Drivers.dir/__/__/Drivers/STM32F1xx_HAL_Driver/Src/stm32f1xx_hal_rcc.c.obj
                0x08002164                HAL_RCC_GetClockConfig
 .text.RCC_Delay
                0x080021c4       0x3c cmake/stm32cubemx/CMakeFiles/STM32_Drivers.dir/__/__/Drivers/STM32F1xx_HAL_Driver/Src/stm32f1xx_hal_rcc.c.obj
 .text.HAL_GPIO_Init
                0x08002200      0x308 cmake/stm32cubemx/CMakeFiles/STM32_Drivers.dir/__/__/Drivers/STM32F1xx_HAL_Driver/Src/stm32f1xx_hal_gpio.c.obj
                0x08002200                HAL_GPIO_Init
 .text.HAL_DMA_Abort
                0x08002508       0x76 cmake/stm32cubemx/CMakeFiles/STM32_Drivers.dir/__/__/Drivers/STM32F1xx_HAL_Driver/Src/stm32f1xx_hal_dma.c.obj
                0x08002508                HAL_DMA_Abort
 *fill*         0x0800257e        0x2 
 .text.HAL_DMA_Abort_IT
                0x08002580       0xf0 cmake/stm32cubemx/CMakeFiles/STM32_Drivers.dir/__/__/Drivers/STM32F1xx_HAL_Driver/Src/stm32f1xx_hal_dma.c.obj
                0x08002580                HAL_DMA_Abort_IT
 .text.__NVIC_SetPriorityGrouping
                0x08002670       0x48 cmake/stm32cubemx/CMakeFiles/STM32_Drivers.dir/__/__/Drivers/STM32F1xx_HAL_Driver/Src/stm32f1xx_hal_cortex.c.obj
 .text.__NVIC_GetPriorityGrouping
                0x080026b8       0x1c cmake/stm32cubemx/CMakeFiles/STM32_Drivers.dir/__/__/Drivers/STM32F1xx_HAL_Driver/Src/stm32f1xx_hal_cortex.c.obj
 .text.__NVIC_EnableIRQ
                0x080026d4       0x38 cmake/stm32cubemx/CMakeFiles/STM32_Drivers.dir/__/__/Drivers/STM32F1xx_HAL_Driver/Src/stm32f1xx_hal_cortex.c.obj
 .text.__NVIC_SetPriority
                0x0800270c       0x54 cmake/stm32cubemx/CMakeFiles/STM32_Drivers.dir/__/__/Drivers/STM32F1xx_HAL_Driver/Src/stm32f1xx_hal_cortex.c.obj
 .text.NVIC_EncodePriority
                0x08002760       0x64 cmake/stm32cubemx/CMakeFiles/STM32_Drivers.dir/__/__/Drivers/STM32F1xx_HAL_Driver/Src/stm32f1xx_hal_cortex.c.obj
 .text.HAL_NVIC_SetPriorityGrouping
                0x080027c4       0x16 cmake/stm32cubemx/CMakeFiles/STM32_Drivers.dir/__/__/Drivers/STM32F1xx_HAL_Driver/Src/stm32f1xx_hal_cortex.c.obj
                0x080027c4                HAL_NVIC_SetPriorityGrouping
 .text.HAL_NVIC_SetPriority
                0x080027da       0x38 cmake/stm32cubemx/CMakeFiles/STM32_Drivers.dir/__/__/Drivers/STM32F1xx_HAL_Driver/Src/stm32f1xx_hal_cortex.c.obj
                0x080027da                HAL_NVIC_SetPriority
 .text.HAL_NVIC_EnableIRQ
                0x08002812       0x1c cmake/stm32cubemx/CMakeFiles/STM32_Drivers.dir/__/__/Drivers/STM32F1xx_HAL_Driver/Src/stm32f1xx_hal_cortex.c.obj
                0x08002812                HAL_NVIC_EnableIRQ
 .text.HAL_UART_Init
                0x0800282e       0xa0 cmake/stm32cubemx/CMakeFiles/STM32_Drivers.dir/__/__/Drivers/STM32F1xx_HAL_Driver/Src/stm32f1xx_hal_uart.c.obj
                0x0800282e                HAL_UART_Init
 .text.HAL_UART_Transmit
                0x080028ce      0x116 cmake/stm32cubemx/CMakeFiles/STM32_Drivers.dir/__/__/Drivers/STM32F1xx_HAL_Driver/Src/stm32f1xx_hal_uart.c.obj
                0x080028ce                HAL_UART_Transmit
 .text.HAL_UART_Receive_IT
                0x080029e4       0x4a cmake/stm32cubemx/CMakeFiles/STM32_Drivers.dir/__/__/Drivers/STM32F1xx_HAL_Driver/Src/stm32f1xx_hal_uart.c.obj
                0x080029e4                HAL_UART_Receive_IT
 *fill*         0x08002a2e        0x2 
 .text.HAL_UART_IRQHandler
                0x08002a30      0x524 cmake/stm32cubemx/CMakeFiles/STM32_Drivers.dir/__/__/Drivers/STM32F1xx_HAL_Driver/Src/stm32f1xx_hal_uart.c.obj
                0x08002a30                HAL_UART_IRQHandler
 .text.HAL_UART_TxCpltCallback
                0x08002f54       0x12 cmake/stm32cubemx/CMakeFiles/STM32_Drivers.dir/__/__/Drivers/STM32F1xx_HAL_Driver/Src/stm32f1xx_hal_uart.c.obj
                0x08002f54                HAL_UART_TxCpltCallback
 .text.HAL_UARTEx_RxEventCallback
                0x08002f66       0x16 cmake/stm32cubemx/CMakeFiles/STM32_Drivers.dir/__/__/Drivers/STM32F1xx_HAL_Driver/Src/stm32f1xx_hal_uart.c.obj
                0x08002f66                HAL_UARTEx_RxEventCallback
 .text.UART_WaitOnFlagUntilTimeout
                0x08002f7c       0xb2 cmake/stm32cubemx/CMakeFiles/STM32_Drivers.dir/__/__/Drivers/STM32F1xx_HAL_Driver/Src/stm32f1xx_hal_uart.c.obj
 .text.UART_Start_Receive_IT
                0x0800302e       0x72 cmake/stm32cubemx/CMakeFiles/STM32_Drivers.dir/__/__/Drivers/STM32F1xx_HAL_Driver/Src/stm32f1xx_hal_uart.c.obj
                0x0800302e                UART_Start_Receive_IT
 .text.UART_EndRxTransfer
                0x080030a0       0xc4 cmake/stm32cubemx/CMakeFiles/STM32_Drivers.dir/__/__/Drivers/STM32F1xx_HAL_Driver/Src/stm32f1xx_hal_uart.c.obj
 .text.UART_DMAAbortOnError
                0x08003164       0x28 cmake/stm32cubemx/CMakeFiles/STM32_Drivers.dir/__/__/Drivers/STM32F1xx_HAL_Driver/Src/stm32f1xx_hal_uart.c.obj
 .text.UART_Transmit_IT
                0x0800318c       0x9e cmake/stm32cubemx/CMakeFiles/STM32_Drivers.dir/__/__/Drivers/STM32F1xx_HAL_Driver/Src/stm32f1xx_hal_uart.c.obj
 .text.UART_EndTransmit_IT
                0x0800322a       0x30 cmake/stm32cubemx/CMakeFiles/STM32_Drivers.dir/__/__/Drivers/STM32F1xx_HAL_Driver/Src/stm32f1xx_hal_uart.c.obj
 .text.UART_Receive_IT
                0x0800325a      0x17c cmake/stm32cubemx/CMakeFiles/STM32_Drivers.dir/__/__/Drivers/STM32F1xx_HAL_Driver/Src/stm32f1xx_hal_uart.c.obj
 *fill*         0x080033d6        0x2 
 .text.UART_SetConfig
                0x080033d8      0x11c cmake/stm32cubemx/CMakeFiles/STM32_Drivers.dir/__/__/Drivers/STM32F1xx_HAL_Driver/Src/stm32f1xx_hal_uart.c.obj
 .text.vListInitialise
                0x080034f4       0x3e cmake/stm32cubemx/CMakeFiles/FreeRTOS.dir/__/__/Middlewares/Third_Party/FreeRTOS/Source/list.c.obj
                0x080034f4                vListInitialise
 .text.vListInitialiseItem
                0x08003532       0x18 cmake/stm32cubemx/CMakeFiles/FreeRTOS.dir/__/__/Middlewares/Third_Party/FreeRTOS/Source/list.c.obj
                0x08003532                vListInitialiseItem
 .text.vListInsertEnd
                0x0800354a       0x46 cmake/stm32cubemx/CMakeFiles/FreeRTOS.dir/__/__/Middlewares/Third_Party/FreeRTOS/Source/list.c.obj
                0x0800354a                vListInsertEnd
 .text.vListInsert
                0x08003590       0x70 cmake/stm32cubemx/CMakeFiles/FreeRTOS.dir/__/__/Middlewares/Third_Party/FreeRTOS/Source/list.c.obj
                0x08003590                vListInsert
 .text.uxListRemove
                0x08003600       0x52 cmake/stm32cubemx/CMakeFiles/FreeRTOS.dir/__/__/Middlewares/Third_Party/FreeRTOS/Source/list.c.obj
                0x08003600                uxListRemove
 *fill*         0x08003652        0x2 
 .text.xQueueGenericReset
                0x08003654       0xd4 cmake/stm32cubemx/CMakeFiles/FreeRTOS.dir/__/__/Middlewares/Third_Party/FreeRTOS/Source/queue.c.obj
                0x08003654                xQueueGenericReset
 .text.xQueueGenericCreateStatic
                0x08003728       0xfa cmake/stm32cubemx/CMakeFiles/FreeRTOS.dir/__/__/Middlewares/Third_Party/FreeRTOS/Source/queue.c.obj
                0x08003728                xQueueGenericCreateStatic
 .text.xQueueGenericCreate
                0x08003822       0x76 cmake/stm32cubemx/CMakeFiles/FreeRTOS.dir/__/__/Middlewares/Third_Party/FreeRTOS/Source/queue.c.obj
                0x08003822                xQueueGenericCreate
 .text.prvInitialiseNewQueue
                0x08003898       0x46 cmake/stm32cubemx/CMakeFiles/FreeRTOS.dir/__/__/Middlewares/Third_Party/FreeRTOS/Source/queue.c.obj
 .text.prvInitialiseMutex
                0x080038de       0x34 cmake/stm32cubemx/CMakeFiles/FreeRTOS.dir/__/__/Middlewares/Third_Party/FreeRTOS/Source/queue.c.obj
 .text.xQueueCreateMutex
                0x08003912       0x30 cmake/stm32cubemx/CMakeFiles/FreeRTOS.dir/__/__/Middlewares/Third_Party/FreeRTOS/Source/queue.c.obj
                0x08003912                xQueueCreateMutex
 .text.xQueueCreateMutexStatic
                0x08003942       0x36 cmake/stm32cubemx/CMakeFiles/FreeRTOS.dir/__/__/Middlewares/Third_Party/FreeRTOS/Source/queue.c.obj
                0x08003942                xQueueCreateMutexStatic
 .text.xQueueGiveMutexRecursive
                0x08003978       0x6a cmake/stm32cubemx/CMakeFiles/FreeRTOS.dir/__/__/Middlewares/Third_Party/FreeRTOS/Source/queue.c.obj
                0x08003978                xQueueGiveMutexRecursive
 .text.xQueueTakeMutexRecursive
                0x080039e2       0x6e cmake/stm32cubemx/CMakeFiles/FreeRTOS.dir/__/__/Middlewares/Third_Party/FreeRTOS/Source/queue.c.obj
                0x080039e2                xQueueTakeMutexRecursive
 .text.xQueueGenericSend
                0x08003a50      0x204 cmake/stm32cubemx/CMakeFiles/FreeRTOS.dir/__/__/Middlewares/Third_Party/FreeRTOS/Source/queue.c.obj
                0x08003a50                xQueueGenericSend
 .text.xQueueGenericSendFromISR
                0x08003c54      0x13c cmake/stm32cubemx/CMakeFiles/FreeRTOS.dir/__/__/Middlewares/Third_Party/FreeRTOS/Source/queue.c.obj
                0x08003c54                xQueueGenericSendFromISR
 .text.xQueueReceive
                0x08003d90      0x1c4 cmake/stm32cubemx/CMakeFiles/FreeRTOS.dir/__/__/Middlewares/Third_Party/FreeRTOS/Source/queue.c.obj
                0x08003d90                xQueueReceive
 .text.xQueueSemaphoreTake
                0x08003f54      0x220 cmake/stm32cubemx/CMakeFiles/FreeRTOS.dir/__/__/Middlewares/Third_Party/FreeRTOS/Source/queue.c.obj
                0x08003f54                xQueueSemaphoreTake
 .text.xQueueReceiveFromISR
                0x08004174      0x104 cmake/stm32cubemx/CMakeFiles/FreeRTOS.dir/__/__/Middlewares/Third_Party/FreeRTOS/Source/queue.c.obj
                0x08004174                xQueueReceiveFromISR
 .text.prvGetDisinheritPriorityAfterTimeout
                0x08004278       0x2e cmake/stm32cubemx/CMakeFiles/FreeRTOS.dir/__/__/Middlewares/Third_Party/FreeRTOS/Source/queue.c.obj
 .text.prvCopyDataToQueue
                0x080042a6       0xd4 cmake/stm32cubemx/CMakeFiles/FreeRTOS.dir/__/__/Middlewares/Third_Party/FreeRTOS/Source/queue.c.obj
 .text.prvCopyDataFromQueue
                0x0800437a       0x4c cmake/stm32cubemx/CMakeFiles/FreeRTOS.dir/__/__/Middlewares/Third_Party/FreeRTOS/Source/queue.c.obj
 .text.prvUnlockQueue
                0x080043c6       0xa4 cmake/stm32cubemx/CMakeFiles/FreeRTOS.dir/__/__/Middlewares/Third_Party/FreeRTOS/Source/queue.c.obj
 .text.prvIsQueueEmpty
                0x0800446a       0x2c cmake/stm32cubemx/CMakeFiles/FreeRTOS.dir/__/__/Middlewares/Third_Party/FreeRTOS/Source/queue.c.obj
 .text.prvIsQueueFull
                0x08004496       0x30 cmake/stm32cubemx/CMakeFiles/FreeRTOS.dir/__/__/Middlewares/Third_Party/FreeRTOS/Source/queue.c.obj
 *fill*         0x080044c6        0x2 
 .text.vQueueAddToRegistry
                0x080044c8       0x50 cmake/stm32cubemx/CMakeFiles/FreeRTOS.dir/__/__/Middlewares/Third_Party/FreeRTOS/Source/queue.c.obj
                0x080044c8                vQueueAddToRegistry
 .text.vQueueWaitForMessageRestricted
                0x08004518       0x68 cmake/stm32cubemx/CMakeFiles/FreeRTOS.dir/__/__/Middlewares/Third_Party/FreeRTOS/Source/queue.c.obj
                0x08004518                vQueueWaitForMessageRestricted
 .text.xTaskCreateStatic
                0x08004580       0xc0 cmake/stm32cubemx/CMakeFiles/FreeRTOS.dir/__/__/Middlewares/Third_Party/FreeRTOS/Source/tasks.c.obj
                0x08004580                xTaskCreateStatic
 .text.xTaskCreate
                0x08004640       0x8a cmake/stm32cubemx/CMakeFiles/FreeRTOS.dir/__/__/Middlewares/Third_Party/FreeRTOS/Source/tasks.c.obj
                0x08004640                xTaskCreate
 .text.prvInitialiseNewTask
                0x080046ca      0x120 cmake/stm32cubemx/CMakeFiles/FreeRTOS.dir/__/__/Middlewares/Third_Party/FreeRTOS/Source/tasks.c.obj
 *fill*         0x080047ea        0x2 
 .text.prvAddNewTaskToReadyList
                0x080047ec       0xe0 cmake/stm32cubemx/CMakeFiles/FreeRTOS.dir/__/__/Middlewares/Third_Party/FreeRTOS/Source/tasks.c.obj
 .text.vTaskDelay
                0x080048cc       0x6c cmake/stm32cubemx/CMakeFiles/FreeRTOS.dir/__/__/Middlewares/Third_Party/FreeRTOS/Source/tasks.c.obj
                0x080048cc                vTaskDelay
 .text.vTaskStartScheduler
                0x08004938       0xd0 cmake/stm32cubemx/CMakeFiles/FreeRTOS.dir/__/__/Middlewares/Third_Party/FreeRTOS/Source/tasks.c.obj
                0x08004938                vTaskStartScheduler
 .text.vTaskSuspendAll
                0x08004a08       0x1c cmake/stm32cubemx/CMakeFiles/FreeRTOS.dir/__/__/Middlewares/Third_Party/FreeRTOS/Source/tasks.c.obj
                0x08004a08                vTaskSuspendAll
 .text.xTaskResumeAll
                0x08004a24      0x13c cmake/stm32cubemx/CMakeFiles/FreeRTOS.dir/__/__/Middlewares/Third_Party/FreeRTOS/Source/tasks.c.obj
                0x08004a24                xTaskResumeAll
 .text.xTaskGetTickCount
                0x08004b60       0x1c cmake/stm32cubemx/CMakeFiles/FreeRTOS.dir/__/__/Middlewares/Third_Party/FreeRTOS/Source/tasks.c.obj
                0x08004b60                xTaskGetTickCount
 .text.xTaskGetTickCountFromISR
                0x08004b7c       0x24 cmake/stm32cubemx/CMakeFiles/FreeRTOS.dir/__/__/Middlewares/Third_Party/FreeRTOS/Source/tasks.c.obj
                0x08004b7c                xTaskGetTickCountFromISR
 .text.xTaskIncrementTick
                0x08004ba0      0x174 cmake/stm32cubemx/CMakeFiles/FreeRTOS.dir/__/__/Middlewares/Third_Party/FreeRTOS/Source/tasks.c.obj
                0x08004ba0                xTaskIncrementTick
 .text.vTaskSwitchContext
                0x08004d14       0xbc cmake/stm32cubemx/CMakeFiles/FreeRTOS.dir/__/__/Middlewares/Third_Party/FreeRTOS/Source/tasks.c.obj
                0x08004d14                vTaskSwitchContext
 .text.vTaskPlaceOnEventList
                0x08004dd0       0x4c cmake/stm32cubemx/CMakeFiles/FreeRTOS.dir/__/__/Middlewares/Third_Party/FreeRTOS/Source/tasks.c.obj
                0x08004dd0                vTaskPlaceOnEventList
 .text.vTaskPlaceOnEventListRestricted
                0x08004e1c       0x58 cmake/stm32cubemx/CMakeFiles/FreeRTOS.dir/__/__/Middlewares/Third_Party/FreeRTOS/Source/tasks.c.obj
                0x08004e1c                vTaskPlaceOnEventListRestricted
 .text.xTaskRemoveFromEventList
                0x08004e74       0xc8 cmake/stm32cubemx/CMakeFiles/FreeRTOS.dir/__/__/Middlewares/Third_Party/FreeRTOS/Source/tasks.c.obj
                0x08004e74                xTaskRemoveFromEventList
 .text.vTaskInternalSetTimeOutState
                0x08004f3c       0x2c cmake/stm32cubemx/CMakeFiles/FreeRTOS.dir/__/__/Middlewares/Third_Party/FreeRTOS/Source/tasks.c.obj
                0x08004f3c                vTaskInternalSetTimeOutState
 .text.xTaskCheckForTimeOut
                0x08004f68       0xc8 cmake/stm32cubemx/CMakeFiles/FreeRTOS.dir/__/__/Middlewares/Third_Party/FreeRTOS/Source/tasks.c.obj
                0x08004f68                xTaskCheckForTimeOut
 .text.vTaskMissedYield
                0x08005030       0x18 cmake/stm32cubemx/CMakeFiles/FreeRTOS.dir/__/__/Middlewares/Third_Party/FreeRTOS/Source/tasks.c.obj
                0x08005030                vTaskMissedYield
 .text.prvIdleTask
                0x08005048       0x30 cmake/stm32cubemx/CMakeFiles/FreeRTOS.dir/__/__/Middlewares/Third_Party/FreeRTOS/Source/tasks.c.obj
 .text.prvInitialiseTaskLists
                0x08005078       0x80 cmake/stm32cubemx/CMakeFiles/FreeRTOS.dir/__/__/Middlewares/Third_Party/FreeRTOS/Source/tasks.c.obj
 .text.prvCheckTasksWaitingTermination
                0x080050f8       0x5c cmake/stm32cubemx/CMakeFiles/FreeRTOS.dir/__/__/Middlewares/Third_Party/FreeRTOS/Source/tasks.c.obj
 .text.prvDeleteTCB
                0x08005154       0x60 cmake/stm32cubemx/CMakeFiles/FreeRTOS.dir/__/__/Middlewares/Third_Party/FreeRTOS/Source/tasks.c.obj
 .text.prvResetNextTaskUnblockTime
                0x080051b4       0x40 cmake/stm32cubemx/CMakeFiles/FreeRTOS.dir/__/__/Middlewares/Third_Party/FreeRTOS/Source/tasks.c.obj
 .text.xTaskGetCurrentTaskHandle
                0x080051f4       0x1c cmake/stm32cubemx/CMakeFiles/FreeRTOS.dir/__/__/Middlewares/Third_Party/FreeRTOS/Source/tasks.c.obj
                0x080051f4                xTaskGetCurrentTaskHandle
 .text.xTaskGetSchedulerState
                0x08005210       0x3c cmake/stm32cubemx/CMakeFiles/FreeRTOS.dir/__/__/Middlewares/Third_Party/FreeRTOS/Source/tasks.c.obj
                0x08005210                xTaskGetSchedulerState
 .text.xTaskPriorityInherit
                0x0800524c       0xd0 cmake/stm32cubemx/CMakeFiles/FreeRTOS.dir/__/__/Middlewares/Third_Party/FreeRTOS/Source/tasks.c.obj
                0x0800524c                xTaskPriorityInherit
 .text.xTaskPriorityDisinherit
                0x0800531c       0xe0 cmake/stm32cubemx/CMakeFiles/FreeRTOS.dir/__/__/Middlewares/Third_Party/FreeRTOS/Source/tasks.c.obj
                0x0800531c                xTaskPriorityDisinherit
 .text.vTaskPriorityDisinheritAfterTimeout
                0x080053fc      0x108 cmake/stm32cubemx/CMakeFiles/FreeRTOS.dir/__/__/Middlewares/Third_Party/FreeRTOS/Source/tasks.c.obj
                0x080053fc                vTaskPriorityDisinheritAfterTimeout
 .text.pvTaskIncrementMutexHeldCount
                0x08005504       0x28 cmake/stm32cubemx/CMakeFiles/FreeRTOS.dir/__/__/Middlewares/Third_Party/FreeRTOS/Source/tasks.c.obj
                0x08005504                pvTaskIncrementMutexHeldCount
 .text.prvAddCurrentTaskToDelayedList
                0x0800552c       0xa8 cmake/stm32cubemx/CMakeFiles/FreeRTOS.dir/__/__/Middlewares/Third_Party/FreeRTOS/Source/tasks.c.obj
 .text.xTimerCreateTimerTask
                0x080055d4       0x94 cmake/stm32cubemx/CMakeFiles/FreeRTOS.dir/__/__/Middlewares/Third_Party/FreeRTOS/Source/timers.c.obj
                0x080055d4                xTimerCreateTimerTask
 .text.xTimerGenericCommand
                0x08005668       0x9c cmake/stm32cubemx/CMakeFiles/FreeRTOS.dir/__/__/Middlewares/Third_Party/FreeRTOS/Source/timers.c.obj
                0x08005668                xTimerGenericCommand
 .text.prvProcessExpiredTimer
                0x08005704       0x9c cmake/stm32cubemx/CMakeFiles/FreeRTOS.dir/__/__/Middlewares/Third_Party/FreeRTOS/Source/timers.c.obj
 .text.prvTimerTask
                0x080057a0       0x26 cmake/stm32cubemx/CMakeFiles/FreeRTOS.dir/__/__/Middlewares/Third_Party/FreeRTOS/Source/timers.c.obj
 *fill*         0x080057c6        0x2 
 .text.prvProcessTimerOrBlockTask
                0x080057c8       0x9c cmake/stm32cubemx/CMakeFiles/FreeRTOS.dir/__/__/Middlewares/Third_Party/FreeRTOS/Source/timers.c.obj
 .text.prvGetNextExpireTime
                0x08005864       0x44 cmake/stm32cubemx/CMakeFiles/FreeRTOS.dir/__/__/Middlewares/Third_Party/FreeRTOS/Source/timers.c.obj
 .text.prvSampleTimeNow
                0x080058a8       0x40 cmake/stm32cubemx/CMakeFiles/FreeRTOS.dir/__/__/Middlewares/Third_Party/FreeRTOS/Source/timers.c.obj
 .text.prvInsertTimerInActiveList
                0x080058e8       0x84 cmake/stm32cubemx/CMakeFiles/FreeRTOS.dir/__/__/Middlewares/Third_Party/FreeRTOS/Source/timers.c.obj
 .text.prvProcessReceivedCommands
                0x0800596c      0x1cc cmake/stm32cubemx/CMakeFiles/FreeRTOS.dir/__/__/Middlewares/Third_Party/FreeRTOS/Source/timers.c.obj
 .text.prvSwitchTimerLists
                0x08005b38       0xcc cmake/stm32cubemx/CMakeFiles/FreeRTOS.dir/__/__/Middlewares/Third_Party/FreeRTOS/Source/timers.c.obj
 .text.prvCheckForValidListAndQueue
                0x08005c04       0x80 cmake/stm32cubemx/CMakeFiles/FreeRTOS.dir/__/__/Middlewares/Third_Party/FreeRTOS/Source/timers.c.obj
 .text.__NVIC_SetPriority
                0x08005c84       0x54 cmake/stm32cubemx/CMakeFiles/FreeRTOS.dir/__/__/Middlewares/Third_Party/FreeRTOS/Source/CMSIS_RTOS_V2/cmsis_os2.c.obj
 .text.SysTick_Handler
                0x08005cd8       0x20 cmake/stm32cubemx/CMakeFiles/FreeRTOS.dir/__/__/Middlewares/Third_Party/FreeRTOS/Source/CMSIS_RTOS_V2/cmsis_os2.c.obj
                0x08005cd8                SysTick_Handler
 .text.SVC_Setup
                0x08005cf8       0x12 cmake/stm32cubemx/CMakeFiles/FreeRTOS.dir/__/__/Middlewares/Third_Party/FreeRTOS/Source/CMSIS_RTOS_V2/cmsis_os2.c.obj
 *fill*         0x08005d0a        0x2 
 .text.osKernelInitialize
                0x08005d0c       0x44 cmake/stm32cubemx/CMakeFiles/FreeRTOS.dir/__/__/Middlewares/Third_Party/FreeRTOS/Source/CMSIS_RTOS_V2/cmsis_os2.c.obj
                0x08005d0c                osKernelInitialize
 .text.osKernelStart
                0x08005d50       0x4c cmake/stm32cubemx/CMakeFiles/FreeRTOS.dir/__/__/Middlewares/Third_Party/FreeRTOS/Source/CMSIS_RTOS_V2/cmsis_os2.c.obj
                0x08005d50                osKernelStart
 .text.osKernelGetTickCount
                0x08005d9c       0x2a cmake/stm32cubemx/CMakeFiles/FreeRTOS.dir/__/__/Middlewares/Third_Party/FreeRTOS/Source/CMSIS_RTOS_V2/cmsis_os2.c.obj
                0x08005d9c                osKernelGetTickCount
 .text.osThreadNew
                0x08005dc6      0x124 cmake/stm32cubemx/CMakeFiles/FreeRTOS.dir/__/__/Middlewares/Third_Party/FreeRTOS/Source/CMSIS_RTOS_V2/cmsis_os2.c.obj
                0x08005dc6                osThreadNew
 .text.osDelay  0x08005eea       0x36 cmake/stm32cubemx/CMakeFiles/FreeRTOS.dir/__/__/Middlewares/Third_Party/FreeRTOS/Source/CMSIS_RTOS_V2/cmsis_os2.c.obj
                0x08005eea                osDelay
 .text.osMutexNew
                0x08005f20      0x10c cmake/stm32cubemx/CMakeFiles/FreeRTOS.dir/__/__/Middlewares/Third_Party/FreeRTOS/Source/CMSIS_RTOS_V2/cmsis_os2.c.obj
                0x08005f20                osMutexNew
 .text.osMutexAcquire
                0x0800602c       0x96 cmake/stm32cubemx/CMakeFiles/FreeRTOS.dir/__/__/Middlewares/Third_Party/FreeRTOS/Source/CMSIS_RTOS_V2/cmsis_os2.c.obj
                0x0800602c                osMutexAcquire
 .text.osMutexRelease
                0x080060c2       0x7a cmake/stm32cubemx/CMakeFiles/FreeRTOS.dir/__/__/Middlewares/Third_Party/FreeRTOS/Source/CMSIS_RTOS_V2/cmsis_os2.c.obj
                0x080060c2                osMutexRelease
 .text.osMessageQueueNew
                0x0800613c       0xe6 cmake/stm32cubemx/CMakeFiles/FreeRTOS.dir/__/__/Middlewares/Third_Party/FreeRTOS/Source/CMSIS_RTOS_V2/cmsis_os2.c.obj
                0x0800613c                osMessageQueueNew
 *fill*         0x08006222        0x2 
 .text.osMessageQueuePut
                0x08006224       0xc0 cmake/stm32cubemx/CMakeFiles/FreeRTOS.dir/__/__/Middlewares/Third_Party/FreeRTOS/Source/CMSIS_RTOS_V2/cmsis_os2.c.obj
                0x08006224                osMessageQueuePut
 .text.osMessageQueueGet
                0x080062e4       0xbc cmake/stm32cubemx/CMakeFiles/FreeRTOS.dir/__/__/Middlewares/Third_Party/FreeRTOS/Source/CMSIS_RTOS_V2/cmsis_os2.c.obj
                0x080062e4                osMessageQueueGet
 .text.vApplicationGetIdleTaskMemory
                0x080063a0       0x30 cmake/stm32cubemx/CMakeFiles/FreeRTOS.dir/__/__/Middlewares/Third_Party/FreeRTOS/Source/CMSIS_RTOS_V2/cmsis_os2.c.obj
                0x080063a0                vApplicationGetIdleTaskMemory
 .text.vApplicationGetTimerTaskMemory
                0x080063d0       0x34 cmake/stm32cubemx/CMakeFiles/FreeRTOS.dir/__/__/Middlewares/Third_Party/FreeRTOS/Source/CMSIS_RTOS_V2/cmsis_os2.c.obj
                0x080063d0                vApplicationGetTimerTaskMemory
 .text.pvPortMalloc
                0x08006404      0x19c cmake/stm32cubemx/CMakeFiles/FreeRTOS.dir/__/__/Middlewares/Third_Party/FreeRTOS/Source/portable/MemMang/heap_4.c.obj
                0x08006404                pvPortMalloc
 .text.vPortFree
                0x080065a0       0xc8 cmake/stm32cubemx/CMakeFiles/FreeRTOS.dir/__/__/Middlewares/Third_Party/FreeRTOS/Source/portable/MemMang/heap_4.c.obj
                0x080065a0                vPortFree
 .text.prvHeapInit
                0x08006668       0xc4 cmake/stm32cubemx/CMakeFiles/FreeRTOS.dir/__/__/Middlewares/Third_Party/FreeRTOS/Source/portable/MemMang/heap_4.c.obj
 .text.prvInsertBlockIntoFreeList
                0x0800672c       0xb0 cmake/stm32cubemx/CMakeFiles/FreeRTOS.dir/__/__/Middlewares/Third_Party/FreeRTOS/Source/portable/MemMang/heap_4.c.obj
 .text.pxPortInitialiseStack
                0x080067dc       0x58 cmake/stm32cubemx/CMakeFiles/FreeRTOS.dir/__/__/Middlewares/Third_Party/FreeRTOS/Source/portable/GCC/ARM_CM3/port.c.obj
                0x080067dc                pxPortInitialiseStack
 .text.prvTaskExitError
                0x08006834       0x58 cmake/stm32cubemx/CMakeFiles/FreeRTOS.dir/__/__/Middlewares/Third_Party/FreeRTOS/Source/portable/GCC/ARM_CM3/port.c.obj
 *fill*         0x0800688c        0x4 
 .text.SVC_Handler
                0x08006890       0x28 cmake/stm32cubemx/CMakeFiles/FreeRTOS.dir/__/__/Middlewares/Third_Party/FreeRTOS/Source/portable/GCC/ARM_CM3/port.c.obj
                0x08006890                SVC_Handler
 .text.prvPortStartFirstTask
                0x080068b8       0x20 cmake/stm32cubemx/CMakeFiles/FreeRTOS.dir/__/__/Middlewares/Third_Party/FreeRTOS/Source/portable/GCC/ARM_CM3/port.c.obj
 .text.xPortStartScheduler
                0x080068d8       0xe4 cmake/stm32cubemx/CMakeFiles/FreeRTOS.dir/__/__/Middlewares/Third_Party/FreeRTOS/Source/portable/GCC/ARM_CM3/port.c.obj
                0x080068d8                xPortStartScheduler
 .text.vPortEnterCritical
                0x080069bc       0x60 cmake/stm32cubemx/CMakeFiles/FreeRTOS.dir/__/__/Middlewares/Third_Party/FreeRTOS/Source/portable/GCC/ARM_CM3/port.c.obj
                0x080069bc                vPortEnterCritical
 .text.vPortExitCritical
                0x08006a1c       0x54 cmake/stm32cubemx/CMakeFiles/FreeRTOS.dir/__/__/Middlewares/Third_Party/FreeRTOS/Source/portable/GCC/ARM_CM3/port.c.obj
                0x08006a1c                vPortExitCritical
 .text.PendSV_Handler
                0x08006a70       0x48 cmake/stm32cubemx/CMakeFiles/FreeRTOS.dir/__/__/Middlewares/Third_Party/FreeRTOS/Source/portable/GCC/ARM_CM3/port.c.obj
                0x08006a70                PendSV_Handler
 .text.xPortSysTickHandler
                0x08006ab8       0x44 cmake/stm32cubemx/CMakeFiles/FreeRTOS.dir/__/__/Middlewares/Third_Party/FreeRTOS/Source/portable/GCC/ARM_CM3/port.c.obj
                0x08006ab8                xPortSysTickHandler
 .text.vPortSetupTimerInterrupt
                0x08006afc       0x44 cmake/stm32cubemx/CMakeFiles/FreeRTOS.dir/__/__/Middlewares/Third_Party/FreeRTOS/Source/portable/GCC/ARM_CM3/port.c.obj
                0x08006afc                vPortSetupTimerInterrupt
 .text.vPortValidateInterruptPriority
                0x08006b40       0x80 cmake/stm32cubemx/CMakeFiles/FreeRTOS.dir/__/__/Middlewares/Third_Party/FreeRTOS/Source/portable/GCC/ARM_CM3/port.c.obj
                0x08006b40                vPortValidateInterruptPriority
 .text.main     0x08006bc0       0x38 CMakeFiles/controlSystem.dir/Core/Src/main.c.obj
                0x08006bc0                main
 .text.SystemClock_Config
                0x08006bf8       0x8a CMakeFiles/controlSystem.dir/Core/Src/main.c.obj
                0x08006bf8                SystemClock_Config
 *fill*         0x08006c82        0x2 
 .text.HAL_TIM_PeriodElapsedCallback
                0x08006c84       0x24 CMakeFiles/controlSystem.dir/Core/Src/main.c.obj
                0x08006c84                HAL_TIM_PeriodElapsedCallback
 .text.Error_Handler
                0x08006ca8        0xc CMakeFiles/controlSystem.dir/Core/Src/main.c.obj
                0x08006ca8                Error_Handler
 .text.MX_GPIO_Init
                0x08006cb4       0x44 CMakeFiles/controlSystem.dir/Core/Src/gpio.c.obj
                0x08006cb4                MX_GPIO_Init
 .text.MX_FREERTOS_Init
                0x08006cf8       0xa8 CMakeFiles/controlSystem.dir/Core/Src/freertos.c.obj
                0x08006cf8                MX_FREERTOS_Init
 .text.MX_CAN_Init
                0x08006da0       0x6c CMakeFiles/controlSystem.dir/Core/Src/can.c.obj
                0x08006da0                MX_CAN_Init
 .text.HAL_CAN_MspInit
                0x08006e0c       0xd8 CMakeFiles/controlSystem.dir/Core/Src/can.c.obj
                0x08006e0c                HAL_CAN_MspInit
 .text.uart1_bus_lock
                0x08006ee4       0x38 CMakeFiles/controlSystem.dir/Core/Src/usart.c.obj
                0x08006ee4                uart1_bus_lock
 .text.uart1_bus_unlock
                0x08006f1c       0x20 CMakeFiles/controlSystem.dir/Core/Src/usart.c.obj
                0x08006f1c                uart1_bus_unlock
 .text.uart1_ring_write
                0x08006f3c       0x60 CMakeFiles/controlSystem.dir/Core/Src/usart.c.obj
 .text.uart1_ring_available
                0x08006f9c       0x44 CMakeFiles/controlSystem.dir/Core/Src/usart.c.obj
 .text.uart1_ring_peek
                0x08006fe0       0x30 CMakeFiles/controlSystem.dir/Core/Src/usart.c.obj
 .text.uart1_ring_pop
                0x08007010       0x30 CMakeFiles/controlSystem.dir/Core/Src/usart.c.obj
 .text.MX_USART1_UART_Init
                0x08007040       0x54 CMakeFiles/controlSystem.dir/Core/Src/usart.c.obj
                0x08007040                MX_USART1_UART_Init
 .text.MX_USART2_UART_Init
                0x08007094       0x54 CMakeFiles/controlSystem.dir/Core/Src/usart.c.obj
                0x08007094                MX_USART2_UART_Init
 .text.HAL_UART_MspInit
                0x080070e8      0x128 CMakeFiles/controlSystem.dir/Core/Src/usart.c.obj
                0x080070e8                HAL_UART_MspInit
 .text.Usart_SendString
                0x08007210       0x58 CMakeFiles/controlSystem.dir/Core/Src/usart.c.obj
                0x08007210                Usart_SendString
 .text.UART1_Receive_Start
                0x08007268       0x1c CMakeFiles/controlSystem.dir/Core/Src/usart.c.obj
                0x08007268                UART1_Receive_Start
 .text.UART2_Receive_Start
                0x08007284       0x1c CMakeFiles/controlSystem.dir/Core/Src/usart.c.obj
                0x08007284                UART2_Receive_Start
 .text.HAL_UART_RxCpltCallback
                0x080072a0       0x80 CMakeFiles/controlSystem.dir/Core/Src/usart.c.obj
                0x080072a0                HAL_UART_RxCpltCallback
 .text.HAL_UART_ErrorCallback
                0x08007320       0x54 CMakeFiles/controlSystem.dir/Core/Src/usart.c.obj
                0x08007320                HAL_UART_ErrorCallback
 .text.platform_uart_send
                0x08007374       0x58 CMakeFiles/controlSystem.dir/Core/Src/usart.c.obj
                0x08007374                platform_uart_send
 .text.UART1_RX_Init
                0x080073cc       0x30 CMakeFiles/controlSystem.dir/Core/Src/usart.c.obj
                0x080073cc                UART1_RX_Init
 .text.uart1_stash_reporting
                0x080073fc       0x7c CMakeFiles/controlSystem.dir/Core/Src/usart.c.obj
 .text.platform_uart_recv
                0x08007478       0x8a CMakeFiles/controlSystem.dir/Core/Src/usart.c.obj
                0x08007478                platform_uart_recv
 *fill*         0x08007502        0x2 
 .text.uart1_get_reporting_frame
                0x08007504       0x64 CMakeFiles/controlSystem.dir/Core/Src/usart.c.obj
                0x08007504                uart1_get_reporting_frame
 .text.uart1_drain_stale_bytes
                0x08007568       0x24 CMakeFiles/controlSystem.dir/Core/Src/usart.c.obj
                0x08007568                uart1_drain_stale_bytes
 .text.NMI_Handler
                0x0800758c        0x8 CMakeFiles/controlSystem.dir/Core/Src/stm32f1xx_it.c.obj
                0x0800758c                NMI_Handler
 .text.HardFault_Handler
                0x08007594        0x8 CMakeFiles/controlSystem.dir/Core/Src/stm32f1xx_it.c.obj
                0x08007594                HardFault_Handler
 .text.MemManage_Handler
                0x0800759c        0x8 CMakeFiles/controlSystem.dir/Core/Src/stm32f1xx_it.c.obj
                0x0800759c                MemManage_Handler
 .text.BusFault_Handler
                0x080075a4        0x8 CMakeFiles/controlSystem.dir/Core/Src/stm32f1xx_it.c.obj
                0x080075a4                BusFault_Handler
 .text.UsageFault_Handler
                0x080075ac        0x8 CMakeFiles/controlSystem.dir/Core/Src/stm32f1xx_it.c.obj
                0x080075ac                UsageFault_Handler
 .text.DebugMon_Handler
                0x080075b4        0xc CMakeFiles/controlSystem.dir/Core/Src/stm32f1xx_it.c.obj
                0x080075b4                DebugMon_Handler
 .text.USB_HP_CAN1_TX_IRQHandler
                0x080075c0       0x14 CMakeFiles/controlSystem.dir/Core/Src/stm32f1xx_it.c.obj
                0x080075c0                USB_HP_CAN1_TX_IRQHandler
 .text.USB_LP_CAN1_RX0_IRQHandler
                0x080075d4       0x14 CMakeFiles/controlSystem.dir/Core/Src/stm32f1xx_it.c.obj
                0x080075d4                USB_LP_CAN1_RX0_IRQHandler
 .text.CAN1_RX1_IRQHandler
                0x080075e8       0x14 CMakeFiles/controlSystem.dir/Core/Src/stm32f1xx_it.c.obj
                0x080075e8                CAN1_RX1_IRQHandler
 .text.CAN1_SCE_IRQHandler
                0x080075fc       0x14 CMakeFiles/controlSystem.dir/Core/Src/stm32f1xx_it.c.obj
                0x080075fc                CAN1_SCE_IRQHandler
 .text.TIM4_IRQHandler
                0x08007610       0x14 CMakeFiles/controlSystem.dir/Core/Src/stm32f1xx_it.c.obj
                0x08007610                TIM4_IRQHandler
 .text.USART1_IRQHandler
                0x08007624       0x14 CMakeFiles/controlSystem.dir/Core/Src/stm32f1xx_it.c.obj
                0x08007624                USART1_IRQHandler
 .text.USART2_IRQHandler
                0x08007638       0x14 CMakeFiles/controlSystem.dir/Core/Src/stm32f1xx_it.c.obj
                0x08007638                USART2_IRQHandler
 .text.HAL_MspInit
                0x0800764c       0x70 CMakeFiles/controlSystem.dir/Core/Src/stm32f1xx_hal_msp.c.obj
                0x0800764c                HAL_MspInit
 .text.HAL_InitTick
                0x080076bc       0xfc CMakeFiles/controlSystem.dir/Core/Src/stm32f1xx_hal_timebase_tim.c.obj
                0x080076bc                HAL_InitTick
 .text.Reset_Handler
                0x080077b8       0x48 CMakeFiles/controlSystem.dir/startup_stm32f103xb.s.obj
                0x080077b8                Reset_Handler
 .text.Default_Handler
                0x08007800        0x2 CMakeFiles/controlSystem.dir/startup_stm32f103xb.s.obj
                0x08007800                RTC_Alarm_IRQHandler
                0x08007800                EXTI2_IRQHandler
                0x08007800                TIM1_CC_IRQHandler
                0x08007800                PVD_IRQHandler
                0x08007800                EXTI3_IRQHandler
                0x08007800                EXTI0_IRQHandler
                0x08007800                I2C2_EV_IRQHandler
                0x08007800                ADC1_2_IRQHandler
                0x08007800                SPI1_IRQHandler
                0x08007800                TAMPER_IRQHandler
                0x08007800                DMA1_Channel4_IRQHandler
                0x08007800                USART3_IRQHandler
                0x08007800                RTC_IRQHandler
                0x08007800                DMA1_Channel7_IRQHandler
                0x08007800                I2C1_EV_IRQHandler
                0x08007800                DMA1_Channel6_IRQHandler
                0x08007800                TIM3_IRQHandler
                0x08007800                RCC_IRQHandler
                0x08007800                TIM1_TRG_COM_IRQHandler
                0x08007800                DMA1_Channel1_IRQHandler
                0x08007800                Default_Handler
                0x08007800                EXTI15_10_IRQHandler
                0x08007800                EXTI9_5_IRQHandler
                0x08007800                SPI2_IRQHandler
                0x08007800                DMA1_Channel5_IRQHandler
                0x08007800                EXTI4_IRQHandler
                0x08007800                DMA1_Channel3_IRQHandler
                0x08007800                TIM1_UP_IRQHandler
                0x08007800                WWDG_IRQHandler
                0x08007800                TIM2_IRQHandler
                0x08007800                TIM1_BRK_IRQHandler
                0x08007800                EXTI1_IRQHandler
                0x08007800                I2C2_ER_IRQHandler
                0x08007800                DMA1_Channel2_IRQHandler
                0x08007800                FLASH_IRQHandler
                0x08007800                I2C1_ER_IRQHandler
                0x08007800                USBWakeUp_IRQHandler
 *fill*         0x08007802        0x2 
 .text.pc_cmd_parser_reset
                0x08007804       0x2c CMakeFiles/controlSystem.dir/App/Common/pc_cmd_parser.c.obj
                0x08007804                pc_cmd_parser_reset
 .text.parse_and_execute
                0x08007830       0xfc CMakeFiles/controlSystem.dir/App/Common/pc_cmd_parser.c.obj
 .text.pc_cmd_parser_feed_byte
                0x0800792c      0x11c CMakeFiles/controlSystem.dir/App/Common/pc_cmd_parser.c.obj
                0x0800792c                pc_cmd_parser_feed_byte
 .text.cmd_packer_pack_status_frame
                0x08007a48      0x214 CMakeFiles/controlSystem.dir/App/Common/cmd_packer.c.obj
                0x08007a48                cmd_packer_pack_status_frame
 .text.cmd_packer_send_status_frame
                0x08007c5c       0x38 CMakeFiles/controlSystem.dir/App/Common/cmd_packer.c.obj
                0x08007c5c                cmd_packer_send_status_frame
 .text.LYZ_init
                0x08007c94       0x40 CMakeFiles/controlSystem.dir/App/LYZ/LYZ.c.obj
                0x08007c94                LYZ_init
 .text.LYZ_thrust_reverser_kinematic_control
                0x08007cd4       0x70 CMakeFiles/controlSystem.dir/App/LYZ/LYZ.c.obj
                0x08007cd4                LYZ_thrust_reverser_kinematic_control
 .text.LYZ_cross_section_kinematic_control
                0x08007d44       0x30 CMakeFiles/controlSystem.dir/App/LYZ/LYZ.c.obj
                0x08007d44                LYZ_cross_section_kinematic_control
 .text.LYZ_deflect_kinematic_control
                0x08007d74       0x24 CMakeFiles/controlSystem.dir/App/LYZ/LYZ.c.obj
                0x08007d74                LYZ_deflect_kinematic_control
 .text.LYZ_homing
                0x08007d98       0x44 CMakeFiles/controlSystem.dir/App/LYZ/LYZ.c.obj
                0x08007d98                LYZ_homing
 .text.StartDataTask
                0x08007ddc       0x4c CMakeFiles/controlSystem.dir/App/Tasks/DataTask.c.obj
                0x08007ddc                StartDataTask
 .text.StartCmdCtrlTask
                0x08007e28       0x54 CMakeFiles/controlSystem.dir/App/Tasks/CmdCtrlTask.c.obj
                0x08007e28                StartCmdCtrlTask
 .text.ss_r485_addr_from_id
                0x08007e7c       0x1a CMakeFiles/controlSystem.dir/BSP/Motor/Motor.c.obj
 .text.aq_addr_from_id
                0x08007e96       0x1a CMakeFiles/controlSystem.dir/BSP/Motor/Motor.c.obj
 .text.aq_speed_to_u16
                0x08007eb0       0x44 CMakeFiles/controlSystem.dir/BSP/Motor/Motor.c.obj
 .text.ss_angle_to_pulse
                0x08007ef4       0x94 CMakeFiles/controlSystem.dir/BSP/Motor/Motor.c.obj
 .text.ss_screw_speed_to_rpm
                0x08007f88       0x68 CMakeFiles/controlSystem.dir/BSP/Motor/Motor.c.obj
 .text.s_curve  0x08007ff0       0x80 CMakeFiles/controlSystem.dir/BSP/Motor/Motor.c.obj
 .text.servo_signed_angle_to_pulse
                0x08008070       0x80 CMakeFiles/controlSystem.dir/BSP/Motor/Motor.c.obj
 .text.servo_angle_to_pulse
                0x080080f0       0x2e CMakeFiles/controlSystem.dir/BSP/Motor/Motor.c.obj
 *fill*         0x0800811e        0x2 
 .text.motor_init
                0x08008120      0x33c CMakeFiles/controlSystem.dir/BSP/Motor/Motor.c.obj
                0x08008120                motor_init
 .text.motor_run_SS_abs
                0x0800845c      0x1d8 CMakeFiles/controlSystem.dir/BSP/Motor/Motor.c.obj
                0x0800845c                motor_run_SS_abs
 .text.motor_run_AQ_abs
                0x08008634      0x220 CMakeFiles/controlSystem.dir/BSP/Motor/Motor.c.obj
                0x08008634                motor_run_AQ_abs
 .text.motor_run_servo
                0x08008854      0x174 CMakeFiles/controlSystem.dir/BSP/Motor/Motor.c.obj
                0x08008854                motor_run_servo
 .text.motor_control_step
                0x080089c8      0x128 CMakeFiles/controlSystem.dir/BSP/Motor/Motor.c.obj
                0x080089c8                motor_control_step
 .text.motor_stop_all
                0x08008af0       0xc8 CMakeFiles/controlSystem.dir/BSP/Motor/Motor.c.obj
                0x08008af0                motor_stop_all
 .text.motor_status_check
                0x08008bb8       0xc0 CMakeFiles/controlSystem.dir/BSP/Motor/Motor.c.obj
                0x08008bb8                motor_status_check
 .text.modbus_crc16
                0x08008c78       0x78 CMakeFiles/controlSystem.dir/BSP/Motor/SS_R485.c.obj
 .text.modbus_write_register_raw
                0x08008cf0       0x7c CMakeFiles/controlSystem.dir/BSP/Motor/SS_R485.c.obj
 .text.SS_write_register
                0x08008d6c       0x28 CMakeFiles/controlSystem.dir/BSP/Motor/SS_R485.c.obj
                0x08008d6c                SS_write_register
 .text.SS_write_registers
                0x08008d94      0x13e CMakeFiles/controlSystem.dir/BSP/Motor/SS_R485.c.obj
                0x08008d94                SS_write_registers
 .text._write_i32
                0x08008ed2       0x4a CMakeFiles/controlSystem.dir/BSP/Motor/SS_R485.c.obj
 .text.SS_cmd_run_stop
                0x08008f1c       0x26 CMakeFiles/controlSystem.dir/BSP/Motor/SS_R485.c.obj
                0x08008f1c                SS_cmd_run_stop
 .text.SS_cmd_run_abs_any
                0x08008f42       0x22 CMakeFiles/controlSystem.dir/BSP/Motor/SS_R485.c.obj
                0x08008f42                SS_cmd_run_abs_any
 .text.servo_register
                0x08008f64       0x98 CMakeFiles/controlSystem.dir/BSP/PWM/servo_pwm.c.obj
                0x08008f64                servo_register
 .text.servo_set_pulse
                0x08008ffc       0x98 CMakeFiles/controlSystem.dir/BSP/PWM/servo_pwm.c.obj
                0x08008ffc                servo_set_pulse
 .text.servo_pwm_init
                0x08009094       0x84 CMakeFiles/controlSystem.dir/BSP/PWM/servo_pwm.c.obj
                0x08009094                servo_pwm_init
 .text.HAL_TIM_PWM_MspInit
                0x08009118       0xdc CMakeFiles/controlSystem.dir/BSP/PWM/servo_pwm.c.obj
                0x08009118                HAL_TIM_PWM_MspInit
 .text.aqm_crc16
                0x080091f4       0x6c CMakeFiles/controlSystem.dir/BSP/Motor/AQMD245NS.c.obj
                0x080091f4                aqm_crc16
 .text.append_crc
                0x08009260       0x5c CMakeFiles/controlSystem.dir/BSP/Motor/AQMD245NS.c.obj
 .text.check_crc
                0x080092bc       0x6a CMakeFiles/controlSystem.dir/BSP/Motor/AQMD245NS.c.obj
 .text.aqm_build_read
                0x08009326       0xd6 CMakeFiles/controlSystem.dir/BSP/Motor/AQMD245NS.c.obj
                0x08009326                aqm_build_read
 .text.aqm_build_write
                0x080093fc       0xd6 CMakeFiles/controlSystem.dir/BSP/Motor/AQMD245NS.c.obj
                0x080093fc                aqm_build_write
 .text.aqm_build_write_multi
                0x080094d2      0x12a CMakeFiles/controlSystem.dir/BSP/Motor/AQMD245NS.c.obj
                0x080094d2                aqm_build_write_multi
 .text.aqm_parse_position_feedback
                0x080095fc       0xb4 CMakeFiles/controlSystem.dir/BSP/Motor/AQMD245NS.c.obj
                0x080095fc                aqm_parse_position_feedback
 .text.aqm_set_speed
                0x080096b0       0x38 CMakeFiles/controlSystem.dir/BSP/Motor/AQMD245NS.c.obj
                0x080096b0                aqm_set_speed
 .text.aqm_set_position
                0x080096e8       0x74 CMakeFiles/controlSystem.dir/BSP/Motor/AQMD245NS.c.obj
                0x080096e8                aqm_set_position
 .text.aqm_read_current_pulse
                0x0800975c       0x22 CMakeFiles/controlSystem.dir/BSP/Motor/AQMD245NS.c.obj
                0x0800975c                aqm_read_current_pulse
 .text.aqm_get_current_position
                0x0800977e       0xee CMakeFiles/controlSystem.dir/BSP/Motor/AQMD245NS.c.obj
                0x0800977e                aqm_get_current_position
 .text.memset   0x0800986c       0x10 D:/7_code/DevEnv/DevEnv/GNU-tools-for-STM32/bin/../lib/gcc/arm-none-eabi/13.3.1/../../../../arm-none-eabi/lib/thumb/v7-m/nofp\libg_nano.a(libc_a-memset.o)
                0x0800986c                memset
 .text.__libc_init_array
                0x0800987c       0x48 D:/7_code/DevEnv/DevEnv/GNU-tools-for-STM32/bin/../lib/gcc/arm-none-eabi/13.3.1/../../../../arm-none-eabi/lib/thumb/v7-m/nofp\libg_nano.a(libc_a-init.o)
                0x0800987c                __libc_init_array
 .text.memcpy   0x080098c4       0x1c D:/7_code/DevEnv/DevEnv/GNU-tools-for-STM32/bin/../lib/gcc/arm-none-eabi/13.3.1/../../../../arm-none-eabi/lib/thumb/v7-m/nofp\libg_nano.a(libc_a-memcpy-stub.o)
                0x080098c4                memcpy
 *(.glue_7)
 .glue_7        0x080098e0        0x0 linker stubs
 *(.glue_7t)
 .glue_7t       0x080098e0        0x0 linker stubs
 *(.eh_frame)
 .eh_frame      0x080098e0        0x0 D:/7_code/DevEnv/DevEnv/GNU-tools-for-STM32/bin/../lib/gcc/arm-none-eabi/13.3.1/thumb/v7-m/nofp/crtbegin.o
 *(.init)
 .init          0x080098e0        0x4 D:/7_code/DevEnv/DevEnv/GNU-tools-for-STM32/bin/../lib/gcc/arm-none-eabi/13.3.1/thumb/v7-m/nofp/crti.o
                0x080098e0                _init
 .init          0x080098e4        0x8 D:/7_code/DevEnv/DevEnv/GNU-tools-for-STM32/bin/../lib/gcc/arm-none-eabi/13.3.1/thumb/v7-m/nofp/crtn.o
 *(.fini)
 .fini          0x080098ec        0x4 D:/7_code/DevEnv/DevEnv/GNU-tools-for-STM32/bin/../lib/gcc/arm-none-eabi/13.3.1/thumb/v7-m/nofp/crti.o
                0x080098ec                _fini
 .fini          0x080098f0        0x8 D:/7_code/DevEnv/DevEnv/GNU-tools-for-STM32/bin/../lib/gcc/arm-none-eabi/13.3.1/thumb/v7-m/nofp/crtn.o
                0x080098f8                        . = ALIGN (0x4)
                0x080098f8                        _etext = .

.vfp11_veneer   0x080098f8        0x0
 .vfp11_veneer  0x080098f8        0x0 linker stubs

.v4_bx          0x080098f8        0x0
 .v4_bx         0x080098f8        0x0 linker stubs

.iplt           0x080098f8        0x0
 .iplt          0x080098f8        0x0 D:/7_code/DevEnv/DevEnv/GNU-tools-for-STM32/bin/../lib/gcc/arm-none-eabi/13.3.1/thumb/v7-m/nofp/crtbegin.o

.rodata         0x080098f8      0x144
                0x080098f8                        . = ALIGN (0x4)
 *(.rodata)
 .rodata        0x080098f8        0x5 cmake/stm32cubemx/CMakeFiles/FreeRTOS.dir/__/__/Middlewares/Third_Party/FreeRTOS/Source/tasks.c.obj
 *fill*         0x080098fd        0x3 
 .rodata        0x08009900        0xd cmake/stm32cubemx/CMakeFiles/FreeRTOS.dir/__/__/Middlewares/Third_Party/FreeRTOS/Source/timers.c.obj
 *fill*         0x0800990d        0x3 
 .rodata        0x08009910       0x55 CMakeFiles/controlSystem.dir/Core/Src/freertos.c.obj
 *(.rodata*)
 *fill*         0x08009965        0x3 
 .rodata.AHBPrescTable
                0x08009968       0x10 cmake/stm32cubemx/CMakeFiles/STM32_Drivers.dir/__/__/Core/Src/system_stm32f1xx.c.obj
                0x08009968                AHBPrescTable
 .rodata.APBPrescTable
                0x08009978        0x8 cmake/stm32cubemx/CMakeFiles/STM32_Drivers.dir/__/__/Core/Src/system_stm32f1xx.c.obj
                0x08009978                APBPrescTable
 .rodata.aPLLMULFactorTable.1
                0x08009980       0x10 cmake/stm32cubemx/CMakeFiles/STM32_Drivers.dir/__/__/Drivers/STM32F1xx_HAL_Driver/Src/stm32f1xx_hal_rcc.c.obj
 .rodata.aPredivFactorTable.0
                0x08009990        0x2 cmake/stm32cubemx/CMakeFiles/STM32_Drivers.dir/__/__/Drivers/STM32F1xx_HAL_Driver/Src/stm32f1xx_hal_rcc.c.obj
 *fill*         0x08009992        0x2 
 .rodata.CmdCtrlTask_attributes
                0x08009994       0x24 CMakeFiles/controlSystem.dir/Core/Src/freertos.c.obj
                0x08009994                CmdCtrlTask_attributes
 .rodata.DataTask_attributes
                0x080099b8       0x24 CMakeFiles/controlSystem.dir/Core/Src/freertos.c.obj
                0x080099b8                DataTask_attributes
 .rodata.CmdCtrlQueue_attributes
                0x080099dc       0x18 CMakeFiles/controlSystem.dir/Core/Src/freertos.c.obj
                0x080099dc                CmdCtrlQueue_attributes
 .rodata.CmdQueue_attributes
                0x080099f4       0x18 CMakeFiles/controlSystem.dir/Core/Src/freertos.c.obj
                0x080099f4                CmdQueue_attributes
 .rodata.SensorMessageQueue_attributes
                0x08009a0c       0x18 CMakeFiles/controlSystem.dir/Core/Src/freertos.c.obj
                0x08009a0c                SensorMessageQueue_attributes
 .rodata.CmdDataQueue_attributes
                0x08009a24       0x18 CMakeFiles/controlSystem.dir/Core/Src/freertos.c.obj
                0x08009a24                CmdDataQueue_attributes
                0x08009a3c                        . = ALIGN (0x4)

.ARM.extab      0x08009a3c        0x0
                0x08009a3c                        . = ALIGN (0x4)
 *(.ARM.extab* .gnu.linkonce.armextab.*)
                0x08009a3c                        . = ALIGN (0x4)

.ARM            0x08009a3c        0x0
                0x08009a3c                        . = ALIGN (0x4)
                0x08009a3c                        __exidx_start = .
 *(.ARM.exidx*)
                0x08009a3c                        __exidx_end = .
                0x08009a3c                        . = ALIGN (0x4)

.preinit_array  0x08009a3c        0x0
                0x08009a3c                        . = ALIGN (0x4)
                0x08009a3c                        PROVIDE (__preinit_array_start = .)
 *(.preinit_array*)
                0x08009a3c                        PROVIDE (__preinit_array_end = .)
                0x08009a3c                        . = ALIGN (0x4)

.init_array     0x08009a3c        0x4
                0x08009a3c                        . = ALIGN (0x4)
                0x08009a3c                        PROVIDE (__init_array_start = .)
 *(SORT_BY_NAME(.init_array.*))
 *(.init_array*)
 .init_array    0x08009a3c        0x4 D:/7_code/DevEnv/DevEnv/GNU-tools-for-STM32/bin/../lib/gcc/arm-none-eabi/13.3.1/thumb/v7-m/nofp/crtbegin.o
                0x08009a40                        PROVIDE (__init_array_end = .)
                0x08009a40                        . = ALIGN (0x4)

.fini_array     0x08009a40        0x4
                0x08009a40                        . = ALIGN (0x4)
                [!provide]                        PROVIDE (__fini_array_start = .)
 *(SORT_BY_NAME(.fini_array.*))
 *(.fini_array*)
 .fini_array    0x08009a40        0x4 D:/7_code/DevEnv/DevEnv/GNU-tools-for-STM32/bin/../lib/gcc/arm-none-eabi/13.3.1/thumb/v7-m/nofp/crtbegin.o
                [!provide]                        PROVIDE (__fini_array_end = .)
                0x08009a44                        . = ALIGN (0x4)
                0x08009a44                        _sidata = LOADADDR (.data)

.rel.dyn        0x08009a44        0x0
 .rel.iplt      0x08009a44        0x0 D:/7_code/DevEnv/DevEnv/GNU-tools-for-STM32/bin/../lib/gcc/arm-none-eabi/13.3.1/thumb/v7-m/nofp/crtbegin.o

.data           0x20000000      0x214 load address 0x08009a44
                0x20000000                        . = ALIGN (0x4)
                0x20000000                        _sdata = .
 *(.data)
 *(.data*)
 .data.SystemCoreClock
                0x20000000        0x4 cmake/stm32cubemx/CMakeFiles/STM32_Drivers.dir/__/__/Core/Src/system_stm32f1xx.c.obj
                0x20000000                SystemCoreClock
 .data.uwTickPrio
                0x20000004        0x4 cmake/stm32cubemx/CMakeFiles/STM32_Drivers.dir/__/__/Drivers/STM32F1xx_HAL_Driver/Src/stm32f1xx_hal.c.obj
                0x20000004                uwTickPrio
 .data.uwTickFreq
                0x20000008        0x1 cmake/stm32cubemx/CMakeFiles/STM32_Drivers.dir/__/__/Drivers/STM32F1xx_HAL_Driver/Src/stm32f1xx_hal.c.obj
                0x20000008                uwTickFreq
 *fill*         0x20000009        0x3 
 .data.uxCriticalNesting
                0x2000000c        0x4 cmake/stm32cubemx/CMakeFiles/FreeRTOS.dir/__/__/Middlewares/Third_Party/FreeRTOS/Source/portable/GCC/ARM_CM3/port.c.obj
 .data.uart1_pending_slave
                0x20000010        0x1 CMakeFiles/controlSystem.dir/Core/Src/usart.c.obj
 *fill*         0x20000011        0x3 
 .data.auchCRCHi
                0x20000014      0x100 CMakeFiles/controlSystem.dir/BSP/Motor/AQMD245NS.c.obj
 .data.auchCRCLo
                0x20000114      0x100 CMakeFiles/controlSystem.dir/BSP/Motor/AQMD245NS.c.obj
 *(.RamFunc)
 *(.RamFunc*)
                0x20000214                        . = ALIGN (0x4)

.igot.plt       0x20000214        0x0 load address 0x08009c58
 .igot.plt      0x20000214        0x0 D:/7_code/DevEnv/DevEnv/GNU-tools-for-STM32/bin/../lib/gcc/arm-none-eabi/13.3.1/thumb/v7-m/nofp/crtbegin.o

.tdata          0x20000214        0x0 load address 0x08009c58
 *(.tdata .tdata.* .gnu.linkonce.td.*)
                0x20000214                        . = ALIGN (0x4)
                0x20000214                        _edata = .
                [!provide]                        PROVIDE (__data_end = .)
                [!provide]                        PROVIDE (__tdata_end = .)
                [!provide]                        PROVIDE (__tdata_start = ADDR (.tdata))
                [!provide]                        PROVIDE (__tdata_size = (__tdata_end - __tdata_start))
                [!provide]                        PROVIDE (__data_start = ADDR (.data))
                [!provide]                        PROVIDE (__data_size = (__data_end - __data_start))
                [!provide]                        PROVIDE (__tdata_source = LOADADDR (.tdata))
                [!provide]                        PROVIDE (__tdata_source_end = (LOADADDR (.tdata) + SIZEOF (.tdata)))
                [!provide]                        PROVIDE (__tdata_source_size = (__tdata_source_end - __tdata_source))
                [!provide]                        PROVIDE (__data_source = LOADADDR (.data))
                [!provide]                        PROVIDE (__data_source_end = __tdata_source_end)
                [!provide]                        PROVIDE (__data_source_size = (__data_source_end - __data_source))

.tbss           0x20000214        0x0 load address 0x08009c58
                0x20000214                        _sbss = .
                0x20000214                        __bss_start__ = _sbss
 *(.tbss .tbss.*)
                0x20000214                        . = ALIGN (0x4)
                [!provide]                        PROVIDE (__tbss_end = .)
                [!provide]                        PROVIDE (__tbss_start = ADDR (.tbss))
                [!provide]                        PROVIDE (__tbss_size = (__tbss_end - __tbss_start))
                [!provide]                        PROVIDE (__tbss_offset = (ADDR (.tbss) - ADDR (.tdata)))
                [!provide]                        PROVIDE (__tls_base = __tdata_start)
                [!provide]                        PROVIDE (__tls_end = __tbss_end)
                [!provide]                        PROVIDE (__tls_size = (__tls_end - __tls_base))
                [!provide]                        PROVIDE (__tls_align = MAX (ALIGNOF (.tdata), ALIGNOF (.tbss)))
                [!provide]                        PROVIDE (__tls_size_align = (((__tls_size + __tls_align) - 0x1) & ~ ((__tls_align - 0x1))))
                [!provide]                        PROVIDE (__arm32_tls_tcb_offset = MAX (0x8, __tls_align))
                [!provide]                        PROVIDE (__arm64_tls_tcb_offset = MAX (0x10, __tls_align))

.bss            0x20000214     0x3e7c load address 0x08009c58
 *(.bss)
 .bss           0x20000214       0x1c D:/7_code/DevEnv/DevEnv/GNU-tools-for-STM32/bin/../lib/gcc/arm-none-eabi/13.3.1/thumb/v7-m/nofp/crtbegin.o
 *(.bss*)
 .bss.uwTick    0x20000230        0x4 cmake/stm32cubemx/CMakeFiles/STM32_Drivers.dir/__/__/Drivers/STM32F1xx_HAL_Driver/Src/stm32f1xx_hal.c.obj
                0x20000230                uwTick
 .bss.xQueueRegistry
                0x20000234       0x40 cmake/stm32cubemx/CMakeFiles/FreeRTOS.dir/__/__/Middlewares/Third_Party/FreeRTOS/Source/queue.c.obj
                0x20000234                xQueueRegistry
 .bss.pxCurrentTCB
                0x20000274        0x4 cmake/stm32cubemx/CMakeFiles/FreeRTOS.dir/__/__/Middlewares/Third_Party/FreeRTOS/Source/tasks.c.obj
                0x20000274                pxCurrentTCB
 .bss.pxReadyTasksLists
                0x20000278      0x460 cmake/stm32cubemx/CMakeFiles/FreeRTOS.dir/__/__/Middlewares/Third_Party/FreeRTOS/Source/tasks.c.obj
 .bss.xDelayedTaskList1
                0x200006d8       0x14 cmake/stm32cubemx/CMakeFiles/FreeRTOS.dir/__/__/Middlewares/Third_Party/FreeRTOS/Source/tasks.c.obj
 .bss.xDelayedTaskList2
                0x200006ec       0x14 cmake/stm32cubemx/CMakeFiles/FreeRTOS.dir/__/__/Middlewares/Third_Party/FreeRTOS/Source/tasks.c.obj
 .bss.pxDelayedTaskList
                0x20000700        0x4 cmake/stm32cubemx/CMakeFiles/FreeRTOS.dir/__/__/Middlewares/Third_Party/FreeRTOS/Source/tasks.c.obj
 .bss.pxOverflowDelayedTaskList
                0x20000704        0x4 cmake/stm32cubemx/CMakeFiles/FreeRTOS.dir/__/__/Middlewares/Third_Party/FreeRTOS/Source/tasks.c.obj
 .bss.xPendingReadyList
                0x20000708       0x14 cmake/stm32cubemx/CMakeFiles/FreeRTOS.dir/__/__/Middlewares/Third_Party/FreeRTOS/Source/tasks.c.obj
 .bss.xTasksWaitingTermination
                0x2000071c       0x14 cmake/stm32cubemx/CMakeFiles/FreeRTOS.dir/__/__/Middlewares/Third_Party/FreeRTOS/Source/tasks.c.obj
 .bss.uxDeletedTasksWaitingCleanUp
                0x20000730        0x4 cmake/stm32cubemx/CMakeFiles/FreeRTOS.dir/__/__/Middlewares/Third_Party/FreeRTOS/Source/tasks.c.obj
 .bss.xSuspendedTaskList
                0x20000734       0x14 cmake/stm32cubemx/CMakeFiles/FreeRTOS.dir/__/__/Middlewares/Third_Party/FreeRTOS/Source/tasks.c.obj
 .bss.uxCurrentNumberOfTasks
                0x20000748        0x4 cmake/stm32cubemx/CMakeFiles/FreeRTOS.dir/__/__/Middlewares/Third_Party/FreeRTOS/Source/tasks.c.obj
 .bss.xTickCount
                0x2000074c        0x4 cmake/stm32cubemx/CMakeFiles/FreeRTOS.dir/__/__/Middlewares/Third_Party/FreeRTOS/Source/tasks.c.obj
 .bss.uxTopReadyPriority
                0x20000750        0x4 cmake/stm32cubemx/CMakeFiles/FreeRTOS.dir/__/__/Middlewares/Third_Party/FreeRTOS/Source/tasks.c.obj
 .bss.xSchedulerRunning
                0x20000754        0x4 cmake/stm32cubemx/CMakeFiles/FreeRTOS.dir/__/__/Middlewares/Third_Party/FreeRTOS/Source/tasks.c.obj
 .bss.xPendedTicks
                0x20000758        0x4 cmake/stm32cubemx/CMakeFiles/FreeRTOS.dir/__/__/Middlewares/Third_Party/FreeRTOS/Source/tasks.c.obj
 .bss.xYieldPending
                0x2000075c        0x4 cmake/stm32cubemx/CMakeFiles/FreeRTOS.dir/__/__/Middlewares/Third_Party/FreeRTOS/Source/tasks.c.obj
 .bss.xNumOfOverflows
                0x20000760        0x4 cmake/stm32cubemx/CMakeFiles/FreeRTOS.dir/__/__/Middlewares/Third_Party/FreeRTOS/Source/tasks.c.obj
 .bss.uxTaskNumber
                0x20000764        0x4 cmake/stm32cubemx/CMakeFiles/FreeRTOS.dir/__/__/Middlewares/Third_Party/FreeRTOS/Source/tasks.c.obj
 .bss.xNextTaskUnblockTime
                0x20000768        0x4 cmake/stm32cubemx/CMakeFiles/FreeRTOS.dir/__/__/Middlewares/Third_Party/FreeRTOS/Source/tasks.c.obj
 .bss.xIdleTaskHandle
                0x2000076c        0x4 cmake/stm32cubemx/CMakeFiles/FreeRTOS.dir/__/__/Middlewares/Third_Party/FreeRTOS/Source/tasks.c.obj
 .bss.uxSchedulerSuspended
                0x20000770        0x4 cmake/stm32cubemx/CMakeFiles/FreeRTOS.dir/__/__/Middlewares/Third_Party/FreeRTOS/Source/tasks.c.obj
 .bss.xActiveTimerList1
                0x20000774       0x14 cmake/stm32cubemx/CMakeFiles/FreeRTOS.dir/__/__/Middlewares/Third_Party/FreeRTOS/Source/timers.c.obj
 .bss.xActiveTimerList2
                0x20000788       0x14 cmake/stm32cubemx/CMakeFiles/FreeRTOS.dir/__/__/Middlewares/Third_Party/FreeRTOS/Source/timers.c.obj
 .bss.pxCurrentTimerList
                0x2000079c        0x4 cmake/stm32cubemx/CMakeFiles/FreeRTOS.dir/__/__/Middlewares/Third_Party/FreeRTOS/Source/timers.c.obj
 .bss.pxOverflowTimerList
                0x200007a0        0x4 cmake/stm32cubemx/CMakeFiles/FreeRTOS.dir/__/__/Middlewares/Third_Party/FreeRTOS/Source/timers.c.obj
 .bss.xTimerQueue
                0x200007a4        0x4 cmake/stm32cubemx/CMakeFiles/FreeRTOS.dir/__/__/Middlewares/Third_Party/FreeRTOS/Source/timers.c.obj
 .bss.xTimerTaskHandle
                0x200007a8        0x4 cmake/stm32cubemx/CMakeFiles/FreeRTOS.dir/__/__/Middlewares/Third_Party/FreeRTOS/Source/timers.c.obj
 .bss.xLastTime.2
                0x200007ac        0x4 cmake/stm32cubemx/CMakeFiles/FreeRTOS.dir/__/__/Middlewares/Third_Party/FreeRTOS/Source/timers.c.obj
 .bss.ucStaticTimerQueueStorage.1
                0x200007b0       0xa0 cmake/stm32cubemx/CMakeFiles/FreeRTOS.dir/__/__/Middlewares/Third_Party/FreeRTOS/Source/timers.c.obj
 .bss.xStaticTimerQueue.0
                0x20000850       0x50 cmake/stm32cubemx/CMakeFiles/FreeRTOS.dir/__/__/Middlewares/Third_Party/FreeRTOS/Source/timers.c.obj
 .bss.KernelState
                0x200008a0        0x4 cmake/stm32cubemx/CMakeFiles/FreeRTOS.dir/__/__/Middlewares/Third_Party/FreeRTOS/Source/CMSIS_RTOS_V2/cmsis_os2.c.obj
 .bss.Idle_TCB.3
                0x200008a4       0x5c cmake/stm32cubemx/CMakeFiles/FreeRTOS.dir/__/__/Middlewares/Third_Party/FreeRTOS/Source/CMSIS_RTOS_V2/cmsis_os2.c.obj
 .bss.Idle_Stack.2
                0x20000900      0x200 cmake/stm32cubemx/CMakeFiles/FreeRTOS.dir/__/__/Middlewares/Third_Party/FreeRTOS/Source/CMSIS_RTOS_V2/cmsis_os2.c.obj
 .bss.Timer_TCB.1
                0x20000b00       0x5c cmake/stm32cubemx/CMakeFiles/FreeRTOS.dir/__/__/Middlewares/Third_Party/FreeRTOS/Source/CMSIS_RTOS_V2/cmsis_os2.c.obj
 .bss.Timer_Stack.0
                0x20000b5c      0x400 cmake/stm32cubemx/CMakeFiles/FreeRTOS.dir/__/__/Middlewares/Third_Party/FreeRTOS/Source/CMSIS_RTOS_V2/cmsis_os2.c.obj
 .bss.ucHeap    0x20000f5c     0x2800 cmake/stm32cubemx/CMakeFiles/FreeRTOS.dir/__/__/Middlewares/Third_Party/FreeRTOS/Source/portable/MemMang/heap_4.c.obj
 .bss.xStart    0x2000375c        0x8 cmake/stm32cubemx/CMakeFiles/FreeRTOS.dir/__/__/Middlewares/Third_Party/FreeRTOS/Source/portable/MemMang/heap_4.c.obj
 .bss.pxEnd     0x20003764        0x4 cmake/stm32cubemx/CMakeFiles/FreeRTOS.dir/__/__/Middlewares/Third_Party/FreeRTOS/Source/portable/MemMang/heap_4.c.obj
 .bss.xFreeBytesRemaining
                0x20003768        0x4 cmake/stm32cubemx/CMakeFiles/FreeRTOS.dir/__/__/Middlewares/Third_Party/FreeRTOS/Source/portable/MemMang/heap_4.c.obj
 .bss.xMinimumEverFreeBytesRemaining
                0x2000376c        0x4 cmake/stm32cubemx/CMakeFiles/FreeRTOS.dir/__/__/Middlewares/Third_Party/FreeRTOS/Source/portable/MemMang/heap_4.c.obj
 .bss.xNumberOfSuccessfulAllocations
                0x20003770        0x4 cmake/stm32cubemx/CMakeFiles/FreeRTOS.dir/__/__/Middlewares/Third_Party/FreeRTOS/Source/portable/MemMang/heap_4.c.obj
 .bss.xNumberOfSuccessfulFrees
                0x20003774        0x4 cmake/stm32cubemx/CMakeFiles/FreeRTOS.dir/__/__/Middlewares/Third_Party/FreeRTOS/Source/portable/MemMang/heap_4.c.obj
 .bss.xBlockAllocatedBit
                0x20003778        0x4 cmake/stm32cubemx/CMakeFiles/FreeRTOS.dir/__/__/Middlewares/Third_Party/FreeRTOS/Source/portable/MemMang/heap_4.c.obj
 .bss.ucMaxSysCallPriority
                0x2000377c        0x1 cmake/stm32cubemx/CMakeFiles/FreeRTOS.dir/__/__/Middlewares/Third_Party/FreeRTOS/Source/portable/GCC/ARM_CM3/port.c.obj
 *fill*         0x2000377d        0x3 
 .bss.ulMaxPRIGROUPValue
                0x20003780        0x4 cmake/stm32cubemx/CMakeFiles/FreeRTOS.dir/__/__/Middlewares/Third_Party/FreeRTOS/Source/portable/GCC/ARM_CM3/port.c.obj
 .bss.CmdCtrlTaskHandle
                0x20003784        0x4 CMakeFiles/controlSystem.dir/Core/Src/freertos.c.obj
                0x20003784                CmdCtrlTaskHandle
 .bss.DataTaskHandle
                0x20003788        0x4 CMakeFiles/controlSystem.dir/Core/Src/freertos.c.obj
                0x20003788                DataTaskHandle
 .bss.CmdCtrlQueueHandle
                0x2000378c        0x4 CMakeFiles/controlSystem.dir/Core/Src/freertos.c.obj
                0x2000378c                CmdCtrlQueueHandle
 .bss.CmdQueueHandle
                0x20003790        0x4 CMakeFiles/controlSystem.dir/Core/Src/freertos.c.obj
                0x20003790                CmdQueueHandle
 .bss.SensorMessageQueueHandle
                0x20003794        0x4 CMakeFiles/controlSystem.dir/Core/Src/freertos.c.obj
                0x20003794                SensorMessageQueueHandle
 .bss.CmdDataQueueHandle
                0x20003798        0x4 CMakeFiles/controlSystem.dir/Core/Src/freertos.c.obj
                0x20003798                CmdDataQueueHandle
 .bss.hcan      0x2000379c       0x28 CMakeFiles/controlSystem.dir/Core/Src/can.c.obj
                0x2000379c                hcan
 .bss.uart1_rx_byte
                0x200037c4        0x1 CMakeFiles/controlSystem.dir/Core/Src/usart.c.obj
 .bss.uart2_rx_byte
                0x200037c5        0x1 CMakeFiles/controlSystem.dir/Core/Src/usart.c.obj
 *fill*         0x200037c6        0x2 
 .bss.uart1_bus_mutex
                0x200037c8        0x4 CMakeFiles/controlSystem.dir/Core/Src/usart.c.obj
 .bss.uart1_rx  0x200037cc      0x204 CMakeFiles/controlSystem.dir/Core/Src/usart.c.obj
 .bss.uart1_reporting_buf
                0x200039d0      0x200 CMakeFiles/controlSystem.dir/Core/Src/usart.c.obj
 .bss.uart1_reporting_len
                0x20003bd0        0x2 CMakeFiles/controlSystem.dir/Core/Src/usart.c.obj
 *fill*         0x20003bd2        0x2 
 .bss.huart1    0x20003bd4       0x48 CMakeFiles/controlSystem.dir/Core/Src/usart.c.obj
                0x20003bd4                huart1
 .bss.huart2    0x20003c1c       0x48 CMakeFiles/controlSystem.dir/Core/Src/usart.c.obj
                0x20003c1c                huart2
 .bss.htim4     0x20003c64       0x48 CMakeFiles/controlSystem.dir/Core/Src/stm32f1xx_hal_timebase_tim.c.obj
                0x20003c64                htim4
 .bss.s_buf     0x20003cac      0x200 CMakeFiles/controlSystem.dir/App/Common/pc_cmd_parser.c.obj
 .bss.s_len     0x20003eac        0x1 CMakeFiles/controlSystem.dir/App/Common/pc_cmd_parser.c.obj
 .bss.s_idx     0x20003ead        0x1 CMakeFiles/controlSystem.dir/App/Common/pc_cmd_parser.c.obj
 .bss.s_state   0x20003eae        0x1 CMakeFiles/controlSystem.dir/App/Common/pc_cmd_parser.c.obj
 *fill*         0x20003eaf        0x1 
 .bss.LYZ       0x20003eb0       0x1c CMakeFiles/controlSystem.dir/App/LYZ/LYZ.c.obj
                0x20003eb0                LYZ
 .bss.last_send_time.1
                0x20003ecc        0x4 CMakeFiles/controlSystem.dir/App/Tasks/DataTask.c.obj
 .bss.last_send_time_motor.0
                0x20003ed0        0x4 CMakeFiles/controlSystem.dir/App/Tasks/DataTask.c.obj
 .bss.last_tick_servo.2
                0x20003ed4        0x4 CMakeFiles/controlSystem.dir/App/Tasks/CmdCtrlTask.c.obj
 .bss.global_motor
                0x20003ed8       0xf0 CMakeFiles/controlSystem.dir/BSP/Motor/Motor.c.obj
                0x20003ed8                global_motor
 .bss.g_servo_tim_handle
                0x20003fc8       0x48 CMakeFiles/controlSystem.dir/BSP/PWM/servo_pwm.c.obj
                0x20003fc8                g_servo_tim_handle
 .bss.g_servo_oc_handle
                0x20004010       0x1c CMakeFiles/controlSystem.dir/BSP/PWM/servo_pwm.c.obj
                0x20004010                g_servo_oc_handle
 .bss.s_servo_tbl
                0x2000402c       0x60 CMakeFiles/controlSystem.dir/BSP/PWM/servo_pwm.c.obj
 .bss.s_servo_cnt
                0x2000408c        0x1 CMakeFiles/controlSystem.dir/BSP/PWM/servo_pwm.c.obj
 *(COMMON)
                0x20004090                        . = ALIGN (0x4)
 *fill*         0x2000408d        0x3 
                0x20004090                        _ebss = .
                0x20004090                        __bss_end__ = _ebss
                [!provide]                        PROVIDE (__bss_end = .)
                [!provide]                        PROVIDE (__non_tls_bss_start = ADDR (.bss))
                [!provide]                        PROVIDE (__bss_start = __tbss_start)
                [!provide]                        PROVIDE (__bss_size = (__bss_end - __bss_start))

._user_heap_stack
                0x20004090      0x600 load address 0x08009c58
                0x20004090                        . = ALIGN (0x8)
                [!provide]                        PROVIDE (end = .)
                0x20004090                        PROVIDE (_end = .)
                0x20004290                        . = (. + _Min_Heap_Size)
 *fill*         0x20004090      0x200 
                0x20004690                        . = (. + _Min_Stack_Size)
 *fill*         0x20004290      0x400 
                0x20004690                        . = ALIGN (0x8)

/DISCARD/
 libc.a:*(*)
 libm.a:*(*)
 libgcc.a:*(*)
OUTPUT(controlSystem.elf elf32-littlearm)
LOAD linker stubs

.ARM.attributes
                0x00000000       0x29
 .ARM.attributes
                0x00000000       0x1d D:/7_code/DevEnv/DevEnv/GNU-tools-for-STM32/bin/../lib/gcc/arm-none-eabi/13.3.1/thumb/v7-m/nofp/crti.o
 .ARM.attributes
                0x0000001d       0x2d D:/7_code/DevEnv/DevEnv/GNU-tools-for-STM32/bin/../lib/gcc/arm-none-eabi/13.3.1/thumb/v7-m/nofp/crtbegin.o
 .ARM.attributes
                0x0000004a       0x2d cmake/stm32cubemx/CMakeFiles/STM32_Drivers.dir/__/__/Core/Src/system_stm32f1xx.c.obj
 .ARM.attributes
                0x00000077       0x2d cmake/stm32cubemx/CMakeFiles/STM32_Drivers.dir/__/__/Drivers/STM32F1xx_HAL_Driver/Src/stm32f1xx_hal_tim.c.obj
 .ARM.attributes
                0x000000a4       0x2d cmake/stm32cubemx/CMakeFiles/STM32_Drivers.dir/__/__/Drivers/STM32F1xx_HAL_Driver/Src/stm32f1xx_hal_tim_ex.c.obj
 .ARM.attributes
                0x000000d1       0x2d cmake/stm32cubemx/CMakeFiles/STM32_Drivers.dir/__/__/Drivers/STM32F1xx_HAL_Driver/Src/stm32f1xx_hal_can.c.obj
 .ARM.attributes
                0x000000fe       0x2d cmake/stm32cubemx/CMakeFiles/STM32_Drivers.dir/__/__/Drivers/STM32F1xx_HAL_Driver/Src/stm32f1xx_hal.c.obj
 .ARM.attributes
                0x0000012b       0x2d cmake/stm32cubemx/CMakeFiles/STM32_Drivers.dir/__/__/Drivers/STM32F1xx_HAL_Driver/Src/stm32f1xx_hal_rcc.c.obj
 .ARM.attributes
                0x00000158       0x2d cmake/stm32cubemx/CMakeFiles/STM32_Drivers.dir/__/__/Drivers/STM32F1xx_HAL_Driver/Src/stm32f1xx_hal_gpio.c.obj
 .ARM.attributes
                0x00000185       0x2d cmake/stm32cubemx/CMakeFiles/STM32_Drivers.dir/__/__/Drivers/STM32F1xx_HAL_Driver/Src/stm32f1xx_hal_dma.c.obj
 .ARM.attributes
                0x000001b2       0x2d cmake/stm32cubemx/CMakeFiles/STM32_Drivers.dir/__/__/Drivers/STM32F1xx_HAL_Driver/Src/stm32f1xx_hal_cortex.c.obj
 .ARM.attributes
                0x000001df       0x2d cmake/stm32cubemx/CMakeFiles/STM32_Drivers.dir/__/__/Drivers/STM32F1xx_HAL_Driver/Src/stm32f1xx_hal_uart.c.obj
 .ARM.attributes
                0x0000020c       0x2d cmake/stm32cubemx/CMakeFiles/FreeRTOS.dir/__/__/Middlewares/Third_Party/FreeRTOS/Source/list.c.obj
 .ARM.attributes
                0x00000239       0x2d cmake/stm32cubemx/CMakeFiles/FreeRTOS.dir/__/__/Middlewares/Third_Party/FreeRTOS/Source/queue.c.obj
 .ARM.attributes
                0x00000266       0x2d cmake/stm32cubemx/CMakeFiles/FreeRTOS.dir/__/__/Middlewares/Third_Party/FreeRTOS/Source/tasks.c.obj
 .ARM.attributes
                0x00000293       0x2d cmake/stm32cubemx/CMakeFiles/FreeRTOS.dir/__/__/Middlewares/Third_Party/FreeRTOS/Source/timers.c.obj
 .ARM.attributes
                0x000002c0       0x2d cmake/stm32cubemx/CMakeFiles/FreeRTOS.dir/__/__/Middlewares/Third_Party/FreeRTOS/Source/CMSIS_RTOS_V2/cmsis_os2.c.obj
 .ARM.attributes
                0x000002ed       0x2d cmake/stm32cubemx/CMakeFiles/FreeRTOS.dir/__/__/Middlewares/Third_Party/FreeRTOS/Source/portable/MemMang/heap_4.c.obj
 .ARM.attributes
                0x0000031a       0x2d cmake/stm32cubemx/CMakeFiles/FreeRTOS.dir/__/__/Middlewares/Third_Party/FreeRTOS/Source/portable/GCC/ARM_CM3/port.c.obj
 .ARM.attributes
                0x00000347       0x2d CMakeFiles/controlSystem.dir/Core/Src/main.c.obj
 .ARM.attributes
                0x00000374       0x2d CMakeFiles/controlSystem.dir/Core/Src/gpio.c.obj
 .ARM.attributes
                0x000003a1       0x2d CMakeFiles/controlSystem.dir/Core/Src/freertos.c.obj
 .ARM.attributes
                0x000003ce       0x2d CMakeFiles/controlSystem.dir/Core/Src/can.c.obj
 .ARM.attributes
                0x000003fb       0x2d CMakeFiles/controlSystem.dir/Core/Src/usart.c.obj
 .ARM.attributes
                0x00000428       0x2d CMakeFiles/controlSystem.dir/Core/Src/stm32f1xx_it.c.obj
 .ARM.attributes
                0x00000455       0x2d CMakeFiles/controlSystem.dir/Core/Src/stm32f1xx_hal_msp.c.obj
 .ARM.attributes
                0x00000482       0x2d CMakeFiles/controlSystem.dir/Core/Src/stm32f1xx_hal_timebase_tim.c.obj
 .ARM.attributes
                0x000004af       0x21 CMakeFiles/controlSystem.dir/startup_stm32f103xb.s.obj
 .ARM.attributes
                0x000004d0       0x2d CMakeFiles/controlSystem.dir/App/Common/pc_cmd_parser.c.obj
 .ARM.attributes
                0x000004fd       0x2d CMakeFiles/controlSystem.dir/App/Common/cmd_packer.c.obj
 .ARM.attributes
                0x0000052a       0x2d CMakeFiles/controlSystem.dir/App/LYZ/LYZ.c.obj
 .ARM.attributes
                0x00000557       0x2d CMakeFiles/controlSystem.dir/App/Tasks/DataTask.c.obj
 .ARM.attributes
                0x00000584       0x2d CMakeFiles/controlSystem.dir/App/Tasks/CmdCtrlTask.c.obj
 .ARM.attributes
                0x000005b1       0x2d CMakeFiles/controlSystem.dir/BSP/Motor/Motor.c.obj
 .ARM.attributes