Archive member included to satisfy reference by file (symbol)

D:/7_code/DevEnv/DevEnv/GNU-tools-for-STM32/bin/../lib/gcc/arm-none-eabi/13.3.1/thumb/v7-m/nofp\libgcc.a(_arm_mulsf3.o)
                              CMakeFiles/controlSystem.dir/App/Common/cmd_packer.c.obj (__aeabi_fmul)
D:/7_code/DevEnv/DevEnv/GNU-tools-for-STM32/bin/../lib/gcc/arm-none-eabi/13.3.1/thumb/v7-m/nofp\libgcc.a(_arm_addsubsf3.o)
                              CMakeFiles/controlSystem.dir/BSP/Motor/Motor.c.obj (__aeabi_fsub)
D:/7_code/DevEnv/DevEnv/GNU-tools-for-STM32/bin/../lib/gcc/arm-none-eabi/13.3.1/thumb/v7-m/nofp\libgcc.a(_arm_muldivsf3.o)
                              CMakeFiles/controlSystem.dir/App/Common/pc_cmd_parser.c.obj (__aeabi_fdiv)
D:/7_code/DevEnv/DevEnv/GNU-tools-for-STM32/bin/../lib/gcc/arm-none-eabi/13.3.1/thumb/v7-m/nofp\libgcc.a(_arm_cmpsf2.o)
                              CMakeFiles/controlSystem.dir/App/Common/pc_cmd_parser.c.obj (__aeabi_fcmplt)
D:/7_code/DevEnv/DevEnv/GNU-tools-for-STM32/bin/../lib/gcc/arm-none-eabi/13.3.1/thumb/v7-m/nofp\libgcc.a(_arm_fixsfsi.o)
                              CMakeFiles/controlSystem.dir/App/Common/cmd_packer.c.obj (__aeabi_f2iz)
D:/7_code/DevEnv/DevEnv/GNU-tools-for-STM32/bin/../lib/gcc/arm-none-eabi/13.3.1/thumb/v7-m/nofp\libgcc.a(_arm_fixunssfsi.o)
                              CMakeFiles/controlSystem.dir/App/SW/SW.c.obj (__aeabi_f2uiz)
D:/7_code/DevEnv/DevEnv/GNU-tools-for-STM32/bin/../lib/gcc/arm-none-eabi/13.3.1/../../../../arm-none-eabi/lib/thumb/v7-m/nofp\libg_nano.a(libc_a-exit.o)
                              D:/7_code/DevEnv/DevEnv/GNU-tools-for-STM32/bin/../lib/gcc/arm-none-eabi/13.3.1/../../../../arm-none-eabi/lib/thumb/v7-m/nofp/crt0.o (exit)
D:/7_code/DevEnv/DevEnv/GNU-tools-for-STM32/bin/../lib/gcc/arm-none-eabi/13.3.1/../../../../arm-none-eabi/lib/thumb/v7-m/nofp\libg_nano.a(libc_a-findfp.o)
                              D:/7_code/DevEnv/DevEnv/GNU-tools-for-STM32/bin/../lib/gcc/arm-none-eabi/13.3.1/../../../../arm-none-eabi/lib/thumb/v7-m/nofp\libg_nano.a(libc_a-exit.o) (__stdio_exit_handler)
D:/7_code/DevEnv/DevEnv/GNU-tools-for-STM32/bin/../lib/gcc/arm-none-eabi/13.3.1/../../../../arm-none-eabi/lib/thumb/v7-m/nofp\libg_nano.a(libc_a-fwalk.o)
                              D:/7_code/DevEnv/DevEnv/GNU-tools-for-STM32/bin/../lib/gcc/arm-none-eabi/13.3.1/../../../../arm-none-eabi/lib/thumb/v7-m/nofp\libg_nano.a(libc_a-findfp.o) (_fwalk_sglue)
D:/7_code/DevEnv/DevEnv/GNU-tools-for-STM32/bin/../lib/gcc/arm-none-eabi/13.3.1/../../../../arm-none-eabi/lib/thumb/v7-m/nofp\libg_nano.a(libc_a-stdio.o)
                              D:/7_code/DevEnv/DevEnv/GNU-tools-for-STM32/bin/../lib/gcc/arm-none-eabi/13.3.1/../../../../arm-none-eabi/lib/thumb/v7-m/nofp\libg_nano.a(libc_a-findfp.o) (__sread)
D:/7_code/DevEnv/DevEnv/GNU-tools-for-STM32/bin/../lib/gcc/arm-none-eabi/13.3.1/../../../../arm-none-eabi/lib/thumb/v7-m/nofp\libg_nano.a(libc_a-memset.o)
                              D:/7_code/DevEnv/DevEnv/GNU-tools-for-STM32/bin/../lib/gcc/arm-none-eabi/13.3.1/../../../../arm-none-eabi/lib/thumb/v7-m/nofp/crt0.o (memset)
D:/7_code/DevEnv/DevEnv/GNU-tools-for-STM32/bin/../lib/gcc/arm-none-eabi/13.3.1/../../../../arm-none-eabi/lib/thumb/v7-m/nofp\libg_nano.a(libc_a-closer.o)
                              D:/7_code/DevEnv/DevEnv/GNU-tools-for-STM32/bin/../lib/gcc/arm-none-eabi/13.3.1/../../../../arm-none-eabi/lib/thumb/v7-m/nofp\libg_nano.a(libc_a-stdio.o) (_close_r)
D:/7_code/DevEnv/DevEnv/GNU-tools-for-STM32/bin/../lib/gcc/arm-none-eabi/13.3.1/../../../../arm-none-eabi/lib/thumb/v7-m/nofp\libg_nano.a(libc_a-reent.o)
                              D:/7_code/DevEnv/DevEnv/GNU-tools-for-STM32/bin/../lib/gcc/arm-none-eabi/13.3.1/../../../../arm-none-eabi/lib/thumb/v7-m/nofp\libg_nano.a(libc_a-closer.o) (errno)
D:/7_code/DevEnv/DevEnv/GNU-tools-for-STM32/bin/../lib/gcc/arm-none-eabi/13.3.1/../../../../arm-none-eabi/lib/thumb/v7-m/nofp\libg_nano.a(libc_a-impure.o)
                              D:/7_code/DevEnv/DevEnv/GNU-tools-for-STM32/bin/../lib/gcc/arm-none-eabi/13.3.1/../../../../arm-none-eabi/lib/thumb/v7-m/nofp\libg_nano.a(libc_a-reent.o) (_impure_ptr)
D:/7_code/DevEnv/DevEnv/GNU-tools-for-STM32/bin/../lib/gcc/arm-none-eabi/13.3.1/../../../../arm-none-eabi/lib/thumb/v7-m/nofp\libg_nano.a(libc_a-lseekr.o)
                              D:/7_code/DevEnv/DevEnv/GNU-tools-for-STM32/bin/../lib/gcc/arm-none-eabi/13.3.1/../../../../arm-none-eabi/lib/thumb/v7-m/nofp\libg_nano.a(libc_a-stdio.o) (_lseek_r)
D:/7_code/DevEnv/DevEnv/GNU-tools-for-STM32/bin/../lib/gcc/arm-none-eabi/13.3.1/../../../../arm-none-eabi/lib/thumb/v7-m/nofp\libg_nano.a(libc_a-readr.o)
                              D:/7_code/DevEnv/DevEnv/GNU-tools-for-STM32/bin/../lib/gcc/arm-none-eabi/13.3.1/../../../../arm-none-eabi/lib/thumb/v7-m/nofp\libg_nano.a(libc_a-stdio.o) (_read_r)
[...]
Memory Configuration

Name             Origin             Length             Attributes
RAM              0x20000000         0x00005000         xrw
FLASH            0x08000000         0x00010000         xr
*default*        0x00000000         0xffffffff

Linker script and memory map

LOAD D:/7_code/DevEnv/DevEnv/GNU-tools-for-STM32/bin/../lib/gcc/arm-none-eabi/13.3.1/thumb/v7-m/nofp/crti.o
LOAD D:/7_code/DevEnv/DevEnv/GNU-tools-for-STM32/bin/../lib/gcc/arm-none-eabi/13.3.1/thumb/v7-m/nofp/crtbegin.o
LOAD D:/7_code/DevEnv/DevEnv/GNU-tools-for-STM32/bin/../lib/gcc/arm-none-eabi/13.3.1/../../../../arm-none-eabi/lib/thumb/v7-m/nofp/crt0.o
LOAD cmake/stm32cubemx/CMakeFiles/STM32_Drivers.dir/__/__/Core/Src/system_stm32f1xx.c.obj
LOAD cmake/stm32cubemx/CMakeFiles/STM32_Drivers.dir/__/__/Drivers/STM32F1xx_HAL_Driver/Src/stm32f1xx_hal_gpio_ex.c.obj
LOAD cmake/stm32cubemx/CMakeFiles/STM32_Drivers.dir/__/__/Drivers/STM32F1xx_HAL_Driver/Src/stm32f1xx_hal_tim.c.obj
LOAD cmake/stm32cubemx/CMakeFiles/STM32_Drivers.dir/__/__/Drivers/STM32F1xx_HAL_Driver/Src/stm32f1xx_hal_tim_ex.c.obj
LOAD cmake/stm32cubemx/CMakeFiles/STM32_Drivers.dir/__/__/Drivers/STM32F1xx_HAL_Driver/Src/stm32f1xx_hal_can.c.obj
LOAD cmake/stm32cubemx/CMakeFiles/STM32_Drivers.dir/__/__/Drivers/STM32F1xx_HAL_Driver/Src/stm32f1xx_hal.c.obj
LOAD cmake/stm32cubemx/CMakeFiles/STM32_Drivers.dir/__/__/Drivers/STM32F1xx_HAL_Driver/Src/stm32f1xx_hal_rcc.c.obj
LOAD cmake/stm32cubemx/CMakeFiles/STM32_Drivers.dir/__/__/Drivers/STM32F1xx_HAL_Driver/Src/stm32f1xx_hal_rcc_ex.c.obj
LOAD cmake/stm32cubemx/CMakeFiles/STM32_Drivers.dir/__/__/Drivers/STM32F1xx_HAL_Driver/Src/stm32f1xx_hal_gpio.c.obj
LOAD cmake/stm32cubemx/CMakeFiles/STM32_Drivers.dir/__/__/Drivers/STM32F1xx_HAL_Driver/Src/stm32f1xx_hal_dma.c.obj
LOAD cmake/stm32cubemx/CMakeFiles/STM32_Drivers.dir/__/__/Drivers/STM32F1xx_HAL_Driver/Src/stm32f1xx_hal_cortex.c.obj
LOAD cmake/stm32cubemx/CMakeFiles/STM32_Drivers.dir/__/__/Drivers/STM32F1xx_HAL_Driver/Src/stm32f1xx_hal_pwr.c.obj
LOAD cmake/stm32cubemx/CMakeFiles/STM32_Drivers.dir/__/__/Drivers/STM32F1xx_HAL_Driver/Src/stm32f1xx_hal_flash.c.obj
LOAD cmake/stm32cubemx/CMakeFiles/STM32_Drivers.dir/__/__/Drivers/STM32F1xx_HAL_Driver/Src/stm32f1xx_hal_flash_ex.c.obj
LOAD cmake/stm32cubemx/CMakeFiles/STM32_Drivers.dir/__/__/Drivers/STM32F1xx_HAL_Driver/Src/stm32f1xx_hal_exti.c.obj
LOAD cmake/stm32cubemx/CMakeFiles/STM32_Drivers.dir/__/__/Drivers/STM32F1xx_HAL_Driver/Src/stm32f1xx_hal_uart.c.obj
LOAD cmake/stm32cubemx/CMakeFiles/FreeRTOS.dir/__/__/Middlewares/Third_Party/FreeRTOS/Source/croutine.c.obj
LOAD cmake/stm32cubemx/CMakeFiles/FreeRTOS.dir/__/__/Middlewares/Third_Party/FreeRTOS/Source/event_groups.c.obj
LOAD cmake/stm32cubemx/CMakeFiles/FreeRTOS.dir/__/__/Middlewares/Third_Party/FreeRTOS/Source/list.c.obj
LOAD cmake/stm32cubemx/CMakeFiles/FreeRTOS.dir/__/__/Middlewares/Third_Party/FreeRTOS/Source/queue.c.obj
LOAD cmake/stm32cubemx/CMakeFiles/FreeRTOS.dir/__/__/Middlewares/Third_Party/FreeRTOS/Source/stream_buffer.c.obj
LOAD cmake/stm32cubemx/CMakeFiles/FreeRTOS.dir/__/__/Middlewares/Third_Party/FreeRTOS/Source/tasks.c.obj
LOAD cmake/stm32cubemx/CMakeFiles/FreeRTOS.dir/__/__/Middlewares/Third_Party/FreeRTOS/Source/timers.c.obj
LOAD cmake/stm32cubemx/CMakeFiles/FreeRTOS.dir/__/__/Middlewares/Third_Party/FreeRTOS/Source/CMSIS_RTOS_V2/cmsis_os2.c.obj
LOAD cmake/stm32cubemx/CMakeFiles/FreeRTOS.dir/__/__/Middlewares/Third_Party/FreeRTOS/Source/portable/MemMang/heap_4.c.obj
LOAD cmake/stm32cubemx/CMakeFiles/FreeRTOS.dir/__/__/Middlewares/Third_Party/FreeRTOS/Source/portable/GCC/ARM_CM3/port.c.obj
LOAD CMakeFiles/controlSystem.dir/Core/Src/main.c.obj
LOAD CMakeFiles/controlSystem.dir/Core/Src/gpio.c.obj
LOAD CMakeFiles/controlSystem.dir/Core/Src/freertos.c.obj
LOAD CMakeFiles/controlSystem.dir/Core/Src/can.c.obj
LOAD CMakeFiles/controlSystem.dir/Core/Src/usart.c.obj
LOAD CMakeFiles/controlSystem.dir/Core/Src/stm32f1xx_it.c.obj
LOAD CMakeFiles/controlSystem.dir/Core/Src/stm32f1xx_hal_msp.c.obj
LOAD CMakeFiles/controlSystem.dir/Core/Src/stm32f1xx_hal_timebase_tim.c.obj
LOAD CMakeFiles/controlSystem.dir/Core/Src/sysmem.c.obj
LOAD CMakeFiles/controlSystem.dir/Core/Src/syscalls.c.obj
LOAD CMakeFiles/controlSystem.dir/startup_stm32f103xb.s.obj
LOAD CMakeFiles/controlSystem.dir/App/Common/pc_cmd_parser.c.obj
LOAD CMakeFiles/controlSystem.dir/App/Common/cmd_packer.c.obj
LOAD CMakeFiles/controlSystem.dir/App/SW/SW.c.obj
LOAD CMakeFiles/controlSystem.dir/App/Tasks/DataTask.c.obj
LOAD CMakeFiles/controlSystem.dir/App/Tasks/CmdCtrlTask.c.obj
LOAD CMakeFiles/controlSystem.dir/BSP/Motor/Motor.c.obj
LOAD CMakeFiles/controlSystem.dir/BSP/PWM/servo_pwm.c.obj
LOAD D:/7_code/DevEnv/DevEnv/GNU-tools-for-STM32/bin/../lib/gcc/arm-none-eabi/13.3.1/../../../../arm-none-eabi/lib/thumb/v7-m/nofp\libm.a
START GROUP
LOAD D:/7_code/DevEnv/DevEnv/GNU-tools-for-STM32/bin/../lib/gcc/arm-none-eabi/13.3.1/thumb/v7-m/nofp\libgcc.a
LOAD D:/7_code/DevEnv/DevEnv/GNU-tools-for-STM32/bin/../lib/gcc/arm-none-eabi/13.3.1/../../../../arm-none-eabi/lib/thumb/v7-m/nofp\libg_nano.a
LOAD D:/7_code/DevEnv/DevEnv/GNU-tools-for-STM32/bin/../lib/gcc/arm-none-eabi/13.3.1/../../../../arm-none-eabi/lib/thumb/v7-m/nofp\libc_nano.a
END GROUP
START GROUP
LOAD D:/7_code/DevEnv/DevEnv/GNU-tools-for-STM32/bin/../lib/gcc/arm-none-eabi/13.3.1/thumb/v7-m/nofp\libgcc.a
LOAD D:/7_code/DevEnv/DevEnv/GNU-tools-for-STM32/bin/../lib/gcc/arm-none-eabi/13.3.1/../../../../arm-none-eabi/lib/thumb/v7-m/nofp\libc_nano.a
END GROUP
LOAD D:/7_code/DevEnv/DevEnv/GNU-tools-for-STM32/bin/../lib/gcc/arm-none-eabi/13.3.1/thumb/v7-m/nofp/crtend.o
LOAD D:/7_code/DevEnv/DevEnv/GNU-tools-for-STM32/bin/../lib/gcc/arm-none-eabi/13.3.1/thumb/v7-m/nofp/crtn.o
                0x20005000                        _estack = (ORIGIN (RAM) + LENGTH (RAM))
                0x00000200                        _Min_Heap_Size = 0x200
                0x00000400                        _Min_Stack_Size = 0x400

.isr_vector     0x08000000      0x10c
                0x08000000                        . = ALIGN (0x4)
 *(.isr_vector)
 .isr_vector    0x08000000      0x10c CMakeFiles/controlSystem.dir/startup_stm32f103xb.s.obj
                0x08000000                g_pfnVectors
                0x0800010c                        . = ALIGN (0x4)

.text           0x08000110     0x7de4
                0x08000110                        . = ALIGN (0x4)
 *(.text)
 .text          0x08000110       0x40 D:/7_code/DevEnv/DevEnv/GNU-tools-for-STM32/bin/../lib/gcc/arm-none-eabi/13.3.1/thumb/v7-m/nofp/crtbegin.o
 .text          0x08000150      0x21c D:/7_code/DevEnv/DevEnv/GNU-tools-for-STM32/bin/../lib/gcc/arm-none-eabi/13.3.1/thumb/v7-m/nofp\libgcc.a(_arm_addsubsf3.o)
                0x08000150                __aeabi_frsub
                0x08000158                __subsf3
                0x08000158                __aeabi_fsub
                0x0800015c                __aeabi_fadd
                0x0800015c                __addsf3
                0x080002bc                __aeabi_ui2f
                0x080002bc                __floatunsisf
                0x080002c4                __aeabi_i2f
                0x080002c4                __floatsisf
                0x080002e0                __aeabi_ul2f
                0x080002e0                __floatundisf
                0x080002f0                __aeabi_l2f
                0x080002f0                __floatdisf
 .text          0x0800036c      0x2a0 D:/7_code/DevEnv/DevEnv/GNU-tools-for-STM32/bin/../lib/gcc/arm-none-eabi/13.3.1/thumb/v7-m/nofp\libgcc.a(_arm_muldivsf3.o)
                0x0800036c                __mulsf3
                0x0800036c                __aeabi_fmul
                0x080004d4                __aeabi_fdiv
                0x080004d4                __divsf3
 .text          0x0800060c       0xec D:/7_code/DevEnv/DevEnv/GNU-tools-for-STM32/bin/../lib/gcc/arm-none-eabi/13.3.1/thumb/v7-m/nofp\libgcc.a(_arm_cmpsf2.o)
                0x0800060c                __gesf2
                0x0800060c                __gtsf2
                0x08000614                __lesf2
                0x08000614                __ltsf2
                0x0800061c                __nesf2
                0x0800061c                __eqsf2
                0x0800061c                __cmpsf2
                0x0800067c                __aeabi_cfrcmple
                0x08000684                __aeabi_cfcmpeq
                0x08000684                __aeabi_cfcmple
                0x08000694                __aeabi_fcmpeq
                0x080006a8                __aeabi_fcmplt
                0x080006bc                __aeabi_fcmple
                0x080006d0                __aeabi_fcmpge
                0x080006e4                __aeabi_fcmpgt
 .text          0x080006f8       0x4c D:/7_code/DevEnv/DevEnv/GNU-tools-for-STM32/bin/../lib/gcc/arm-none-eabi/13.3.1/thumb/v7-m/nofp\libgcc.a(_arm_fixsfsi.o)
                0x080006f8                __aeabi_f2iz
                0x080006f8                __fixsfsi
 .text          0x08000744       0x40 D:/7_code/DevEnv/DevEnv/GNU-tools-for-STM32/bin/../lib/gcc/arm-none-eabi/13.3.1/thumb/v7-m/nofp\libgcc.a(_arm_fixunssfsi.o)
                0x08000744                __fixunssfsi
                0x08000744                __aeabi_f2uiz
 *(.text*)
 .text.SystemInit
                0x08000784        0xc cmake/stm32cubemx/CMakeFiles/STM32_Drivers.dir/__/__/Core/Src/system_stm32f1xx.c.obj
                0x08000784                SystemInit
 .text.HAL_TIM_Base_Init
                0x08000790       0x9e cmake/stm32cubemx/CMakeFiles/STM32_Drivers.dir/__/__/Drivers/STM32F1xx_HAL_Driver/Src/stm32f1xx_hal_tim.c.obj
                0x08000790                HAL_TIM_Base_Init
 .text.HAL_TIM_Base_MspInit
                0x0800082e       0x12 cmake/stm32cubemx/CMakeFiles/STM32_Drivers.dir/__/__/Drivers/STM32F1xx_HAL_Driver/Src/stm32f1xx_hal_tim.c.obj
                0x0800082e                HAL_TIM_Base_MspInit
 .text.HAL_TIM_Base_Start_IT
                0x08000840       0xa4 cmake/stm32cubemx/CMakeFiles/STM32_Drivers.dir/__/__/Drivers/STM32F1xx_HAL_Driver/Src/stm32f1xx_hal_tim.c.obj
                0x08000840                HAL_TIM_Base_Start_IT
 .text.HAL_TIM_PWM_Init
                0x080008e4       0x9e cmake/stm32cubemx/CMakeFiles/STM32_Drivers.dir/__/__/Drivers/STM32F1xx_HAL_Driver/Src/stm32f1xx_hal_tim.c.obj
                0x080008e4                HAL_TIM_PWM_Init
 *fill*         0x08000982        0x2 
 .text.HAL_TIM_PWM_Start
                0x08000984      0x144 cmake/stm32cubemx/CMakeFiles/STM32_Drivers.dir/__/__/Drivers/STM32F1xx_HAL_Driver/Src/stm32f1xx_hal_tim.c.obj
                0x08000984                HAL_TIM_PWM_Start
 .text.HAL_TIM_IRQHandler
                0x08000ac8      0x1e0 cmake/stm32cubemx/CMakeFiles/STM32_Drivers.dir/__/__/Drivers/STM32F1xx_HAL_Driver/Src/stm32f1xx_hal_tim.c.obj
                0x08000ac8                HAL_TIM_IRQHandler
 .text.HAL_TIM_PWM_ConfigChannel
                0x08000ca8      0x184 cmake/stm32cubemx/CMakeFiles/STM32_Drivers.dir/__/__/Drivers/STM32F1xx_HAL_Driver/Src/stm32f1xx_hal_tim.c.obj
                0x08000ca8                HAL_TIM_PWM_ConfigChannel
 .text.HAL_TIM_OC_DelayElapsedCallback
                0x08000e2c       0x12 cmake/stm32cubemx/CMakeFiles/STM32_Drivers.dir/__/__/Drivers/STM32F1xx_HAL_Driver/Src/stm32f1xx_hal_tim.c.obj
                0x08000e2c                HAL_TIM_OC_DelayElapsedCallback
 .text.HAL_TIM_IC_CaptureCallback
                0x08000e3e       0x12 cmake/stm32cubemx/CMakeFiles/STM32_Drivers.dir/__/__/Drivers/STM32F1xx_HAL_Driver/Src/stm32f1xx_hal_tim.c.obj
                0x08000e3e                HAL_TIM_IC_CaptureCallback
 .text.HAL_TIM_PWM_PulseFinishedCallback
                0x08000e50       0x12 cmake/stm32cubemx/CMakeFiles/STM32_Drivers.dir/__/__/Drivers/STM32F1xx_HAL_Driver/Src/stm32f1xx_hal_tim.c.obj
                0x08000e50                HAL_TIM_PWM_PulseFinishedCallback
 .text.HAL_TIM_TriggerCallback
                0x08000e62       0x12 cmake/stm32cubemx/CMakeFiles/STM32_Drivers.dir/__/__/Drivers/STM32F1xx_HAL_Driver/Src/stm32f1xx_hal_tim.c.obj
                0x08000e62                HAL_TIM_TriggerCallback
 .text.TIM_Base_SetConfig
                0x08000e74       0xdc cmake/stm32cubemx/CMakeFiles/STM32_Drivers.dir/__/__/Drivers/STM32F1xx_HAL_Driver/Src/stm32f1xx_hal_tim.c.obj
                0x08000e74                TIM_Base_SetConfig
 .text.TIM_OC1_SetConfig
                0x08000f50       0xcc cmake/stm32cubemx/CMakeFiles/STM32_Drivers.dir/__/__/Drivers/STM32F1xx_HAL_Driver/Src/stm32f1xx_hal_tim.c.obj
 .text.TIM_OC2_SetConfig
                0x0800101c       0xd4 cmake/stm32cubemx/CMakeFiles/STM32_Drivers.dir/__/__/Drivers/STM32F1xx_HAL_Driver/Src/stm32f1xx_hal_tim.c.obj
                0x0800101c                TIM_OC2_SetConfig
 .text.TIM_OC3_SetConfig
                0x080010f0       0xd4 cmake/stm32cubemx/CMakeFiles/STM32_Drivers.dir/__/__/Drivers/STM32F1xx_HAL_Driver/Src/stm32f1xx_hal_tim.c.obj
 .text.TIM_OC4_SetConfig
                0x080011c4       0x9c cmake/stm32cubemx/CMakeFiles/STM32_Drivers.dir/__/__/Drivers/STM32F1xx_HAL_Driver/Src/stm32f1xx_hal_tim.c.obj
 .text.TIM_CCxChannelCmd
                0x08001260       0x48 cmake/stm32cubemx/CMakeFiles/STM32_Drivers.dir/__/__/Drivers/STM32F1xx_HAL_Driver/Src/stm32f1xx_hal_tim.c.obj
                0x08001260                TIM_CCxChannelCmd
 .text.HAL_TIMEx_CommutCallback
                0x080012a8       0x12 cmake/stm32cubemx/CMakeFiles/STM32_Drivers.dir/__/__/Drivers/STM32F1xx_HAL_Driver/Src/stm32f1xx_hal_tim_ex.c.obj
                0x080012a8                HAL_TIMEx_CommutCallback
 .text.HAL_TIMEx_BreakCallback
                0x080012ba       0x12 cmake/stm32cubemx/CMakeFiles/STM32_Drivers.dir/__/__/Drivers/STM32F1xx_HAL_Driver/Src/stm32f1xx_hal_tim_ex.c.obj
                0x080012ba                HAL_TIMEx_BreakCallback
 .text.HAL_CAN_Init
                0x080012cc      0x1f6 cmake/stm32cubemx/CMakeFiles/STM32_Drivers.dir/__/__/Drivers/STM32F1xx_HAL_Driver/Src/stm32f1xx_hal_can.c.obj
                0x080012cc                HAL_CAN_Init
 .text.HAL_CAN_IRQHandler
                0x080014c2      0x36e cmake/stm32cubemx/CMakeFiles/STM32_Drivers.dir/__/__/Drivers/STM32F1xx_HAL_Driver/Src/stm32f1xx_hal_can.c.obj
                0x080014c2                HAL_CAN_IRQHandler
 .text.HAL_CAN_TxMailbox0CompleteCallback
                0x08001830       0x12 cmake/stm32cubemx/CMakeFiles/STM32_Drivers.dir/__/__/Drivers/STM32F1xx_HAL_Driver/Src/stm32f1xx_hal_can.c.obj
                0x08001830                HAL_CAN_TxMailbox0CompleteCallback
 .text.HAL_CAN_TxMailbox1CompleteCallback
                0x08001842       0x12 cmake/stm32cubemx/CMakeFiles/STM32_Drivers.dir/__/__/Drivers/STM32F1xx_HAL_Driver/Src/stm32f1xx_hal_can.c.obj
                0x08001842                HAL_CAN_TxMailbox1CompleteCallback
 .text.HAL_CAN_TxMailbox2CompleteCallback
                0x08001854       0x12 cmake/stm32cubemx/CMakeFiles/STM32_Drivers.dir/__/__/Drivers/STM32F1xx_HAL_Driver/Src/stm32f1xx_hal_can.c.obj
                0x08001854                HAL_CAN_TxMailbox2CompleteCallback
 .text.HAL_CAN_TxMailbox0AbortCallback
                0x08001866       0x12 cmake/stm32cubemx/CMakeFiles/STM32_Drivers.dir/__/__/Drivers/STM32F1xx_HAL_Driver/Src/stm32f1xx_hal_can.c.obj
                0x08001866                HAL_CAN_TxMailbox0AbortCallback
 .text.HAL_CAN_TxMailbox1AbortCallback
                0x08001878       0x12 cmake/stm32cubemx/CMakeFiles/STM32_Drivers.dir/__/__/Drivers/STM32F1xx_HAL_Driver/Src/stm32f1xx_hal_can.c.obj
                0x08001878                HAL_CAN_TxMailbox1AbortCallback
 .text.HAL_CAN_TxMailbox2AbortCallback
                0x0800188a       0x12 cmake/stm32cubemx/CMakeFiles/STM32_Drivers.dir/__/__/Drivers/STM32F1xx_HAL_Driver/Src/stm32f1xx_hal_can.c.obj
                0x0800188a                HAL_CAN_TxMailbox2AbortCallback
 .text.HAL_CAN_RxFifo0MsgPendingCallback
                0x0800189c       0x12 cmake/stm32cubemx/CMakeFiles/STM32_Drivers.dir/__/__/Drivers/STM32F1xx_HAL_Driver/Src/stm32f1xx_hal_can.c.obj
                0x0800189c                HAL_CAN_RxFifo0MsgPendingCallback
 .text.HAL_CAN_RxFifo0FullCallback
                0x080018ae       0x12 cmake/stm32cubemx/CMakeFiles/STM32_Drivers.dir/__/__/Drivers/STM32F1xx_HAL_Driver/Src/stm32f1xx_hal_can.c.obj
                0x080018ae                HAL_CAN_RxFifo0FullCallback
 .text.HAL_CAN_RxFifo1MsgPendingCallback
                0x080018c0       0x12 cmake/stm32cubemx/CMakeFiles/STM32_Drivers.dir/__/__/Drivers/STM32F1xx_HAL_Driver/Src/stm32f1xx_hal_can.c.obj
                0x080018c0                HAL_CAN_RxFifo1MsgPendingCallback
 .text.HAL_CAN_RxFifo1FullCallback
                0x080018d2       0x12 cmake/stm32cubemx/CMakeFiles/STM32_Drivers.dir/__/__/Drivers/STM32F1xx_HAL_Driver/Src/stm32f1xx_hal_can.c.obj
                0x080018d2                HAL_CAN_RxFifo1FullCallback
 .text.HAL_CAN_SleepCallback
                0x080018e4       0x12 cmake/stm32cubemx/CMakeFiles/STM32_Drivers.dir/__/__/Drivers/STM32F1xx_HAL_Driver/Src/stm32f1xx_hal_can.c.obj
                0x080018e4                HAL_CAN_SleepCallback
 .text.HAL_CAN_WakeUpFromRxMsgCallback
                0x080018f6       0x12 cmake/stm32cubemx/CMakeFiles/STM32_Drivers.dir/__/__/Drivers/STM32F1xx_HAL_Driver/Src/stm32f1xx_hal_can.c.obj
                0x080018f6                HAL_CAN_WakeUpFromRxMsgCallback
 .text.HAL_CAN_ErrorCallback
                0x08001908       0x12 cmake/stm32cubemx/CMakeFiles/STM32_Drivers.dir/__/__/Drivers/STM32F1xx_HAL_Driver/Src/stm32f1xx_hal_can.c.obj
                0x08001908                HAL_CAN_ErrorCallback
 *fill*         0x0800191a        0x2 
 .text.HAL_Init
                0x0800191c       0x2c cmake/stm32cubemx/CMakeFiles/STM32_Drivers.dir/__/__/Drivers/STM32F1xx_HAL_Driver/Src/stm32f1xx_hal.c.obj
                0x0800191c                HAL_Init
 .text.HAL_IncTick
                0x08001948       0x24 cmake/stm32cubemx/CMakeFiles/STM32_Drivers.dir/__/__/Drivers/STM32F1xx_HAL_Driver/Src/stm32f1xx_hal.c.obj
                0x08001948                HAL_IncTick
 .text.HAL_GetTick
                0x0800196c       0x14 cmake/stm32cubemx/CMakeFiles/STM32_Drivers.dir/__/__/Drivers/STM32F1xx_HAL_Driver/Src/stm32f1xx_hal.c.obj
                0x0800196c                HAL_GetTick
 .text.HAL_RCC_OscConfig
                0x08001980      0x504 cmake/stm32cubemx/CMakeFiles/STM32_Drivers.dir/__/__/Drivers/STM32F1xx_HAL_Driver/Src/stm32f1xx_hal_rcc.c.obj
                0x08001980                HAL_RCC_OscConfig
 .text.HAL_RCC_ClockConfig
                0x08001e84      0x1d4 cmake/stm32cubemx/CMakeFiles/STM32_Drivers.dir/__/__/Drivers/STM32F1xx_HAL_Driver/Src/stm32f1xx_hal_rcc.c.obj
                0x08001e84                HAL_RCC_ClockConfig
 .text.HAL_RCC_GetSysClockFreq
                0x08002058       0xa8 cmake/stm32cubemx/CMakeFiles/STM32_Drivers.dir/__/__/Drivers/STM32F1xx_HAL_Driver/Src/stm32f1xx_hal_rcc.c.obj
                0x08002058                HAL_RCC_GetSysClockFreq
 .text.HAL_RCC_GetHCLKFreq
                0x08002100       0x14 cmake/stm32cubemx/CMakeFiles/STM32_Drivers.dir/__/__/Drivers/STM32F1xx_HAL_Driver/Src/stm32f1xx_hal_rcc.c.obj
                0x08002100                HAL_RCC_GetHCLKFreq
 .text.HAL_RCC_GetPCLK1Freq
                0x08002114       0x28 cmake/stm32cubemx/CMakeFiles/STM32_Drivers.dir/__/__/Drivers/STM32F1xx_HAL_Driver/Src/stm32f1xx_hal_rcc.c.obj
                0x08002114                HAL_RCC_GetPCLK1Freq
 .text.HAL_RCC_GetPCLK2Freq
                0x0800213c       0x28 cmake/stm32cubemx/CMakeFiles/STM32_Drivers.dir/__/__/Drivers/STM32F1xx_HAL_Driver/Src/stm32f1xx_hal_rcc.c.obj
                0x0800213c                HAL_RCC_GetPCLK2Freq
 .text.HAL_RCC_GetClockConfig
                0x08002164       0x60 cmake/stm32cubemx/CMakeFiles/STM32_Drivers.dir/__/__/Drivers/STM32F1xx_HAL_Driver/Src/stm32f1xx_hal_rcc.c.obj
                0x08002164                HAL_RCC_GetClockConfig
 .text.RCC_Delay
                0x080021c4       0x3c cmake/stm32cubemx/CMakeFiles/STM32_Drivers.dir/__/__/Drivers/STM32F1xx_HAL_Driver/Src/stm32f1xx_hal_rcc.c.obj
 .text.HAL_GPIO_Init
                0x08002200      0x308 cmake/stm32cubemx/CMakeFiles/STM32_Drivers.dir/__/__/Drivers/STM32F1xx_HAL_Driver/Src/stm32f1xx_hal_gpio.c.obj
                0x08002200                HAL_GPIO_Init
 .text.HAL_DMA_Abort
                0x08002508       0x76 cmake/stm32cubemx/CMakeFiles/STM32_Drivers.dir/__/__/Drivers/STM32F1xx_HAL_Driver/Src/stm32f1xx_hal_dma.c.obj
                0x08002508                HAL_DMA_Abort
 *fill*         0x0800257e        0x2 
 .text.HAL_DMA_Abort_IT
                0x08002580       0xf0 cmake/stm32cubemx/CMakeFiles/STM32_Drivers.dir/__/__/Drivers/STM32F1xx_HAL_Driver/Src/stm32f1xx_hal_dma.c.obj
                0x08002580                HAL_DMA_Abort_IT
 .text.__NVIC_SetPriorityGrouping
                0x08002670       0x48 cmake/stm32cubemx/CMakeFiles/STM32_Drivers.dir/__/__/Drivers/STM32F1xx_HAL_Driver/Src/stm32f1xx_hal_cortex.c.obj
 .text.__NVIC_GetPriorityGrouping
                0x080026b8       0x1c cmake/stm32cubemx/CMakeFiles/STM32_Drivers.dir/__/__/Drivers/STM32F1xx_HAL_Driver/Src/stm32f1xx_hal_cortex.c.obj
 .text.__NVIC_EnableIRQ
                0x080026d4       0x38 cmake/stm32cubemx/CMakeFiles/STM32_Drivers.dir/__/__/Drivers/STM32F1xx_HAL_Driver/Src/stm32f1xx_hal_cortex.c.obj
 .text.__NVIC_SetPriority
                0x0800270c       0x54 cmake/stm32cubemx/CMakeFiles/STM32_Drivers.dir/__/__/Drivers/STM32F1xx_HAL_Driver/Src/stm32f1xx_hal_cortex.c.obj
 .text.NVIC_EncodePriority
                0x08002760       0x64 cmake/stm32cubemx/CMakeFiles/STM32_Drivers.dir/__/__/Drivers/STM32F1xx_HAL_Driver/Src/stm32f1xx_hal_cortex.c.obj
 .text.HAL_NVIC_SetPriorityGrouping
                0x080027c4       0x16 cmake/stm32cubemx/CMakeFiles/STM32_Drivers.dir/__/__/Drivers/STM32F1xx_HAL_Driver/Src/stm32f1xx_hal_cortex.c.obj
                0x080027c4                HAL_NVIC_SetPriorityGrouping
 .text.HAL_NVIC_SetPriority
                0x080027da       0x38 cmake/stm32cubemx/CMakeFiles/STM32_Drivers.dir/__/__/Drivers/STM32F1xx_HAL_Driver/Src/stm32f1xx_hal_cortex.c.obj
                0x080027da                HAL_NVIC_SetPriority
 .text.HAL_NVIC_EnableIRQ
                0x08002812       0x1c cmake/stm32cubemx/CMakeFiles/STM32_Drivers.dir/__/__/Drivers/STM32F1xx_HAL_Driver/Src/stm32f1xx_hal_cortex.c.obj
                0x08002812                HAL_NVIC_EnableIRQ
 .text.HAL_UART_Init
                0x0800282e       0xa0 cmake/stm32cubemx/CMakeFiles/STM32_Drivers.dir/__/__/Drivers/STM32F1xx_HAL_Driver/Src/stm32f1xx_hal_uart.c.obj
                0x0800282e                HAL_UART_Init
 .text.HAL_UART_Transmit
                0x080028ce      0x116 cmake/stm32cubemx/CMakeFiles/STM32_Drivers.dir/__/__/Drivers/STM32F1xx_HAL_Driver/Src/stm32f1xx_hal_uart.c.obj
                0x080028ce                HAL_UART_Transmit
 .text.HAL_UART_IRQHandler
                0x080029e4      0x524 cmake/stm32cubemx/CMakeFiles/STM32_Drivers.dir/__/__/Drivers/STM32F1xx_HAL_Driver/Src/stm32f1xx_hal_uart.c.obj
                0x080029e4                HAL_UART_IRQHandler
 .text.HAL_UART_TxCpltCallback
                0x08002f08       0x12 cmake/stm32cubemx/CMakeFiles/STM32_Drivers.dir/__/__/Drivers/STM32F1xx_HAL_Driver/Src/stm32f1xx_hal_uart.c.obj
                0x08002f08                HAL_UART_TxCpltCallback
 .text.HAL_UART_RxCpltCallback
                0x08002f1a       0x12 cmake/stm32cubemx/CMakeFiles/STM32_Drivers.dir/__/__/Drivers/STM32F1xx_HAL_Driver/Src/stm32f1xx_hal_uart.c.obj
                0x08002f1a                HAL_UART_RxCpltCallback
 .text.HAL_UART_ErrorCallback
                0x08002f2c       0x12 cmake/stm32cubemx/CMakeFiles/STM32_Drivers.dir/__/__/Drivers/STM32F1xx_HAL_Driver/Src/stm32f1xx_hal_uart.c.obj
                0x08002f2c                HAL_UART_ErrorCallback
 .text.HAL_UARTEx_RxEventCallback
                0x08002f3e       0x16 cmake/stm32cubemx/CMakeFiles/STM32_Drivers.dir/__/__/Drivers/STM32F1xx_HAL_Driver/Src/stm32f1xx_hal_uart.c.obj
                0x08002f3e                HAL_UARTEx_RxEventCallback
 .text.UART_WaitOnFlagUntilTimeout
                0x08002f54       0xb2 cmake/stm32cubemx/CMakeFiles/STM32_Drivers.dir/__/__/Drivers/STM32F1xx_HAL_Driver/Src/stm32f1xx_hal_uart.c.obj
 .text.UART_EndRxTransfer
                0x08003006       0xc4 cmake/stm32cubemx/CMakeFiles/STM32_Drivers.dir/__/__/Drivers/STM32F1xx_HAL_Driver/Src/stm32f1xx_hal_uart.c.obj
 .text.UART_DMAAbortOnError
                0x080030ca       0x28 cmake/stm32cubemx/CMakeFiles/STM32_Drivers.dir/__/__/Drivers/STM32F1xx_HAL_Driver/Src/stm32f1xx_hal_uart.c.obj
 .text.UART_Transmit_IT
                0x080030f2       0x9e cmake/stm32cubemx/CMakeFiles/STM32_Drivers.dir/__/__/Drivers/STM32F1xx_HAL_Driver/Src/stm32f1xx_hal_uart.c.obj
 .text.UART_EndTransmit_IT
                0x08003190       0x30 cmake/stm32cubemx/CMakeFiles/STM32_Drivers.dir/__/__/Drivers/STM32F1xx_HAL_Driver/Src/stm32f1xx_hal_uart.c.obj
 .text.UART_Receive_IT
                0x080031c0      0x17c cmake/stm32cubemx/CMakeFiles/STM32_Drivers.dir/__/__/Drivers/STM32F1xx_HAL_Driver/Src/stm32f1xx_hal_uart.c.obj
 .text.UART_SetConfig
                0x0800333c      0x11c cmake/stm32cubemx/CMakeFiles/STM32_Drivers.dir/__/__/Drivers/STM32F1xx_HAL_Driver/Src/stm32f1xx_hal_uart.c.obj
 .text.vListInitialise
                0x08003458       0x3e cmake/stm32cubemx/CMakeFiles/FreeRTOS.dir/__/__/Middlewares/Third_Party/FreeRTOS/Source/list.c.obj
                0x08003458                vListInitialise
 .text.vListInitialiseItem
                0x08003496       0x18 cmake/stm32cubemx/CMakeFiles/FreeRTOS.dir/__/__/Middlewares/Third_Party/FreeRTOS/Source/list.c.obj
                0x08003496                vListInitialiseItem
 .text.vListInsertEnd
                0x080034ae       0x46 cmake/stm32cubemx/CMakeFiles/FreeRTOS.dir/__/__/Middlewares/Third_Party/FreeRTOS/Source/list.c.obj
                0x080034ae                vListInsertEnd
 .text.vListInsert
                0x080034f4       0x70 cmake/stm32cubemx/CMakeFiles/FreeRTOS.dir/__/__/Middlewares/Third_Party/FreeRTOS/Source/list.c.obj
                0x080034f4                vListInsert
 .text.uxListRemove
                0x08003564       0x52 cmake/stm32cubemx/CMakeFiles/FreeRTOS.dir/__/__/Middlewares/Third_Party/FreeRTOS/Source/list.c.obj
                0x08003564                uxListRemove
 *fill*         0x080035b6        0x2 
 .text.xQueueGenericReset
                0x080035b8       0xd4 cmake/stm32cubemx/CMakeFiles/FreeRTOS.dir/__/__/Middlewares/Third_Party/FreeRTOS/Source/queue.c.obj
                0x080035b8                xQueueGenericReset
 .text.xQueueGenericCreateStatic
                0x0800368c       0xfa cmake/stm32cubemx/CMakeFiles/FreeRTOS.dir/__/__/Middlewares/Third_Party/FreeRTOS/Source/queue.c.obj
                0x0800368c                xQueueGenericCreateStatic
 .text.xQueueGenericCreate
                0x08003786       0x76 cmake/stm32cubemx/CMakeFiles/FreeRTOS.dir/__/__/Middlewares/Third_Party/FreeRTOS/Source/queue.c.obj
                0x08003786                xQueueGenericCreate
 .text.prvInitialiseNewQueue
                0x080037fc       0x46 cmake/stm32cubemx/CMakeFiles/FreeRTOS.dir/__/__/Middlewares/Third_Party/FreeRTOS/Source/queue.c.obj
 *fill*         0x08003842        0x2 
 .text.xQueueGenericSend
                0x08003844      0x204 cmake/stm32cubemx/CMakeFiles/FreeRTOS.dir/__/__/Middlewares/Third_Party/FreeRTOS/Source/queue.c.obj
                0x08003844                xQueueGenericSend
 .text.xQueueGenericSendFromISR
                0x08003a48      0x13c cmake/stm32cubemx/CMakeFiles/FreeRTOS.dir/__/__/Middlewares/Third_Party/FreeRTOS/Source/queue.c.obj
                0x08003a48                xQueueGenericSendFromISR
 .text.xQueueReceive
                0x08003b84      0x1c4 cmake/stm32cubemx/CMakeFiles/FreeRTOS.dir/__/__/Middlewares/Third_Party/FreeRTOS/Source/queue.c.obj
                0x08003b84                xQueueReceive
 .text.xQueueReceiveFromISR
                0x08003d48      0x104 cmake/stm32cubemx/CMakeFiles/FreeRTOS.dir/__/__/Middlewares/Third_Party/FreeRTOS/Source/queue.c.obj
                0x08003d48                xQueueReceiveFromISR
 .text.prvCopyDataToQueue
                0x08003e4c       0xd4 cmake/stm32cubemx/CMakeFiles/FreeRTOS.dir/__/__/Middlewares/Third_Party/FreeRTOS/Source/queue.c.obj
 .text.prvCopyDataFromQueue
                0x08003f20       0x4c cmake/stm32cubemx/CMakeFiles/FreeRTOS.dir/__/__/Middlewares/Third_Party/FreeRTOS/Source/queue.c.obj
 .text.prvUnlockQueue
                0x08003f6c       0xa4 cmake/stm32cubemx/CMakeFiles/FreeRTOS.dir/__/__/Middlewares/Third_Party/FreeRTOS/Source/queue.c.obj
 .text.prvIsQueueEmpty
                0x08004010       0x2c cmake/stm32cubemx/CMakeFiles/FreeRTOS.dir/__/__/Middlewares/Third_Party/FreeRTOS/Source/queue.c.obj
 .text.prvIsQueueFull
                0x0800403c       0x30 cmake/stm32cubemx/CMakeFiles/FreeRTOS.dir/__/__/Middlewares/Third_Party/FreeRTOS/Source/queue.c.obj
 .text.vQueueAddToRegistry
                0x0800406c       0x50 cmake/stm32cubemx/CMakeFiles/FreeRTOS.dir/__/__/Middlewares/Third_Party/FreeRTOS/Source/queue.c.obj
                0x0800406c                vQueueAddToRegistry
 .text.vQueueWaitForMessageRestricted
                0x080040bc       0x68 cmake/stm32cubemx/CMakeFiles/FreeRTOS.dir/__/__/Middlewares/Third_Party/FreeRTOS/Source/queue.c.obj
                0x080040bc                vQueueWaitForMessageRestricted
 .text.xTaskCreateStatic
                0x08004124       0xc0 cmake/stm32cubemx/CMakeFiles/FreeRTOS.dir/__/__/Middlewares/Third_Party/FreeRTOS/Source/tasks.c.obj
                0x08004124                xTaskCreateStatic
 .text.xTaskCreate
                0x080041e4       0x8a cmake/stm32cubemx/CMakeFiles/FreeRTOS.dir/__/__/Middlewares/Third_Party/FreeRTOS/Source/tasks.c.obj
                0x080041e4                xTaskCreate
 .text.prvInitialiseNewTask
                0x0800426e      0x120 cmake/stm32cubemx/CMakeFiles/FreeRTOS.dir/__/__/Middlewares/Third_Party/FreeRTOS/Source/tasks.c.obj
 *fill*         0x0800438e        0x2 
 .text.prvAddNewTaskToReadyList
                0x08004390       0xe0 cmake/stm32cubemx/CMakeFiles/FreeRTOS.dir/__/__/Middlewares/Third_Party/FreeRTOS/Source/tasks.c.obj
 .text.vTaskDelay
                0x08004470       0x6c cmake/stm32cubemx/CMakeFiles/FreeRTOS.dir/__/__/Middlewares/Third_Party/FreeRTOS/Source/tasks.c.obj
                0x08004470                vTaskDelay
 .text.vTaskStartScheduler
                0x080044dc       0xd0 cmake/stm32cubemx/CMakeFiles/FreeRTOS.dir/__/__/Middlewares/Third_Party/FreeRTOS/Source/tasks.c.obj
                0x080044dc                vTaskStartScheduler
 .text.vTaskSuspendAll
                0x080045ac       0x1c cmake/stm32cubemx/CMakeFiles/FreeRTOS.dir/__/__/Middlewares/Third_Party/FreeRTOS/Source/tasks.c.obj
                0x080045ac                vTaskSuspendAll
 .text.xTaskResumeAll
                0x080045c8      0x13c cmake/stm32cubemx/CMakeFiles/FreeRTOS.dir/__/__/Middlewares/Third_Party/FreeRTOS/Source/tasks.c.obj
                0x080045c8                xTaskResumeAll
 .text.xTaskGetTickCount
                0x08004704       0x1c cmake/stm32cubemx/CMakeFiles/FreeRTOS.dir/__/__/Middlewares/Third_Party/FreeRTOS/Source/tasks.c.obj
                0x08004704                xTaskGetTickCount
 .text.xTaskGetTickCountFromISR
                0x08004720       0x24 cmake/stm32cubemx/CMakeFiles/FreeRTOS.dir/__/__/Middlewares/Third_Party/FreeRTOS/Source/tasks.c.obj
                0x08004720                xTaskGetTickCountFromISR
 .text.xTaskIncrementTick
                0x08004744      0x174 cmake/stm32cubemx/CMakeFiles/FreeRTOS.dir/__/__/Middlewares/Third_Party/FreeRTOS/Source/tasks.c.obj
                0x08004744                xTaskIncrementTick
 .text.vTaskSwitchContext
                0x080048b8       0xbc cmake/stm32cubemx/CMakeFiles/FreeRTOS.dir/__/__/Middlewares/Third_Party/FreeRTOS/Source/tasks.c.obj
                0x080048b8                vTaskSwitchContext
 .text.vTaskPlaceOnEventList
                0x08004974       0x4c cmake/stm32cubemx/CMakeFiles/FreeRTOS.dir/__/__/Middlewares/Third_Party/FreeRTOS/Source/tasks.c.obj
                0x08004974                vTaskPlaceOnEventList
 .text.vTaskPlaceOnEventListRestricted
                0x080049c0       0x58 cmake/stm32cubemx/CMakeFiles/FreeRTOS.dir/__/__/Middlewares/Third_Party/FreeRTOS/Source/tasks.c.obj
                0x080049c0                vTaskPlaceOnEventListRestricted
 .text.xTaskRemoveFromEventList
                0x08004a18       0xc8 cmake/stm32cubemx/CMakeFiles/FreeRTOS.dir/__/__/Middlewares/Third_Party/FreeRTOS/Source/tasks.c.obj
                0x08004a18                xTaskRemoveFromEventList
 .text.vTaskInternalSetTimeOutState
                0x08004ae0       0x2c cmake/stm32cubemx/CMakeFiles/FreeRTOS.dir/__/__/Middlewares/Third_Party/FreeRTOS/Source/tasks.c.obj
                0x08004ae0                vTaskInternalSetTimeOutState
 .text.xTaskCheckForTimeOut
                0x08004b0c       0xc8 cmake/stm32cubemx/CMakeFiles/FreeRTOS.dir/__/__/Middlewares/Third_Party/FreeRTOS/Source/tasks.c.obj
                0x08004b0c                xTaskCheckForTimeOut
 .text.vTaskMissedYield
                0x08004bd4       0x18 cmake/stm32cubemx/CMakeFiles/FreeRTOS.dir/__/__/Middlewares/Third_Party/FreeRTOS/Source/tasks.c.obj
                0x08004bd4                vTaskMissedYield
 .text.prvIdleTask
                0x08004bec       0x30 cmake/stm32cubemx/CMakeFiles/FreeRTOS.dir/__/__/Middlewares/Third_Party/FreeRTOS/Source/tasks.c.obj
 .text.prvInitialiseTaskLists
                0x08004c1c       0x80 cmake/stm32cubemx/CMakeFiles/FreeRTOS.dir/__/__/Middlewares/Third_Party/FreeRTOS/Source/tasks.c.obj
 .text.prvCheckTasksWaitingTermination
                0x08004c9c       0x5c cmake/stm32cubemx/CMakeFiles/FreeRTOS.dir/__/__/Middlewares/Third_Party/FreeRTOS/Source/tasks.c.obj
 .text.prvDeleteTCB
                0x08004cf8       0x60 cmake/stm32cubemx/CMakeFiles/FreeRTOS.dir/__/__/Middlewares/Third_Party/FreeRTOS/Source/tasks.c.obj
 .text.prvResetNextTaskUnblockTime
                0x08004d58       0x40 cmake/stm32cubemx/CMakeFiles/FreeRTOS.dir/__/__/Middlewares/Third_Party/FreeRTOS/Source/tasks.c.obj
 .text.xTaskGetSchedulerState
                0x08004d98       0x3c cmake/stm32cubemx/CMakeFiles/FreeRTOS.dir/__/__/Middlewares/Third_Party/FreeRTOS/Source/tasks.c.obj
                0x08004d98                xTaskGetSchedulerState
 .text.xTaskPriorityDisinherit
                0x08004dd4       0xe0 cmake/stm32cubemx/CMakeFiles/FreeRTOS.dir/__/__/Middlewares/Third_Party/FreeRTOS/Source/tasks.c.obj
                0x08004dd4                xTaskPriorityDisinherit
 .text.prvAddCurrentTaskToDelayedList
                0x08004eb4       0xa8 cmake/stm32cubemx/CMakeFiles/FreeRTOS.dir/__/__/Middlewares/Third_Party/FreeRTOS/Source/tasks.c.obj
 .text.xTimerCreateTimerTask
                0x08004f5c       0x94 cmake/stm32cubemx/CMakeFiles/FreeRTOS.dir/__/__/Middlewares/Third_Party/FreeRTOS/Source/timers.c.obj
                0x08004f5c                xTimerCreateTimerTask
 .text.xTimerGenericCommand
                0x08004ff0       0x9c cmake/stm32cubemx/CMakeFiles/FreeRTOS.dir/__/__/Middlewares/Third_Party/FreeRTOS/Source/timers.c.obj
                0x08004ff0                xTimerGenericCommand
 .text.prvProcessExpiredTimer
                0x0800508c       0x9c cmake/stm32cubemx/CMakeFiles/FreeRTOS.dir/__/__/Middlewares/Third_Party/FreeRTOS/Source/timers.c.obj
 .text.prvTimerTask
                0x08005128       0x26 cmake/stm32cubemx/CMakeFiles/FreeRTOS.dir/__/__/Middlewares/Third_Party/FreeRTOS/Source/timers.c.obj
 *fill*         0x0800514e        0x2 
 .text.prvProcessTimerOrBlockTask
                0x08005150       0x9c cmake/stm32cubemx/CMakeFiles/FreeRTOS.dir/__/__/Middlewares/Third_Party/FreeRTOS/Source/timers.c.obj
 .text.prvGetNextExpireTime
                0x080051ec       0x44 cmake/stm32cubemx/CMakeFiles/FreeRTOS.dir/__/__/Middlewares/Third_Party/FreeRTOS/Source/timers.c.obj
 .text.prvSampleTimeNow
                0x08005230       0x40 cmake/stm32cubemx/CMakeFiles/FreeRTOS.dir/__/__/Middlewares/Third_Party/FreeRTOS/Source/timers.c.obj
 .text.prvInsertTimerInActiveList
                0x08005270       0x84 cmake/stm32cubemx/CMakeFiles/FreeRTOS.dir/__/__/Middlewares/Third_Party/FreeRTOS/Source/timers.c.obj
 .text.prvProcessReceivedCommands
                0x080052f4      0x1cc cmake/stm32cubemx/CMakeFiles/FreeRTOS.dir/__/__/Middlewares/Third_Party/FreeRTOS/Source/timers.c.obj
 .text.prvSwitchTimerLists
                0x080054c0       0xcc cmake/stm32cubemx/CMakeFiles/FreeRTOS.dir/__/__/Middlewares/Third_Party/FreeRTOS/Source/timers.c.obj
 .text.prvCheckForValidListAndQueue
                0x0800558c       0x80 cmake/stm32cubemx/CMakeFiles/FreeRTOS.dir/__/__/Middlewares/Third_Party/FreeRTOS/Source/timers.c.obj
 .text.__NVIC_SetPriority
                0x0800560c       0x54 cmake/stm32cubemx/CMakeFiles/FreeRTOS.dir/__/__/Middlewares/Third_Party/FreeRTOS/Source/CMSIS_RTOS_V2/cmsis_os2.c.obj
 .text.SysTick_Handler
                0x08005660       0x20 cmake/stm32cubemx/CMakeFiles/FreeRTOS.dir/__/__/Middlewares/Third_Party/FreeRTOS/Source/CMSIS_RTOS_V2/cmsis_os2.c.obj
                0x08005660                SysTick_Handler
 .text.SVC_Setup
                0x08005680       0x12 cmake/stm32cubemx/CMakeFiles/FreeRTOS.dir/__/__/Middlewares/Third_Party/FreeRTOS/Source/CMSIS_RTOS_V2/cmsis_os2.c.obj
 *fill*         0x08005692        0x2 
 .text.osKernelInitialize
                0x08005694       0x44 cmake/stm32cubemx/CMakeFiles/FreeRTOS.dir/__/__/Middlewares/Third_Party/FreeRTOS/Source/CMSIS_RTOS_V2/cmsis_os2.c.obj
                0x08005694                osKernelInitialize
 .text.osKernelStart
                0x080056d8       0x4c cmake/stm32cubemx/CMakeFiles/FreeRTOS.dir/__/__/Middlewares/Third_Party/FreeRTOS/Source/CMSIS_RTOS_V2/cmsis_os2.c.obj
                0x080056d8                osKernelStart
 .text.osKernelGetTickCount
                0x08005724       0x2a cmake/stm32cubemx/CMakeFiles/FreeRTOS.dir/__/__/Middlewares/Third_Party/FreeRTOS/Source/CMSIS_RTOS_V2/cmsis_os2.c.obj
                0x08005724                osKernelGetTickCount
 .text.osThreadNew
                0x0800574e      0x124 cmake/stm32cubemx/CMakeFiles/FreeRTOS.dir/__/__/Middlewares/Third_Party/FreeRTOS/Source/CMSIS_RTOS_V2/cmsis_os2.c.obj
                0x0800574e                osThreadNew
 .text.osDelay  0x08005872       0x36 cmake/stm32cubemx/CMakeFiles/FreeRTOS.dir/__/__/Middlewares/Third_Party/FreeRTOS/Source/CMSIS_RTOS_V2/cmsis_os2.c.obj
                0x08005872                osDelay
 .text.osMessageQueueNew
                0x080058a8       0xe6 cmake/stm32cubemx/CMakeFiles/FreeRTOS.dir/__/__/Middlewares/Third_Party/FreeRTOS/Source/CMSIS_RTOS_V2/cmsis_os2.c.obj
                0x080058a8                osMessageQueueNew
 *fill*         0x0800598e        0x2 
 .text.osMessageQueuePut
                0x08005990       0xc0 cmake/stm32cubemx/CMakeFiles/FreeRTOS.dir/__/__/Middlewares/Third_Party/FreeRTOS/Source/CMSIS_RTOS_V2/cmsis_os2.c.obj
                0x08005990                osMessageQueuePut
 .text.osMessageQueueGet
                0x08005a50       0xbc cmake/stm32cubemx/CMakeFiles/FreeRTOS.dir/__/__/Middlewares/Third_Party/FreeRTOS/Source/CMSIS_RTOS_V2/cmsis_os2.c.obj
                0x08005a50                osMessageQueueGet
 .text.vApplicationGetIdleTaskMemory
                0x08005b0c       0x30 cmake/stm32cubemx/CMakeFiles/FreeRTOS.dir/__/__/Middlewares/Third_Party/FreeRTOS/Source/CMSIS_RTOS_V2/cmsis_os2.c.obj
                0x08005b0c                vApplicationGetIdleTaskMemory
 .text.vApplicationGetTimerTaskMemory
                0x08005b3c       0x34 cmake/stm32cubemx/CMakeFiles/FreeRTOS.dir/__/__/Middlewares/Third_Party/FreeRTOS/Source/CMSIS_RTOS_V2/cmsis_os2.c.obj
                0x08005b3c                vApplicationGetTimerTaskMemory
 .text.pvPortMalloc
                0x08005b70      0x19c cmake/stm32cubemx/CMakeFiles/FreeRTOS.dir/__/__/Middlewares/Third_Party/FreeRTOS/Source/portable/MemMang/heap_4.c.obj
                0x08005b70                pvPortMalloc
 .text.vPortFree
                0x08005d0c       0xc8 cmake/stm32cubemx/CMakeFiles/FreeRTOS.dir/__/__/Middlewares/Third_Party/FreeRTOS/Source/portable/MemMang/heap_4.c.obj
                0x08005d0c                vPortFree
 .text.prvHeapInit
                0x08005dd4       0xc4 cmake/stm32cubemx/CMakeFiles/FreeRTOS.dir/__/__/Middlewares/Third_Party/FreeRTOS/Source/portable/MemMang/heap_4.c.obj
 .text.prvInsertBlockIntoFreeList
                0x08005e98       0xb0 cmake/stm32cubemx/CMakeFiles/FreeRTOS.dir/__/__/Middlewares/Third_Party/FreeRTOS/Source/portable/MemMang/heap_4.c.obj
 .text.pxPortInitialiseStack
                0x08005f48       0x58 cmake/stm32cubemx/CMakeFiles/FreeRTOS.dir/__/__/Middlewares/Third_Party/FreeRTOS/Source/portable/GCC/ARM_CM3/port.c.obj
                0x08005f48                pxPortInitialiseStack
 .text.prvTaskExitError
                0x08005fa0       0x58 cmake/stm32cubemx/CMakeFiles/FreeRTOS.dir/__/__/Middlewares/Third_Party/FreeRTOS/Source/portable/GCC/ARM_CM3/port.c.obj
 *fill*         0x08005ff8        0x8 
 .text.SVC_Handler
                0x08006000       0x28 cmake/stm32cubemx/CMakeFiles/FreeRTOS.dir/__/__/Middlewares/Third_Party/FreeRTOS/Source/portable/GCC/ARM_CM3/port.c.obj
                0x08006000                SVC_Handler
 .text.prvPortStartFirstTask
                0x08006028       0x20 cmake/stm32cubemx/CMakeFiles/FreeRTOS.dir/__/__/Middlewares/Third_Party/FreeRTOS/Source/portable/GCC/ARM_CM3/port.c.obj
 .text.xPortStartScheduler
                0x08006048       0xe4 cmake/stm32cubemx/CMakeFiles/FreeRTOS.dir/__/__/Middlewares/Third_Party/FreeRTOS/Source/portable/GCC/ARM_CM3/port.c.obj
                0x08006048                xPortStartScheduler
 .text.vPortEnterCritical
                0x0800612c       0x60 cmake/stm32cubemx/CMakeFiles/FreeRTOS.dir/__/__/Middlewares/Third_Party/FreeRTOS/Source/portable/GCC/ARM_CM3/port.c.obj
                0x0800612c                vPortEnterCritical
 .text.vPortExitCritical
                0x0800618c       0x54 cmake/stm32cubemx/CMakeFiles/FreeRTOS.dir/__/__/Middlewares/Third_Party/FreeRTOS/Source/portable/GCC/ARM_CM3/port.c.obj
                0x0800618c                vPortExitCritical
 .text.PendSV_Handler
                0x080061e0       0x48 cmake/stm32cubemx/CMakeFiles/FreeRTOS.dir/__/__/Middlewares/Third_Party/FreeRTOS/Source/portable/GCC/ARM_CM3/port.c.obj
                0x080061e0                PendSV_Handler
 .text.xPortSysTickHandler
                0x08006228       0x44 cmake/stm32cubemx/CMakeFiles/FreeRTOS.dir/__/__/Middlewares/Third_Party/FreeRTOS/Source/portable/GCC/ARM_CM3/port.c.obj
                0x08006228                xPortSysTickHandler
 .text.vPortSetupTimerInterrupt
                0x0800626c       0x44 cmake/stm32cubemx/CMakeFiles/FreeRTOS.dir/__/__/Middlewares/Third_Party/FreeRTOS/Source/portable/GCC/ARM_CM3/port.c.obj
                0x0800626c                vPortSetupTimerInterrupt
 .text.vPortValidateInterruptPriority
                0x080062b0       0x80 cmake/stm32cubemx/CMakeFiles/FreeRTOS.dir/__/__/Middlewares/Third_Party/FreeRTOS/Source/portable/GCC/ARM_CM3/port.c.obj
                0x080062b0                vPortValidateInterruptPriority
 .text.main     0x08006330       0x30 CMakeFiles/controlSystem.dir/Core/Src/main.c.obj
                0x08006330                main
 .text.SystemClock_Config
                0x08006360       0x8a CMakeFiles/controlSystem.dir/Core/Src/main.c.obj
                0x08006360                SystemClock_Config
 *fill*         0x080063ea        0x2 
 .text.HAL_TIM_PeriodElapsedCallback
                0x080063ec       0x24 CMakeFiles/controlSystem.dir/Core/Src/main.c.obj
                0x080063ec                HAL_TIM_PeriodElapsedCallback
 .text.Error_Handler
                0x08006410        0xc CMakeFiles/controlSystem.dir/Core/Src/main.c.obj
                0x08006410                Error_Handler
 .text.MX_GPIO_Init
                0x0800641c       0x44 CMakeFiles/controlSystem.dir/Core/Src/gpio.c.obj
                0x0800641c                MX_GPIO_Init
 .text.MX_FREERTOS_Init
                0x08006460       0xa8 CMakeFiles/controlSystem.dir/Core/Src/freertos.c.obj
                0x08006460                MX_FREERTOS_Init
 .text.MX_CAN_Init
                0x08006508       0x6c CMakeFiles/controlSystem.dir/Core/Src/can.c.obj
                0x08006508                MX_CAN_Init
 .text.HAL_CAN_MspInit
                0x08006574       0xd8 CMakeFiles/controlSystem.dir/Core/Src/can.c.obj
                0x08006574                HAL_CAN_MspInit
 .text.MX_USART2_UART_Init
                0x0800664c       0x54 CMakeFiles/controlSystem.dir/Core/Src/usart.c.obj
                0x0800664c                MX_USART2_UART_Init
 .text.HAL_UART_MspInit
                0x080066a0      0x128 CMakeFiles/controlSystem.dir/Core/Src/usart.c.obj
                0x080066a0                HAL_UART_MspInit
 .text.Usart_SendString
                0x080067c8       0x58 CMakeFiles/controlSystem.dir/Core/Src/usart.c.obj
                0x080067c8                Usart_SendString
 .text.UART2_Receive_Start
                0x08006820       0x20 CMakeFiles/controlSystem.dir/Core/Src/usart.c.obj
                0x08006820                UART2_Receive_Start
 .text.USART_RX_CustomHandler
                0x08006840      0x110 CMakeFiles/controlSystem.dir/Core/Src/usart.c.obj
                0x08006840                USART_RX_CustomHandler
 .text.NMI_Handler
                0x08006950        0x8 CMakeFiles/controlSystem.dir/Core/Src/stm32f1xx_it.c.obj
                0x08006950                NMI_Handler
 .text.HardFault_Handler
                0x08006958        0x8 CMakeFiles/controlSystem.dir/Core/Src/stm32f1xx_it.c.obj
                0x08006958                HardFault_Handler
 .text.MemManage_Handler
                0x08006960        0x8 CMakeFiles/controlSystem.dir/Core/Src/stm32f1xx_it.c.obj
                0x08006960                MemManage_Handler
 .text.BusFault_Handler
                0x08006968        0x8 CMakeFiles/controlSystem.dir/Core/Src/stm32f1xx_it.c.obj
                0x08006968                BusFault_Handler
 .text.UsageFault_Handler
                0x08006970        0x8 CMakeFiles/controlSystem.dir/Core/Src/stm32f1xx_it.c.obj
                0x08006970                UsageFault_Handler
 .text.DebugMon_Handler
                0x08006978        0xc CMakeFiles/controlSystem.dir/Core/Src/stm32f1xx_it.c.obj
                0x08006978                DebugMon_Handler
 .text.USB_HP_CAN1_TX_IRQHandler
                0x08006984       0x14 CMakeFiles/controlSystem.dir/Core/Src/stm32f1xx_it.c.obj
                0x08006984                USB_HP_CAN1_TX_IRQHandler
 .text.USB_LP_CAN1_RX0_IRQHandler
                0x08006998       0x14 CMakeFiles/controlSystem.dir/Core/Src/stm32f1xx_it.c.obj
                0x08006998                USB_LP_CAN1_RX0_IRQHandler
 .text.CAN1_RX1_IRQHandler
                0x080069ac       0x14 CMakeFiles/controlSystem.dir/Core/Src/stm32f1xx_it.c.obj
                0x080069ac                CAN1_RX1_IRQHandler
 .text.CAN1_SCE_IRQHandler
                0x080069c0       0x14 CMakeFiles/controlSystem.dir/Core/Src/stm32f1xx_it.c.obj
                0x080069c0                CAN1_SCE_IRQHandler
 .text.TIM4_IRQHandler
                0x080069d4       0x14 CMakeFiles/controlSystem.dir/Core/Src/stm32f1xx_it.c.obj
                0x080069d4                TIM4_IRQHandler
 .text.USART1_IRQHandler
                0x080069e8       0x3c CMakeFiles/controlSystem.dir/Core/Src/stm32f1xx_it.c.obj
                0x080069e8                USART1_IRQHandler
 .text.USART2_IRQHandler
                0x08006a24       0x3c CMakeFiles/controlSystem.dir/Core/Src/stm32f1xx_it.c.obj
                0x08006a24                USART2_IRQHandler
 .text.HAL_MspInit
                0x08006a60       0x70 CMakeFiles/controlSystem.dir/Core/Src/stm32f1xx_hal_msp.c.obj
                0x08006a60                HAL_MspInit
 .text.HAL_InitTick
                0x08006ad0       0xfc CMakeFiles/controlSystem.dir/Core/Src/stm32f1xx_hal_timebase_tim.c.obj
                0x08006ad0                HAL_InitTick
 .text.Reset_Handler
                0x08006bcc       0x48 CMakeFiles/controlSystem.dir/startup_stm32f103xb.s.obj
                0x08006bcc                Reset_Handler
 .text.Default_Handler
                0x08006c14        0x2 CMakeFiles/controlSystem.dir/startup_stm32f103xb.s.obj
                0x08006c14                RTC_Alarm_IRQHandler
                0x08006c14                EXTI2_IRQHandler
                0x08006c14                TIM1_CC_IRQHandler
                0x08006c14                PVD_IRQHandler
                0x08006c14                EXTI3_IRQHandler
                0x08006c14                EXTI0_IRQHandler
                0x08006c14                I2C2_EV_IRQHandler
                0x08006c14                ADC1_2_IRQHandler
                0x08006c14                SPI1_IRQHandler
                0x08006c14                TAMPER_IRQHandler
                0x08006c14                DMA1_Channel4_IRQHandler
                0x08006c14                USART3_IRQHandler
                0x08006c14                RTC_IRQHandler
                0x08006c14                DMA1_Channel7_IRQHandler
                0x08006c14                I2C1_EV_IRQHandler
                0x08006c14                DMA1_Channel6_IRQHandler
                0x08006c14                TIM3_IRQHandler
                0x08006c14                RCC_IRQHandler
                0x08006c14                TIM1_TRG_COM_IRQHandler
                0x08006c14                DMA1_Channel1_IRQHandler
                0x08006c14                Default_Handler
                0x08006c14                EXTI15_10_IRQHandler
                0x08006c14                EXTI9_5_IRQHandler
                0x08006c14                SPI2_IRQHandler
                0x08006c14                DMA1_Channel5_IRQHandler
                0x08006c14                EXTI4_IRQHandler
                0x08006c14                DMA1_Channel3_IRQHandler
                0x08006c14                TIM1_UP_IRQHandler
                0x08006c14                WWDG_IRQHandler
                0x08006c14                TIM2_IRQHandler
                0x08006c14                TIM1_BRK_IRQHandler
                0x08006c14                EXTI1_IRQHandler
                0x08006c14                I2C2_ER_IRQHandler
                0x08006c14                DMA1_Channel2_IRQHandler
                0x08006c14                FLASH_IRQHandler
                0x08006c14                I2C1_ER_IRQHandler
                0x08006c14                USBWakeUp_IRQHandler
 *fill*         0x08006c16        0x2 
 .text.pc_cmd_parser_reset
                0x08006c18       0x2c CMakeFiles/controlSystem.dir/App/Common/pc_cmd_parser.c.obj
                0x08006c18                pc_cmd_parser_reset
 .text.parse_and_execute
                0x08006c44      0x20c CMakeFiles/controlSystem.dir/App/Common/pc_cmd_parser.c.obj
 .text.pc_cmd_parser_feed_byte
                0x08006e50      0x12c CMakeFiles/controlSystem.dir/App/Common/pc_cmd_parser.c.obj
                0x08006e50                pc_cmd_parser_feed_byte
 .text.cmd_packer_pack_status_frame
                0x08006f7c      0x214 CMakeFiles/controlSystem.dir/App/Common/cmd_packer.c.obj
                0x08006f7c                cmd_packer_pack_status_frame
 .text.SW_init  0x08007190       0x30 CMakeFiles/controlSystem.dir/App/SW/SW.c.obj
                0x08007190                SW_init
 .text.SW_kinematic_control
                0x080071c0       0x64 CMakeFiles/controlSystem.dir/App/SW/SW.c.obj
                0x080071c0                SW_kinematic_control
 .text.SW_action_group_start
                0x08007224       0x5c CMakeFiles/controlSystem.dir/App/SW/SW.c.obj
                0x08007224                SW_action_group_start
 .text.SW_action_group_start_default
                0x08007280       0x14 CMakeFiles/controlSystem.dir/App/SW/SW.c.obj
                0x08007280                SW_action_group_start_default
 .text.SW_action_group_stop
                0x08007294       0x60 CMakeFiles/controlSystem.dir/App/SW/SW.c.obj
                0x08007294                SW_action_group_stop
 .text.action_group_motion_done
                0x080072f4       0x44 CMakeFiles/controlSystem.dir/App/SW/SW.c.obj
 .text.SW_action_group_control
                0x08007338      0x1dc CMakeFiles/controlSystem.dir/App/SW/SW.c.obj
                0x08007338                SW_action_group_control
 .text.StartDataTask
                0x08007514       0x58 CMakeFiles/controlSystem.dir/App/Tasks/DataTask.c.obj
                0x08007514                StartDataTask
 .text.StartCmdCtrlTask
                0x0800756c       0x58 CMakeFiles/controlSystem.dir/App/Tasks/CmdCtrlTask.c.obj
                0x0800756c                StartCmdCtrlTask
 .text.s_curve  0x080075c4       0x80 CMakeFiles/controlSystem.dir/BSP/Motor/Motor.c.obj
 .text.gear_angle_to_pulse
                0x08007644       0xd4 CMakeFiles/controlSystem.dir/BSP/Motor/Motor.c.obj
 .text.motor_init
                0x08007718      0x138 CMakeFiles/controlSystem.dir/BSP/Motor/Motor.c.obj
                0x08007718                motor_init
 .text.motor_run
                0x08007850      0x154 CMakeFiles/controlSystem.dir/BSP/Motor/Motor.c.obj
                0x08007850                motor_run
 .text.motor_control_step
                0x080079a4      0x190 CMakeFiles/controlSystem.dir/BSP/Motor/Motor.c.obj
                0x080079a4                motor_control_step
 .text.motor_feedback_reset
                0x08007b34       0x7c CMakeFiles/controlSystem.dir/BSP/Motor/Motor.c.obj
                0x08007b34                motor_feedback_reset
 .text.servo_register
                0x08007bb0       0x98 CMakeFiles/controlSystem.dir/BSP/PWM/servo_pwm.c.obj
                0x08007bb0                servo_register
 .text.servo_set_pulse
                0x08007c48       0x98 CMakeFiles/controlSystem.dir/BSP/PWM/servo_pwm.c.obj
                0x08007c48                servo_set_pulse
 .text.servo_pwm_init
                0x08007ce0       0xac CMakeFiles/controlSystem.dir/BSP/PWM/servo_pwm.c.obj
                0x08007ce0                servo_pwm_init
 .text.HAL_TIM_PWM_MspInit
                0x08007d8c       0xdc CMakeFiles/controlSystem.dir/BSP/PWM/servo_pwm.c.obj
                0x08007d8c                HAL_TIM_PWM_MspInit
 .text.memset   0x08007e68       0x10 D:/7_code/DevEnv/DevEnv/GNU-tools-for-STM32/bin/../lib/gcc/arm-none-eabi/13.3.1/../../../../arm-none-eabi/lib/thumb/v7-m/nofp\libg_nano.a(libc_a-memset.o)
                0x08007e68                memset
 .text.__libc_init_array
                0x08007e78       0x48 D:/7_code/DevEnv/DevEnv/GNU-tools-for-STM32/bin/../lib/gcc/arm-none-eabi/13.3.1/../../../../arm-none-eabi/lib/thumb/v7-m/nofp\libg_nano.a(libc_a-init.o)
                0x08007e78                __libc_init_array
 .text.memcpy   0x08007ec0       0x1c D:/7_code/DevEnv/DevEnv/GNU-tools-for-STM32/bin/../lib/gcc/arm-none-eabi/13.3.1/../../../../arm-none-eabi/lib/thumb/v7-m/nofp\libg_nano.a(libc_a-memcpy-stub.o)
                0x08007ec0                memcpy
 *(.glue_7)
 .glue_7        0x08007edc        0x0 linker stubs
 *(.glue_7t)
 .glue_7t       0x08007edc        0x0 linker stubs
 *(.eh_frame)
 .eh_frame      0x08007edc        0x0 D:/7_code/DevEnv/DevEnv/GNU-tools-for-STM32/bin/../lib/gcc/arm-none-eabi/13.3.1/thumb/v7-m/nofp/crtbegin.o
 *(.init)
 .init          0x08007edc        0x4 D:/7_code/DevEnv/DevEnv/GNU-tools-for-STM32/bin/../lib/gcc/arm-none-eabi/13.3.1/thumb/v7-m/nofp/crti.o
                0x08007edc                _init
 .init          0x08007ee0        0x8 D:/7_code/DevEnv/DevEnv/GNU-tools-for-STM32/bin/../lib/gcc/arm-none-eabi/13.3.1/thumb/v7-m/nofp/crtn.o
 *(.fini)
 .fini          0x08007ee8        0x4 D:/7_code/DevEnv/DevEnv/GNU-tools-for-STM32/bin/../lib/gcc/arm-none-eabi/13.3.1/thumb/v7-m/nofp/crti.o
                0x08007ee8                _fini
 .fini          0x08007eec        0x8 D:/7_code/DevEnv/DevEnv/GNU-tools-for-STM32/bin/../lib/gcc/arm-none-eabi/13.3.1/thumb/v7-m/nofp/crtn.o
                0x08007ef4                        . = ALIGN (0x4)
                0x08007ef4                        _etext = .

.vfp11_veneer   0x08007ef4        0x0
 .vfp11_veneer  0x08007ef4        0x0 linker stubs

.v4_bx          0x08007ef4        0x0
 .v4_bx         0x08007ef4        0x0 linker stubs

.iplt           0x08007ef4        0x0
 .iplt          0x08007ef4        0x0 D:/7_code/DevEnv/DevEnv/GNU-tools-for-STM32/bin/../lib/gcc/arm-none-eabi/13.3.1/thumb/v7-m/nofp/crtbegin.o

.rodata         0x08007ef4      0x15c
                0x08007ef4                        . = ALIGN (0x4)
 *(.rodata)
 .rodata        0x08007ef4        0x5 cmake/stm32cubemx/CMakeFiles/FreeRTOS.dir/__/__/Middlewares/Third_Party/FreeRTOS/Source/tasks.c.obj
 *fill*         0x08007ef9        0x3 
 .rodata        0x08007efc        0xd cmake/stm32cubemx/CMakeFiles/FreeRTOS.dir/__/__/Middlewares/Third_Party/FreeRTOS/Source/timers.c.obj
 *fill*         0x08007f09        0x3 
 .rodata        0x08007f0c       0x55 CMakeFiles/controlSystem.dir/Core/Src/freertos.c.obj
 *(.rodata*)
 *fill*         0x08007f61        0x3 
 .rodata.AHBPrescTable
                0x08007f64       0x10 cmake/stm32cubemx/CMakeFiles/STM32_Drivers.dir/__/__/Core/Src/system_stm32f1xx.c.obj
                0x08007f64                AHBPrescTable
 .rodata.APBPrescTable
                0x08007f74        0x8 cmake/stm32cubemx/CMakeFiles/STM32_Drivers.dir/__/__/Core/Src/system_stm32f1xx.c.obj
                0x08007f74                APBPrescTable
 .rodata.aPLLMULFactorTable.1
                0x08007f7c       0x10 cmake/stm32cubemx/CMakeFiles/STM32_Drivers.dir/__/__/Drivers/STM32F1xx_HAL_Driver/Src/stm32f1xx_hal_rcc.c.obj
 .rodata.aPredivFactorTable.0
                0x08007f8c        0x2 cmake/stm32cubemx/CMakeFiles/STM32_Drivers.dir/__/__/Drivers/STM32F1xx_HAL_Driver/Src/stm32f1xx_hal_rcc.c.obj
 *fill*         0x08007f8e        0x2 
 .rodata.CmdCtrlTask_attributes
                0x08007f90       0x24 CMakeFiles/controlSystem.dir/Core/Src/freertos.c.obj
                0x08007f90                CmdCtrlTask_attributes
 .rodata.DataTask_attributes
                0x08007fb4       0x24 CMakeFiles/controlSystem.dir/Core/Src/freertos.c.obj
                0x08007fb4                DataTask_attributes
 .rodata.CmdCtrlQueue_attributes
                0x08007fd8       0x18 CMakeFiles/controlSystem.dir/Core/Src/freertos.c.obj
                0x08007fd8                CmdCtrlQueue_attributes
 .rodata.CmdQueue_attributes
                0x08007ff0       0x18 CMakeFiles/controlSystem.dir/Core/Src/freertos.c.obj
                0x08007ff0                CmdQueue_attributes
 .rodata.SensorMessageQueue_attributes
                0x08008008       0x18 CMakeFiles/controlSystem.dir/Core/Src/freertos.c.obj
                0x08008008                SensorMessageQueue_attributes
 .rodata.CmdDataQueue_attributes
                0x08008020       0x18 CMakeFiles/controlSystem.dir/Core/Src/freertos.c.obj
                0x08008020                CmdDataQueue_attributes
 .rodata.s_ag_default_cfg
                0x08008038       0x18 CMakeFiles/controlSystem.dir/App/SW/SW.c.obj
                0x08008050                        . = ALIGN (0x4)

.ARM.extab      0x08008050        0x0
                0x08008050                        . = ALIGN (0x4)
 *(.ARM.extab* .gnu.linkonce.armextab.*)
                0x08008050                        . = ALIGN (0x4)

.ARM            0x08008050        0x0
                0x08008050                        . = ALIGN (0x4)
                0x08008050                        __exidx_start = .
 *(.ARM.exidx*)
                0x08008050                        __exidx_end = .
                0x08008050                        . = ALIGN (0x4)

.preinit_array  0x08008050        0x0
                0x08008050                        . = ALIGN (0x4)
                0x08008050                        PROVIDE (__preinit_array_start = .)
 *(.preinit_array*)
                0x08008050                        PROVIDE (__preinit_array_end = .)
                0x08008050                        . = ALIGN (0x4)

.init_array     0x08008050        0x4
                0x08008050                        . = ALIGN (0x4)
                0x08008050                        PROVIDE (__init_array_start = .)
 *(SORT_BY_NAME(.init_array.*))
 *(.init_array*)
 .init_array    0x08008050        0x4 D:/7_code/DevEnv/DevEnv/GNU-tools-for-STM32/bin/../lib/gcc/arm-none-eabi/13.3.1/thumb/v7-m/nofp/crtbegin.o
                0x08008054                        PROVIDE (__init_array_end = .)
                0x08008054                        . = ALIGN (0x4)

.fini_array     0x08008054        0x4
                0x08008054                        . = ALIGN (0x4)
                [!provide]                        PROVIDE (__fini_array_start = .)
 *(SORT_BY_NAME(.fini_array.*))
 *(.fini_array*)
 .fini_array    0x08008054        0x4 D:/7_code/DevEnv/DevEnv/GNU-tools-for-STM32/bin/../lib/gcc/arm-none-eabi/13.3.1/thumb/v7-m/nofp/crtbegin.o
                [!provide]                        PROVIDE (__fini_array_end = .)
                0x08008058                        . = ALIGN (0x4)
                0x08008058                        _sidata = LOADADDR (.data)

.rel.dyn        0x08008058        0x0
 .rel.iplt      0x08008058        0x0 D:/7_code/DevEnv/DevEnv/GNU-tools-for-STM32/bin/../lib/gcc/arm-none-eabi/13.3.1/thumb/v7-m/nofp/crtbegin.o

.data           0x20000000       0x14 load address 0x08008058
                0x20000000                        . = ALIGN (0x4)
                0x20000000                        _sdata = .
 *(.data)
 *(.data*)
 .data.SystemCoreClock
                0x20000000        0x4 cmake/stm32cubemx/CMakeFiles/STM32_Drivers.dir/__/__/Core/Src/system_stm32f1xx.c.obj
                0x20000000                SystemCoreClock
 .data.uwTickPrio
                0x20000004        0x4 cmake/stm32cubemx/CMakeFiles/STM32_Drivers.dir/__/__/Drivers/STM32F1xx_HAL_Driver/Src/stm32f1xx_hal.c.obj
                0x20000004                uwTickPrio
 .data.uwTickFreq
                0x20000008        0x1 cmake/stm32cubemx/CMakeFiles/STM32_Drivers.dir/__/__/Drivers/STM32F1xx_HAL_Driver/Src/stm32f1xx_hal.c.obj
                0x20000008                uwTickFreq
 *fill*         0x20000009        0x3 
 .data.uxCriticalNesting
                0x2000000c        0x4 cmake/stm32cubemx/CMakeFiles/FreeRTOS.dir/__/__/Middlewares/Third_Party/FreeRTOS/Source/portable/GCC/ARM_CM3/port.c.obj
 .data.s_ag_last_was_down
                0x20000010        0x1 CMakeFiles/controlSystem.dir/App/SW/SW.c.obj
 *(.RamFunc)
 *(.RamFunc*)
                0x20000014                        . = ALIGN (0x4)
 *fill*         0x20000011        0x3 

.igot.plt       0x20000014        0x0 load address 0x0800806c
 .igot.plt      0x20000014        0x0 D:/7_code/DevEnv/DevEnv/GNU-tools-for-STM32/bin/../lib/gcc/arm-none-eabi/13.3.1/thumb/v7-m/nofp/crtbegin.o

.tdata          0x20000014        0x0 load address 0x0800806c
 *(.tdata .tdata.* .gnu.linkonce.td.*)
                0x20000014                        . = ALIGN (0x4)
                0x20000014                        _edata = .
                [!provide]                        PROVIDE (__data_end = .)
                [!provide]                        PROVIDE (__tdata_end = .)
                [!provide]                        PROVIDE (__tdata_start = ADDR (.tdata))
                [!provide]                        PROVIDE (__tdata_size = (__tdata_end - __tdata_start))
                [!provide]                        PROVIDE (__data_start = ADDR (.data))
                [!provide]                        PROVIDE (__data_size = (__data_end - __data_start))
                [!provide]                        PROVIDE (__tdata_source = LOADADDR (.tdata))
                [!provide]                        PROVIDE (__tdata_source_end = (LOADADDR (.tdata) + SIZEOF (.tdata)))
                [!provide]                        PROVIDE (__tdata_source_size = (__tdata_source_end - __tdata_source))
                [!provide]                        PROVIDE (__data_source = LOADADDR (.data))
                [!provide]                        PROVIDE (__data_source_end = __tdata_source_end)
                [!provide]                        PROVIDE (__data_source_size = (__data_source_end - __data_source))

.tbss           0x20000014        0x0 load address 0x0800806c
                0x20000014                        _sbss = .
                0x20000014                        __bss_start__ = _sbss
 *(.tbss .tbss.*)
                0x20000014                        . = ALIGN (0x4)
                [!provide]                        PROVIDE (__tbss_end = .)
                [!provide]                        PROVIDE (__tbss_start = ADDR (.tbss))
                [!provide]                        PROVIDE (__tbss_size = (__tbss_end - __tbss_start))
                [!provide]                        PROVIDE (__tbss_offset = (ADDR (.tbss) - ADDR (.tdata)))
                [!provide]                        PROVIDE (__tls_base = __tdata_start)
                [!provide]                        PROVIDE (__tls_end = __tbss_end)
                [!provide]                        PROVIDE (__tls_size = (__tls_end - __tls_base))
                [!provide]                        PROVIDE (__tls_align = MAX (ALIGNOF (.tdata), ALIGNOF (.tbss)))
                [!provide]                        PROVIDE (__tls_size_align = (((__tls_size + __tls_align) - 0x1) & ~ ((__tls_align - 0x1))))
                [!provide]                        PROVIDE (__arm32_tls_tcb_offset = MAX (0x8, __tls_align))
                [!provide]                        PROVIDE (__arm64_tls_tcb_offset = MAX (0x10, __tls_align))

.bss            0x20000018     0x3a44 load address 0x0800806c
 *(.bss)
 .bss           0x20000018       0x1c D:/7_code/DevEnv/DevEnv/GNU-tools-for-STM32/bin/../lib/gcc/arm-none-eabi/13.3.1/thumb/v7-m/nofp/crtbegin.o
 *(.bss*)
 .bss.uwTick    0x20000034        0x4 cmake/stm32cubemx/CMakeFiles/STM32_Drivers.dir/__/__/Drivers/STM32F1xx_HAL_Driver/Src/stm32f1xx_hal.c.obj
                0x20000034                uwTick
 .bss.xQueueRegistry
                0x20000038       0x40 cmake/stm32cubemx/CMakeFiles/FreeRTOS.dir/__/__/Middlewares/Third_Party/FreeRTOS/Source/queue.c.obj
                0x20000038                xQueueRegistry
 .bss.pxCurrentTCB
                0x20000078        0x4 cmake/stm32cubemx/CMakeFiles/FreeRTOS.dir/__/__/Middlewares/Third_Party/FreeRTOS/Source/tasks.c.obj
                0x20000078                pxCurrentTCB
 .bss.pxReadyTasksLists
                0x2000007c      0x460 cmake/stm32cubemx/CMakeFiles/FreeRTOS.dir/__/__/Middlewares/Third_Party/FreeRTOS/Source/tasks.c.obj
 .bss.xDelayedTaskList1
                0x200004dc       0x14 cmake/stm32cubemx/CMakeFiles/FreeRTOS.dir/__/__/Middlewares/Third_Party/FreeRTOS/Source/tasks.c.obj
 .bss.xDelayedTaskList2
                0x200004f0       0x14 cmake/stm32cubemx/CMakeFiles/FreeRTOS.dir/__/__/Middlewares/Third_Party/FreeRTOS/Source/tasks.c.obj
 .bss.pxDelayedTaskList
                0x20000504        0x4 cmake/stm32cubemx/CMakeFiles/FreeRTOS.dir/__/__/Middlewares/Third_Party/FreeRTOS/Source/tasks.c.obj
 .bss.pxOverflowDelayedTaskList
                0x20000508        0x4 cmake/stm32cubemx/CMakeFiles/FreeRTOS.dir/__/__/Middlewares/Third_Party/FreeRTOS/Source/tasks.c.obj
 .bss.xPendingReadyList
                0x2000050c       0x14 cmake/stm32cubemx/CMakeFiles/FreeRTOS.dir/__/__/Middlewares/Third_Party/FreeRTOS/Source/tasks.c.obj
 .bss.xTasksWaitingTermination
                0x20000520       0x14 cmake/stm32cubemx/CMakeFiles/FreeRTOS.dir/__/__/Middlewares/Third_Party/FreeRTOS/Source/tasks.c.obj
 .bss.uxDeletedTasksWaitingCleanUp
                0x20000534        0x4 cmake/stm32cubemx/CMakeFiles/FreeRTOS.dir/__/__/Middlewares/Third_Party/FreeRTOS/Source/tasks.c.obj
 .bss.xSuspendedTaskList
                0x20000538       0x14 cmake/stm32cubemx/CMakeFiles/FreeRTOS.dir/__/__/Middlewares/Third_Party/FreeRTOS/Source/tasks.c.obj
 .bss.uxCurrentNumberOfTasks
                0x2000054c        0x4 cmake/stm32cubemx/CMakeFiles/FreeRTOS.dir/__/__/Middlewares/Third_Party/FreeRTOS/Source/tasks.c.obj
 .bss.xTickCount
                0x20000550        0x4 cmake/stm32cubemx/CMakeFiles/FreeRTOS.dir/__/__/Middlewares/Third_Party/FreeRTOS/Source/tasks.c.obj
 .bss.uxTopReadyPriority
                0x20000554        0x4 cmake/stm32cubemx/CMakeFiles/FreeRTOS.dir/__/__/Middlewares/Third_Party/FreeRTOS/Source/tasks.c.obj
 .bss.xSchedulerRunning
                0x20000558        0x4 cmake/stm32cubemx/CMakeFiles/FreeRTOS.dir/__/__/Middlewares/Third_Party/FreeRTOS/Source/tasks.c.obj
 .bss.xPendedTicks
                0x2000055c        0x4 cmake/stm32cubemx/CMakeFiles/FreeRTOS.dir/__/__/Middlewares/Third_Party/FreeRTOS/Source/tasks.c.obj
 .bss.xYieldPending
                0x20000560        0x4 cmake/stm32cubemx/CMakeFiles/FreeRTOS.dir/__/__/Middlewares/Third_Party/FreeRTOS/Source/tasks.c.obj
 .bss.xNumOfOverflows
                0x20000564        0x4 cmake/stm32cubemx/CMakeFiles/FreeRTOS.dir/__/__/Middlewares/Third_Party/FreeRTOS/Source/tasks.c.obj
 .bss.uxTaskNumber
                0x20000568        0x4 cmake/stm32cubemx/CMakeFiles/FreeRTOS.dir/__/__/Middlewares/Third_Party/FreeRTOS/Source/tasks.c.obj
 .bss.xNextTaskUnblockTime
                0x2000056c        0x4 cmake/stm32cubemx/CMakeFiles/FreeRTOS.dir/__/__/Middlewares/Third_Party/FreeRTOS/Source/tasks.c.obj
 .bss.xIdleTaskHandle
                0x20000570        0x4 cmake/stm32cubemx/CMakeFiles/FreeRTOS.dir/__/__/Middlewares/Third_Party/FreeRTOS/Source/tasks.c.obj
 .bss.uxSchedulerSuspended
                0x20000574        0x4 cmake/stm32cubemx/CMakeFiles/FreeRTOS.dir/__/__/Middlewares/Third_Party/FreeRTOS/Source/tasks.c.obj
 .bss.xActiveTimerList1
                0x20000578       0x14 cmake/stm32cubemx/CMakeFiles/FreeRTOS.dir/__/__/Middlewares/Third_Party/FreeRTOS/Source/timers.c.obj
 .bss.xActiveTimerList2
                0x2000058c       0x14 cmake/stm32cubemx/CMakeFiles/FreeRTOS.dir/__/__/Middlewares/Third_Party/FreeRTOS/Source/timers.c.obj
 .bss.pxCurrentTimerList
                0x200005a0        0x4 cmake/stm32cubemx/CMakeFiles/FreeRTOS.dir/__/__/Middlewares/Third_Party/FreeRTOS/Source/timers.c.obj
 .bss.pxOverflowTimerList
                0x200005a4        0x4 cmake/stm32cubemx/CMakeFiles/FreeRTOS.dir/__/__/Middlewares/Third_Party/FreeRTOS/Source/timers.c.obj
 .bss.xTimerQueue
                0x200005a8        0x4 cmake/stm32cubemx/CMakeFiles/FreeRTOS.dir/__/__/Middlewares/Third_Party/FreeRTOS/Source/timers.c.obj
 .bss.xTimerTaskHandle
                0x200005ac        0x4 cmake/stm32cubemx/CMakeFiles/FreeRTOS.dir/__/__/Middlewares/Third_Party/FreeRTOS/Source/timers.c.obj
 .bss.xLastTime.2
                0x200005b0        0x4 cmake/stm32cubemx/CMakeFiles/FreeRTOS.dir/__/__/Middlewares/Third_Party/FreeRTOS/Source/timers.c.obj
 .bss.ucStaticTimerQueueStorage.1
                0x200005b4       0xa0 cmake/stm32cubemx/CMakeFiles/FreeRTOS.dir/__/__/Middlewares/Third_Party/FreeRTOS/Source/timers.c.obj
 .bss.xStaticTimerQueue.0
                0x20000654       0x50 cmake/stm32cubemx/CMakeFiles/FreeRTOS.dir/__/__/Middlewares/Third_Party/FreeRTOS/Source/timers.c.obj
 .bss.KernelState
                0x200006a4        0x4 cmake/stm32cubemx/CMakeFiles/FreeRTOS.dir/__/__/Middlewares/Third_Party/FreeRTOS/Source/CMSIS_RTOS_V2/cmsis_os2.c.obj
 .bss.Idle_TCB.3
                0x200006a8       0x5c cmake/stm32cubemx/CMakeFiles/FreeRTOS.dir/__/__/Middlewares/Third_Party/FreeRTOS/Source/CMSIS_RTOS_V2/cmsis_os2.c.obj
 .bss.Idle_Stack.2
                0x20000704      0x200 cmake/stm32cubemx/CMakeFiles/FreeRTOS.dir/__/__/Middlewares/Third_Party/FreeRTOS/Source/CMSIS_RTOS_V2/cmsis_os2.c.obj
 .bss.Timer_TCB.1
                0x20000904       0x5c cmake/stm32cubemx/CMakeFiles/FreeRTOS.dir/__/__/Middlewares/Third_Party/FreeRTOS/Source/CMSIS_RTOS_V2/cmsis_os2.c.obj
 .bss.Timer_Stack.0
                0x20000960      0x400 cmake/stm32cubemx/CMakeFiles/FreeRTOS.dir/__/__/Middlewares/Third_Party/FreeRTOS/Source/CMSIS_RTOS_V2/cmsis_os2.c.obj
 .bss.ucHeap    0x20000d60     0x2800 cmake/stm32cubemx/CMakeFiles/FreeRTOS.dir/__/__/Middlewares/Third_Party/FreeRTOS/Source/portable/MemMang/heap_4.c.obj
 .bss.xStart    0x20003560        0x8 cmake/stm32cubemx/CMakeFiles/FreeRTOS.dir/__/__/Middlewares/Third_Party/FreeRTOS/Source/portable/MemMang/heap_4.c.obj
 .bss.pxEnd     0x20003568        0x4 cmake/stm32cubemx/CMakeFiles/FreeRTOS.dir/__/__/Middlewares/Third_Party/FreeRTOS/Source/portable/MemMang/heap_4.c.obj
 .bss.xFreeBytesRemaining
                0x2000356c        0x4 cmake/stm32cubemx/CMakeFiles/FreeRTOS.dir/__/__/Middlewares/Third_Party/FreeRTOS/Source/portable/MemMang/heap_4.c.obj
 .bss.xMinimumEverFreeBytesRemaining
                0x20003570        0x4 cmake/stm32cubemx/CMakeFiles/FreeRTOS.dir/__/__/Middlewares/Third_Party/FreeRTOS/Source/portable/MemMang/heap_4.c.obj
 .bss.xNumberOfSuccessfulAllocations
                0x20003574        0x4 cmake/stm32cubemx/CMakeFiles/FreeRTOS.dir/__/__/Middlewares/Third_Party/FreeRTOS/Source/portable/MemMang/heap_4.c.obj
 .bss.xNumberOfSuccessfulFrees
                0x20003578        0x4 cmake/stm32cubemx/CMakeFiles/FreeRTOS.dir/__/__/Middlewares/Third_Party/FreeRTOS/Source/portable/MemMang/heap_4.c.obj
 .bss.xBlockAllocatedBit
                0x2000357c        0x4 cmake/stm32cubemx/CMakeFiles/FreeRTOS.dir/__/__/Middlewares/Third_Party/FreeRTOS/Source/portable/MemMang/heap_4.c.obj
 .bss.ucMaxSysCallPriority
                0x20003580        0x1 cmake/stm32cubemx/CMakeFiles/FreeRTOS.dir/__/__/Middlewares/Third_Party/FreeRTOS/Source/portable/GCC/ARM_CM3/port.c.obj
 *fill*         0x20003581        0x3 
 .bss.ulMaxPRIGROUPValue
                0x20003584        0x4 cmake/stm32cubemx/CMakeFiles/FreeRTOS.dir/__/__/Middlewares/Third_Party/FreeRTOS/Source/portable/GCC/ARM_CM3/port.c.obj
 .bss.CmdCtrlTaskHandle
                0x20003588        0x4 CMakeFiles/controlSystem.dir/Core/Src/freertos.c.obj
                0x20003588                CmdCtrlTaskHandle
 .bss.DataTaskHandle
                0x2000358c        0x4 CMakeFiles/controlSystem.dir/Core/Src/freertos.c.obj
                0x2000358c                DataTaskHandle
 .bss.CmdCtrlQueueHandle
                0x20003590        0x4 CMakeFiles/controlSystem.dir/Core/Src/freertos.c.obj
                0x20003590                CmdCtrlQueueHandle
 .bss.CmdQueueHandle
                0x20003594        0x4 CMakeFiles/controlSystem.dir/Core/Src/freertos.c.obj
                0x20003594                CmdQueueHandle
 .bss.SensorMessageQueueHandle
                0x20003598        0x4 CMakeFiles/controlSystem.dir/Core/Src/freertos.c.obj
                0x20003598                SensorMessageQueueHandle
 .bss.CmdDataQueueHandle
                0x2000359c        0x4 CMakeFiles/controlSystem.dir/Core/Src/freertos.c.obj
                0x2000359c                CmdDataQueueHandle
 .bss.hcan      0x200035a0       0x28 CMakeFiles/controlSystem.dir/Core/Src/can.c.obj
                0x200035a0                hcan
 .bss.huart1    0x200035c8       0x48 CMakeFiles/controlSystem.dir/Core/Src/usart.c.obj
                0x200035c8                huart1
 .bss.huart2    0x20003610       0x48 CMakeFiles/controlSystem.dir/Core/Src/usart.c.obj
                0x20003610                huart2
 .bss.htim4     0x20003658       0x48 CMakeFiles/controlSystem.dir/Core/Src/stm32f1xx_hal_timebase_tim.c.obj
                0x20003658                htim4
 .bss.s_buf     0x200036a0      0x100 CMakeFiles/controlSystem.dir/App/Common/pc_cmd_parser.c.obj
 .bss.s_len     0x200037a0        0x1 CMakeFiles/controlSystem.dir/App/Common/pc_cmd_parser.c.obj
 .bss.s_idx     0x200037a1        0x1 CMakeFiles/controlSystem.dir/App/Common/pc_cmd_parser.c.obj
 .bss.s_state   0x200037a2        0x1 CMakeFiles/controlSystem.dir/App/Common/pc_cmd_parser.c.obj
 *fill*         0x200037a3        0x5 
 .bss.SW        0x200037a8       0x70 CMakeFiles/controlSystem.dir/App/SW/SW.c.obj
                0x200037a8                SW
 .bss.s_ag_cfg  0x20003818       0x18 CMakeFiles/controlSystem.dir/App/SW/SW.c.obj
 .bss.s_ag_state
                0x20003830        0x1 CMakeFiles/controlSystem.dir/App/SW/SW.c.obj
 *fill*         0x20003831        0x3 
 .bss.s_ag_hold_cnt
                0x20003834        0x4 CMakeFiles/controlSystem.dir/App/SW/SW.c.obj
 .bss.s_ag_cycle
                0x20003838        0x4 CMakeFiles/controlSystem.dir/App/SW/SW.c.obj
 .bss.last_send_time.1
                0x2000383c        0x4 CMakeFiles/controlSystem.dir/App/Tasks/DataTask.c.obj
 .bss.packed_frame.0
                0x20003840      0x100 CMakeFiles/controlSystem.dir/App/Tasks/DataTask.c.obj
 .bss.last_tick.0
                0x20003940        0x4 CMakeFiles/controlSystem.dir/App/Tasks/CmdCtrlTask.c.obj
 .bss.global_motor
                0x20003944       0x50 CMakeFiles/controlSystem.dir/BSP/Motor/Motor.c.obj
                0x20003944                global_motor
 .bss.g_servo_tim_handle
                0x20003994       0x48 CMakeFiles/controlSystem.dir/BSP/PWM/servo_pwm.c.obj
                0x20003994                g_servo_tim_handle
 .bss.g_servo_oc_handle
                0x200039dc       0x1c CMakeFiles/controlSystem.dir/BSP/PWM/servo_pwm.c.obj
                0x200039dc                g_servo_oc_handle
 .bss.s_servo_tbl
                0x200039f8       0x60 CMakeFiles/controlSystem.dir/BSP/PWM/servo_pwm.c.obj
 .bss.s_servo_cnt
                0x20003a58        0x1 CMakeFiles/controlSystem.dir/BSP/PWM/servo_pwm.c.obj
 *(COMMON)
                0x20003a5c                        . = ALIGN (0x4)
 *fill*         0x20003a59        0x3 
                0x20003a5c                        _ebss = .
                0x20003a5c                        __bss_end__ = _ebss
                [!provide]                        PROVIDE (__bss_end = .)
                [!provide]                        PROVIDE (__non_tls_bss_start = ADDR (.bss))
                [!provide]                        PROVIDE (__bss_start = __tbss_start)
                [!provide]                        PROVIDE (__bss_size = (__bss_end - __bss_start))

._user_heap_stack
                0x20003a5c      0x604 load address 0x0800806c
                0x20003a60                        . = ALIGN (0x8)
 *fill*         0x20003a5c        0x4 
                [!provide]                        PROVIDE (end = .)
                0x20003a60                        PROVIDE (_end = .)
                0x20003c60                        . = (. + _Min_Heap_Size)
 *fill*         0x20003a60      0x200 
                0x20004060                        . = (. + _Min_Stack_Size)
 *fill*         0x20003c60      0x400 
                0x20004060                        . = ALIGN (0x8)

/DISCARD/
 libc.a:*(*)
 libm.a:*(*)
 libgcc.a:*(*)
OUTPUT(controlSystem.elf elf32-littlearm)
LOAD linker stubs

.ARM.attributes
                0x00000000       0x29
 .ARM.attributes
                0x00000000       0x1d D:/7_code/DevEnv/DevEnv/GNU-tools-for-STM32/bin/../lib/gcc/arm-none-eabi/13.3.1/thumb/v7-m/nofp/crti.o
 .ARM.attributes
                0x0000001d       0x2d D:/7_code/DevEnv/DevEnv/GNU-tools-for-STM32/bin/../lib/gcc/arm-none-eabi/13.3.1/thumb/v7-m/nofp/crtbegin.o
 .ARM.attributes
                0x0000004a       0x2d cmake/stm32cubemx/CMakeFiles/STM32_Drivers.dir/__/__/Core/Src/system_stm32f1xx.c.obj
 .ARM.attributes
                0x00000077       0x2d cmake/stm32cubemx/CMakeFiles/STM32_Drivers.dir/__/__/Drivers/STM32F1xx_HAL_Driver/Src/stm32f1xx_hal_tim.c.obj
 .ARM.attributes
                0x000000a4       0x2d cmake/stm32cubemx/CMakeFiles/STM32_Drivers.dir/__/__/Drivers/STM32F1xx_HAL_Driver/Src/stm32f1xx_hal_tim_ex.c.obj
 .ARM.attributes
                0x000000d1       0x2d cmake/stm32cubemx/CMakeFiles/STM32_Drivers.dir/__/__/Drivers/STM32F1xx_HAL_Driver/Src/stm32f1xx_hal_can.c.obj
 .ARM.attributes
                0x000000fe       0x2d cmake/stm32cubemx/CMakeFiles/STM32_Drivers.dir/__/__/Drivers/STM32F1xx_HAL_Driver/Src/stm32f1xx_hal.c.obj
 .ARM.attributes
                0x0000012b       0x2d cmake/stm32cubemx/CMakeFiles/STM32_Drivers.dir/__/__/Drivers/STM32F1xx_HAL_Driver/Src/stm32f1xx_hal_rcc.c.obj
 .ARM.attributes
                0x00000158       0x2d cmake/stm32cubemx/CMakeFiles/STM32_Drivers.dir/__/__/Drivers/STM32F1xx_HAL_Driver/Src/stm32f1xx_hal_gpio.c.obj
 .ARM.attributes
                0x00000185       0x2d cmake/stm32cubemx/CMakeFiles/STM32_Drivers.dir/__/__/Drivers/STM32F1xx_HAL_Driver/Src/stm32f1xx_hal_dma.c.obj
 .ARM.attributes
                0x000001b2       0x2d cmake/stm32cubemx/CMakeFiles/STM32_Drivers.dir/__/__/Drivers/STM32F1xx_HAL_Driver/Src/stm32f1xx_hal_cortex.c.obj
 .ARM.attributes
                0x000001df       0x2d cmake/stm32cubemx/CMakeFiles/STM32_Drivers.dir/__/__/Drivers/STM32F1xx_HAL_Driver/Src/stm32f1xx_hal_uart.c.obj
 .ARM.attributes
                0x0000020c       0x2d cmake/stm32cubemx/CMakeFiles/FreeRTOS.dir/__/__/Middlewares/Third_Party/FreeRTOS/Source/list.c.obj
 .ARM.attributes
                0x00000239       0x2d cmake/stm32cubemx/CMakeFiles/FreeRTOS.dir/__/__/Middlewares/Third_Party/FreeRTOS/Source/queue.c.obj
 .ARM.attributes
                0x00000266       0x2d cmake/stm32cubemx/CMakeFiles/FreeRTOS.dir/__/__/Middlewares/Third_Party/FreeRTOS/Source/tasks.c.obj
 .ARM.attributes
                0x00000293       0x2d cmake/stm32cubemx/CMakeFiles/FreeRTOS.dir/__/__/Middlewares/Third_Party/FreeRTOS/Source/timers.c.obj
 .ARM.attributes
                0x000002c0       0x2d cmake/stm32cubemx/CMakeFiles/FreeRTOS.dir/__/__/Middlewares/Third_Party/FreeRTOS/Source/CMSIS_RTOS_V2/cmsis_os2.c.obj
 .ARM.attributes
                0x000002ed       0x2d cmake/stm32cubemx/CMakeFiles/FreeRTOS.dir/__/__/Middlewares/Third_Party/FreeRTOS/Source/portable/MemMang/heap_4.c.obj
 .ARM.attributes
                0x0000031a       0x2d cmake/stm32cubemx/CMakeFiles/FreeRTOS.dir/__/__/Middlewares/Third_Party/FreeRTOS/Source/portable/GCC/ARM_CM3/port.c.obj
 .ARM.attributes
                0x00000347       0x2d CMakeFiles/controlSystem.dir/Core/Src/main.c.obj
 .ARM.attributes
                0x00000374       0x2d CMakeFiles/controlSystem.dir/Core/Src/gpio.c.obj
 .ARM.attributes
                0x000003a1       0x2d CMakeFiles/controlSystem.dir/Core/Src/freertos.c.obj
 .ARM.attributes
                0x000003ce       0x2d CMakeFiles/controlSystem.dir/Core/Src/can.c.obj
 .ARM.attributes
                0x000003fb       0x2d CMakeFiles/controlSystem.dir/Core/Src/usart.c.obj
 .ARM.attributes
                0x00000428       0x2d CMakeFiles/controlSystem.dir/Core/Src/stm32f1xx_it.c.obj
 .ARM.attributes
                0x00000455       0x2d CMakeFiles/controlSystem.dir/Core/Src/stm32f1xx_hal_msp.c.obj
 .ARM.attributes
                0x00000482       0x2d CMakeFiles/controlSystem.dir/Core/Src/stm32f1xx_hal_timebase_tim.c.obj
 .ARM.attributes
                0x000004af       0x21 CMakeFiles/controlSystem.dir/startup_stm32f103xb.s.obj
 .ARM.attributes
                0x000004d0       0x2d CMakeFiles/controlSystem.dir/App/Common/pc_cmd_parser.c.obj
 .ARM.attributes
                0x000004fd       0x2d CMakeFiles/controlSystem.dir/App/Common/cmd_packer.c.obj
 .ARM.attributes
                0x0000052a       0x2d CMakeFiles/controlSystem.dir/App/SW/SW.c.obj
 .ARM.attributes
                0x00000557       0x2d CMakeFiles/controlSystem.dir/App/Tasks/DataTask.c.obj
 .ARM.attributes
                0x00000584       0x2d CMakeFiles/controlSystem.dir/App/Tasks/CmdCtrlTask.c.obj
 .ARM.attributes
                0x000005b1       0x2d CMakeFiles/controlSystem.dir/BSP/Motor/Motor.c.obj
 .ARM.attributes
                0x000005de       0x2d CMakeFiles/controlSystem.dir/BSP/PWM/servo_pwm.c.obj
 .ARM.attributes
                0x0000060b       0x1d D:/7_code/DevEnv/DevEnv/GNU-tools-for-STM32/bin/../lib/gcc/arm-none-eabi/13.3.1/thumb/v7-m/nofp\libgcc.a(_arm_addsubsf3.o)
 .ARM.attributes
                0x00000628       0x1d D:/7_code/DevEnv/DevEnv/GNU-tools-for-STM32/bin/../lib/gcc/arm-none-eabi/13.3.1/thumb/v7-m/nofp\libgcc.a(_arm_muldivsf3.o)
 .ARM.attributes
                0x00000645       0x1d D:/7_code/DevEnv/DevEnv/GNU-tools-for-STM32/bin/../lib/gcc/arm-none-eabi/13.3.1/thumb/v7-m/nofp\libgcc.a(_arm_cmpsf2.o)
 .ARM.attributes
                0x00000662       0x1d D:/7_code/DevEnv/DevEnv/GNU-tools-for-STM32/bin/../lib/gcc/arm-none-eabi/13.3.1/thumb/v7-m/nofp\libgcc.a(_arm_fixsfsi.o)
 .ARM.attributes
                0x0000067f       0x1d D:/7_code/DevEnv/DevEnv/GNU-tools-for-STM32/bin/../lib/gcc/arm-none-eabi/13.3.1/thumb/v7-m/nofp\libgcc.a(_arm_fixunssfsi.o)
 .ARM.attributes
                0x0000069c       0x2d D:/7_code/DevEnv/DevEnv/GNU-tools-for-STM32/bin/../lib/gcc/arm-none-eabi/13.3.1/../../../../arm-none-eabi/lib/thumb/v7-m/nofp\libg_nano.a(libc_a-memset.o)
 .ARM.attributes
                0x000006c9       0x2d D:/7_code/DevEnv/DevEnv/GNU-tools-for-STM32/bin/../lib/gcc/arm-none-eabi/13.3.1/../../../../arm-none-eabi/lib/thumb/v7-m/nofp\libg_nano.a(libc_a-init.o)
 .ARM.attributes
                0x000006f6       0x2d D:/7_code/DevEnv/DevEnv/GNU-tools-for-STM32/bin/../lib/gcc/arm-none-eabi/13.3.1/../../../../arm-none-eabi/lib/thumb/v7-m/nofp\libg_nano.a(libc_a-memcpy-stub.o)
 .ARM.attributes
                0x00000723       0x1d D:/7_code/DevEnv/DevEnv/GNU-tools-for-STM32/bin/../lib/gcc/arm-none-eabi/13.3.1/thumb/v7-m/nofp/crtn.o

.comment        0x00000000       0x43
 .comment       0x00000000       0x43 cmake/stm32cubemx/CMakeFiles/STM32_Drivers.dir/__/__/Core/Src/system_stm32f1xx.c.obj
                                 0x44 (size before relaxing)
 .comment       0x00000043       0x44 cmake/stm32cubemx/CMakeFiles/STM32_Drivers.dir/__/__/Drivers/STM32F1xx_HAL_Driver/Src/stm32f1xx_hal_tim.c.obj
 .comment       0x00000043       0x44 cmake/stm32cubemx/CMakeFiles/STM32_Drivers.dir/__/__/Drivers/STM32F1xx_HAL_Driver/Src/stm32f1xx_hal_tim_ex.c.obj
 .comment       0x00000043       0x44 cmake/stm32cubemx/CMakeFiles/STM32_Drivers.dir/__/__/Drivers/STM32F1xx_HAL_Driver/Src/stm32f1xx_hal_can.c.obj
 .comment       0x00000043       0x44 cmake/stm32cubemx/CMakeFiles/STM32_Drivers.dir/__/__/Drivers/STM32F1xx_HAL_Driver/Src/stm32f1xx_hal.c.obj
 .comment       0x00000043       0x44 cmake/stm32cubemx/CMakeFiles/STM32_Drivers.dir/__/__/Drivers/STM32F1xx_HAL_Driver/Src/stm32f1xx_hal_rcc.c.obj
 .comment       0x00000043       0x44 cmake/stm32cubemx/CMakeFiles/STM32_Drivers.dir/__/__/Drivers/STM32F1xx_HAL_Driver/Src/stm32f1xx_hal_gpio.c.obj
 .comment       0x00000043       0x44 cmake/stm32cubemx/CMakeFiles/STM32_Drivers.dir/__/__/Drivers/STM32F1xx_HAL_Driver/Src/stm32f1xx_hal_dma.c.obj
 .comment       0x00000043       0x44 cmake/stm32cubemx/CMakeFiles/STM32_Drivers.dir/__/__/Drivers/STM32F1xx_HAL_Driver/Src/stm32f1xx_hal_cortex.c.obj
 .comment       0x00000043       0x44 cmake/stm32cubemx/CMakeFiles/STM32_Drivers.dir/__/__/Drivers/STM32F1xx_HAL_Driver/Src/stm32f1xx_hal_uart.c.obj
 .comment       0x00000043       0x44 cmake/stm32cubemx/CMakeFiles/FreeRTOS.dir/__/__/Middlewares/Third_Party/FreeRTOS/Source/list.c.obj
 .comment       0x00000043       0x44 cmake/stm32cubemx/CMakeFiles/FreeRTOS.dir/__/__/Middlewares/Third_Party/FreeRTOS/Source/queue.c.obj
 .comment       0x00000043       0x44 cmake/stm32cubemx/CMakeFiles/FreeRTOS.dir/__/__/Middlewares/Third_Party/FreeRTOS/Source/tasks.c.obj
 .comment       0x00000043       0x44 cmake/stm32cubemx/CMakeFiles/FreeRTOS.dir/__/__/Middlewares/Third_Party/FreeRTOS/Source/timers.c.obj
 .comment       0x00000043       0x44 cmake/stm32cubemx/CMakeFiles/FreeRTOS.dir/__/__/Middlewares/Third_Party/FreeRTOS/Source/CMSIS_RTOS_V2/cmsis_os2.c.obj
 .comment       0x00000043       0x44 cmake/stm32cubemx/CMakeFiles/FreeRTOS.dir/__/__/Middlewares/Third_Party/FreeRTOS/Source/portable/MemMang/heap_4.c.obj
 .comment       0x00000043       0x44 cmake/stm32cubemx/CMakeFiles/FreeRTOS.dir/__/__/Middlewares/Third_Party/FreeRTOS/Source/portable/GCC/ARM_CM3/port.c.obj
 .comment       0x00000043       0x44 CMakeFiles/controlSystem.dir/Core/Src/main.c.obj
 .comment       0x00000043       0x44 CMakeFiles/controlSystem.dir/Core/Src/gpio.c.obj
 .comment       0x00000043       0x44 CMakeFiles/controlSystem.dir/Core/Src/freertos.c.obj
 .comment       0x00000043       0x44 CMakeFiles/controlSystem.dir/Core/Src/can.c.obj
 .comment       0x00000043       0x44 CMakeFiles/controlSystem.dir/Core/Src/usart.c.obj
 .comment       0x00000043       0x44 CMakeFiles/controlSystem.dir/Core/Src/stm32f1xx_it.c.obj
 .comment       0x00000043       0x44 CMakeFiles/controlSystem.dir/Core/Src/stm32f1xx_hal_msp.c.obj
 .comment       0x00000043       0x44 CMakeFiles/controlSystem.dir/Core/Src/stm32f1xx_hal_timebase_tim.c.obj
 .comment       0x00000043       0x44 CMakeFiles/controlSystem.dir/App/Common/pc_cmd_parser.c.obj
 .comment       0x00000043       0x44 CMakeFiles/controlSystem.dir/App/Common/cmd_packer.c.obj
 .comment       0x00000043       0x44 CMakeFiles/controlSystem.dir/App/SW/SW.c.obj
 .comment       0x00000043       0x44 CMakeFiles/controlSystem.dir/App/Tasks/DataTask.c.obj
 .comment       0x00000043       0x44 CMakeFiles/controlSystem.dir/App/Tasks/CmdCtrlTask.c.obj
 .comment       0x00000043       0x44 CMakeFiles/controlSystem.dir/BSP/Motor/Motor.c.obj
 .comment       0x00000043       0x44 CMakeFiles/controlSystem.dir/BSP/PWM/servo_pwm.c.obj
 .comment       0x00000043       0x44 D:/7_code/DevEnv/DevEnv/GNU-tools-for-STM32/bin/../lib/gcc/arm-none-eabi/13.3.1/../../../../arm-none-eabi/lib/thumb/v7-m/nofp\libg_nano.a(libc_a-memset.o)
 .comment       0x00000043       0x44 D:/7_code/DevEnv/DevEnv/GNU-tools-for-STM32/bin/../lib/gcc/arm-none-eabi/13.3.1/../../../../arm-none-eabi/lib/thumb/v7-m/nofp\libg_nano.a(libc_a-init.o)
 .comment       0x00000043       0x44 D:/7_code/DevEnv/DevEnv/GNU-tools-for-STM32/bin/../lib/gcc/arm-none-eabi/13.3.1/../../../../arm-none-eabi/lib/thumb/v7-m/nofp\libg_nano.a(libc_a-memcpy-stub.o)

.debug_info     0x00000000    0x1a33a
 .debug_info    0x00000000      0x222 cmake/stm32cubemx/CMakeFiles/STM32_Drivers.dir/__/__/Core/Src/system_stm32f1xx.c.obj
 .debug_info    0x00000222     0x2959 cmake/stm32cubemx/CMakeFiles/STM32_Drivers.dir/__/__/Drivers/STM32F1xx_HAL_Driver/Src/stm32f1xx_hal_tim.c.obj
 .debug_info    0x00002b7b     0x149b cmake/stm32cubemx/CMakeFiles/STM32_Drivers.dir/__/__/Drivers/STM32F1xx_HAL_Driver/Src/stm32f1xx_hal_tim_ex.c.obj
 .debug_info    0x00004016      0xf13 cmake/stm32cubemx/CMakeFiles/STM32_Drivers.dir/__/__/Drivers/STM32F1xx_HAL_Driver/Src/stm32f1xx_hal_can.c.obj
 .debug_info    0x00004f29      0x704 cmake/stm32cubemx/CMakeFiles/STM32_Drivers.dir/__/__/Drivers/STM32F1xx_HAL_Driver/Src/stm32f1xx_hal.c.obj
 .debug_info    0x0000562d      0x7d5 cmake/stm32cubemx/CMakeFiles/STM32_Drivers.dir/__/__/Drivers/STM32F1xx_HAL_Driver/Src/stm32f1xx_hal_rcc.c.obj
 .debug_info    0x00005e02      0x5ab cmake/stm32cubemx/CMakeFiles/STM32_Drivers.dir/__/__/Drivers/STM32F1xx_HAL_Driver/Src/stm32f1xx_hal_gpio.c.obj
 .debug_info    0x000063ad      0x6d2 cmake/stm32cubemx/CMakeFiles/STM32_Drivers.dir/__/__/Drivers/STM32F1xx_HAL_Driver/Src/stm32f1xx_hal_dma.c.obj
 .debug_info    0x00006a7f      0xa87 cmake/stm32cubemx/CMakeFiles/STM32_Drivers.dir/__/__/Drivers/STM32F1xx_HAL_Driver/Src/stm32f1xx_hal_cortex.c.obj
 .debug_info    0x00007506     0x2eed cmake/stm32cubemx/CMakeFiles/STM32_Drivers.dir/__/__/Drivers/STM32F1xx_HAL_Driver/Src/stm32f1xx_hal_uart.c.obj
 .debug_info    0x0000a3f3      0x2af cmake/stm32cubemx/CMakeFiles/FreeRTOS.dir/__/__/Middlewares/Third_Party/FreeRTOS/Source/list.c.obj
 .debug_info    0x0000a6a2     0x1b79 cmake/stm32cubemx/CMakeFiles/FreeRTOS.dir/__/__/Middlewares/Third_Party/FreeRTOS/Source/queue.c.obj
 .debug_info    0x0000c21b     0x21ec cmake/stm32cubemx/CMakeFiles/FreeRTOS.dir/__/__/Middlewares/Third_Party/FreeRTOS/Source/tasks.c.obj
 .debug_info    0x0000e407     0x1488 cmake/stm32cubemx/CMakeFiles/FreeRTOS.dir/__/__/Middlewares/Third_Party/FreeRTOS/Source/timers.c.obj
 .debug_info    0x0000f88f     0x3990 cmake/stm32cubemx/CMakeFiles/FreeRTOS.dir/__/__/Middlewares/Third_Party/FreeRTOS/Source/CMSIS_RTOS_V2/cmsis_os2.c.obj
 .debug_info    0x0001321f      0x4d5 cmake/stm32cubemx/CMakeFiles/FreeRTOS.dir/__/__/Middlewares/Third_Party/FreeRTOS/Source/portable/MemMang/heap_4.c.obj
 .debug_info    0x000136f4      0x494 cmake/stm32cubemx/CMakeFiles/FreeRTOS.dir/__/__/Middlewares/Third_Party/FreeRTOS/Source/portable/GCC/ARM_CM3/port.c.obj
 .debug_info    0x00013b88      0x8c0 CMakeFiles/controlSystem.dir/Core/Src/main.c.obj
 .debug_info    0x00014448      0x170 CMakeFiles/controlSystem.dir/Core/Src/gpio.c.obj
 .debug_info    0x000145b8      0x507 CMakeFiles/controlSystem.dir/Core/Src/freertos.c.obj
 .debug_info    0x00014abf      0x86e CMakeFiles/controlSystem.dir/Core/Src/can.c.obj
 .debug_info    0x0001532d      0xb6f CMakeFiles/controlSystem.dir/Core/Src/usart.c.obj
 .debug_info    0x00015e9c      0xd78 CMakeFiles/controlSystem.dir/Core/Src/stm32f1xx_it.c.obj
 .debug_info    0x00016c14      0x368 CMakeFiles/controlSystem.dir/Core/Src/stm32f1xx_hal_msp.c.obj
 .debug_info    0x00016f7c      0x9a8 CMakeFiles/controlSystem.dir/Core/Src/stm32f1xx_hal_timebase_tim.c.obj
 .debug_info    0x00017924       0x30 CMakeFiles/controlSystem.dir/startup_stm32f103xb.s.obj
 .debug_info    0x00017954      0x4ac CMakeFiles/controlSystem.dir/App/Common/pc_cmd_parser.c.obj
 .debug_info    0x00017e00      0x393 CMakeFiles/controlSystem.dir/App/Common/cmd_packer.c.obj
 .debug_info    0x00018193      0x500 CMakeFiles/controlSystem.dir/App/SW/SW.c.obj
 .debug_info    0x00018693      0x770 CMakeFiles/controlSystem.dir/App/Tasks/DataTask.c.obj
 .debug_info    0x00018e03      0x1f2 CMakeFiles/controlSystem.dir/App/Tasks/CmdCtrlTask.c.obj
 .debug_info    0x00018ff5      0x533 CMakeFiles/controlSystem.dir/BSP/Motor/Motor.c.obj
 .debug_info    0x00019528      0xb06 CMakeFiles/controlSystem.dir/BSP/PWM/servo_pwm.c.obj